 PhysX3CharacterKinematicDEBUG_x64

 Timestamp is 5815f55d (Sun Oct 30 22:27:57 2016)

 Preferred load address is 0000000180000000

 Start         Length     Name                   Class
 0001:00000000 000086a0H .text$di                CODE
 0001:000086a0 000e9960H .text$mn                CODE
 0001:000f2000 00001020H .text$mn$00             CODE
 0001:000f3020 00002069H .text$x                 CODE
 0002:00000000 00000110H .CRT$XCA                DATA
 0002:00000110 00000180H .CRT$XCU                DATA
 0002:00000290 00000110H .CRT$XCZ                DATA
 0002:000003a0 00000110H .CRT$XIA                DATA
 0002:000004b0 00000130H .CRT$XIC                DATA
 0002:000005e0 00000110H .CRT$XIZ                DATA
 0002:000006f0 00000110H .CRT$XPA                DATA
 0002:00000800 00000120H .CRT$XPX                DATA
 0002:00000920 00000110H .CRT$XPXA               DATA
 0002:00000a30 00000110H .CRT$XPZ                DATA
 0002:00000b40 00000110H .CRT$XTA                DATA
 0002:00000c50 00000110H .CRT$XTZ                DATA
 0002:00000d60 000270c8H .rdata                  DATA
 0002:00027e28 0000060cH .rdata$r                DATA
 0002:00028434 000001b4H .rdata$zzzdbg           DATA
 0002:000285e8 00000110H .rtc$IAA                DATA
 0002:000286f8 000001d0H .rtc$IMZ                DATA
 0002:000288c8 00000110H .rtc$IZZ                DATA
 0002:000289d8 00000110H .rtc$TAA                DATA
 0002:00028ae8 000001d0H .rtc$TMZ                DATA
 0002:00028cb8 00000118H .rtc$TZZ                DATA
 0002:00028dd0 00008608H .xdata                  DATA
 0002:000313d8 00000198H .xdata$x                DATA
 0002:00031570 0000035eH .edata                  DATA
 0003:00000000 00000d70H .data                   DATA
 0003:00000d70 00000430H .data$r                 DATA
 0003:000011a0 000022e1H .bss                    DATA
 0004:00000000 0000a8e4H .pdata                  DATA
 0005:00000000 000005b8H .idata$5                DATA
 0005:000005b8 00000028H .idata$2                DATA
 0005:000005e0 00000018H .idata$3                DATA
 0005:000005f8 000005b8H .idata$4                DATA
 0005:00000bb0 000015e4H .idata$6                DATA
 0006:00000000 000001f4H .gfids$x                DATA
 0006:000001f4 000001c2H .gfids$y                DATA
 0007:00000000 0000011bH .00cfg                  DATA
 0008:00000000 000001c0H .rsrc$01                DATA
 0008:000001c0 00000700H .rsrc$02                DATA

  Address         Publics by Value              Rva+Base               Lib:Object

 0000:00000000       ___safe_se_handler_table   0000000000000000     <absolute>
 0000:00000000       __guard_longjmp_table      0000000000000000     <absolute>
 0000:00000000       __guard_fids_table         0000000000000000     <absolute>
 0000:00000000       ___safe_se_handler_count   0000000000000000     <absolute>
 0000:00000000       __guard_fids_count         0000000000000000     <absolute>
 0000:00000000       __guard_iat_count          0000000000000000     <absolute>
 0000:00000000       __guard_longjmp_count      0000000000000000     <absolute>
 0000:00000000       __dynamic_value_reloc_table 0000000000000000     <absolute>
 0000:00000000       __guard_iat_table          0000000000000000     <absolute>
 0000:00000100       __guard_flags              0000000000000100     <absolute>
 0000:00000000       __ImageBase                0000000180000000     <linker-defined>
 0001:000086a0       ??0BoxController@Cct@physx@@QEAA@AEBVPxControllerDesc@2@AEAVPxPhysics@2@PEAVPxScene@2@@Z 00000001800096a0 f   CctBoxController.obj
 0001:00008800       ??1BoxController@Cct@physx@@UEAA@XZ 0000000180009800 f   CctBoxController.obj
 0001:00008850       ?getWorldBox@BoxController@Cct@physx@@UEBA_NAEAUPxExtendedBounds3@3@@Z 0000000180009850 f   CctBoxController.obj
 0001:000088c0       ?setFootPosition@BoxController@Cct@physx@@UEAA_NAEBUPxExtendedVec3@3@@Z 00000001800098c0 f   CctBoxController.obj
 0001:00008950       ?getFootPosition@BoxController@Cct@physx@@UEBA?AUPxExtendedVec3@3@XZ 0000000180009950 f   CctBoxController.obj
 0001:000089e0       ?invalidateCache@BoxController@Cct@physx@@UEAAXXZ 00000001800099e0 f   CctBoxController.obj
 0001:00008a60       ?resize@BoxController@Cct@physx@@UEAAXM@Z 0000000180009a60 f   CctBoxController.obj
 0001:00008b30       ?getHalfHeight@BoxController@Cct@physx@@UEBAMXZ 0000000180009b30 f   CctBoxController.obj
 0001:00008b50       ?getHalfSideExtent@BoxController@Cct@physx@@UEBAMXZ 0000000180009b50 f   CctBoxController.obj
 0001:00008b70       ?getHalfForwardExtent@BoxController@Cct@physx@@UEBAMXZ 0000000180009b70 f   CctBoxController.obj
 0001:00008b90       ?setHalfHeight@BoxController@Cct@physx@@UEAA_NM@Z 0000000180009b90 f   CctBoxController.obj
 0001:00008be0       ?setHalfSideExtent@BoxController@Cct@physx@@UEAA_NM@Z 0000000180009be0 f   CctBoxController.obj
 0001:00008c30       ?setHalfForwardExtent@BoxController@Cct@physx@@UEAA_NM@Z 0000000180009c30 f   CctBoxController.obj
 0001:00008c80       ?updateKinematicProxy@BoxController@Cct@physx@@QEAA_NXZ 0000000180009c80 f   CctBoxController.obj
 0001:00008db0       ?getOBB@BoxController@Cct@physx@@QEBAXAEAVPxExtendedBox@3@@Z 0000000180009db0 f   CctBoxController.obj
 0001:000090b0       ??0PxBoxController@physx@@IEAA@XZ 000000018000a0b0 f i CctBoxController.obj
 0001:000090f0       ??0PxBoxGeometry@physx@@QEAA@XZ 000000018000a0f0 f i CctBoxController.obj
 0001:00009140       ??0PxController@physx@@IEAA@XZ 000000018000a140 f i CctBoxController.obj
 0001:00009160       ??0PxControllerManager@physx@@IEAA@XZ 000000018000a160 f i CctBoxController.obj
 0001:00009180       ??0PxControllerManager@physx@@QEAA@AEBV01@@Z 000000018000a180 f i CctBoxController.obj
 0001:000091b0       ??0PxExtendedBounds3@physx@@QEAA@XZ 000000018000a1b0 f i CctBoxController.obj
 0001:000091f0       ??0PxExtendedVec3@physx@@QEAA@NNN@Z 000000018000a1f0 f i CctBoxController.obj
 0001:00009250       ??0PxExtendedVec3@physx@@QEAA@XZ 000000018000a250 f i CctBoxController.obj
 0001:00009260       ??0PxGeometry@physx@@IEAA@W4Enum@PxGeometryType@1@@Z 000000018000a260 f i CctBoxController.obj
 0001:00009280       ??0PxVec3@physx@@QEAA@AEBV01@@Z 000000018000a280 f i CctBoxController.obj
 0001:000092e0       ??0PxVec3@physx@@QEAA@MMM@Z 000000018000a2e0 f i CctBoxController.obj
 0001:00009340       ??1PxBoxController@physx@@MEAA@XZ 000000018000a340 f i CctBoxController.obj
 0001:00009370       ??1PxController@physx@@MEAA@XZ 000000018000a370 f i CctBoxController.obj
 0001:00009390       ??1PxControllerManager@physx@@MEAA@XZ 000000018000a390 f i CctBoxController.obj
 0001:000093b0       ??3UserAllocated@shdfnd@physx@@SAXPEAX@Z 000000018000a3b0 f i CctBoxController.obj
 0001:000093f0       ??4PxControllerManager@physx@@QEAAAEAV01@AEBV01@@Z 000000018000a3f0 f i CctBoxController.obj
 0001:00009410       ??4PxQuat@physx@@QEAAAEAV01@AEBV01@@Z 000000018000a410 f i CctBoxController.obj
 0001:00009490       ??4PxVec3@physx@@QEAAAEAV01@AEBV01@@Z 000000018000a490 f i CctBoxController.obj
 0001:000094f0       ??DPxVec3@physx@@QEBA?AV01@M@Z 000000018000a4f0 f i CctBoxController.obj
 0001:00009580       ??GPxExtendedVec3@physx@@QEBA?AVPxVec3@1@AEBU01@@Z 000000018000a580 f i CctBoxController.obj
 0001:00009630       ??HPxExtendedVec3@physx@@QEBA?AU01@AEBU01@@Z 000000018000a630 f i CctBoxController.obj
 0001:000096d0       ??XPxExtendedVec3@physx@@QEAAAEAU01@AEBM@Z 000000018000a6d0 f i CctBoxController.obj
 0001:00009770       ??XPxVec3@physx@@QEAAAEAV01@M@Z 000000018000a770 f i CctBoxController.obj
 0001:000097f0       ??YPxExtendedVec3@physx@@QEAAAEAU01@AEBVPxVec3@1@@Z 000000018000a7f0 f i CctBoxController.obj
 0001:00009890       ??ZPxExtendedVec3@physx@@QEAAAEAU01@AEBVPxVec3@1@@Z 000000018000a890 f i CctBoxController.obj
 0001:0000992c       ??_EBoxController@Cct@physx@@W7EAAPEAXI@Z 000000018000a92c f i CctBoxController.obj
 0001:00009940       ??_EPxControllerManager@physx@@MEAAPEAXI@Z 000000018000a940 f i CctBoxController.obj
 0001:00009a10       ??_EBoxController@Cct@physx@@UEAAPEAXI@Z 000000018000aa10 f i CctBoxController.obj
 0001:00009a10       ??_GBoxController@Cct@physx@@UEAAPEAXI@Z 000000018000aa10 f i CctBoxController.obj
 0001:00009a80       ??_GPxBoxController@physx@@MEAAPEAXI@Z 000000018000aa80 f i CctBoxController.obj
 0001:00009a80       ??_EPxBoxController@physx@@MEAAPEAXI@Z 000000018000aa80 f i CctBoxController.obj
 0001:00009ad0       ??_EPxController@physx@@MEAAPEAXI@Z 000000018000aad0 f i CctBoxController.obj
 0001:00009ad0       ??_GPxController@physx@@MEAAPEAXI@Z 000000018000aad0 f i CctBoxController.obj
 0001:00009b20       ??_GPxControllerManager@physx@@MEAAPEAXI@Z 000000018000ab20 f i CctBoxController.obj
 0001:00009b70       ??_H@YAXPEAX_K1P6APEAX0@Z@Z 000000018000ab70 f i CctBoxController.obj
 0001:00009c10       ??_I@YAXPEAX_K1P6AX0@Z@Z   000000018000ac10 f i CctBoxController.obj
 0001:00009cd0       ?__empty_global_delete@@YAXPEAX@Z 000000018000acd0 f i CctBoxController.obj
 0001:00009ce0       ?__global_delete@@YAXPEAX_K@Z 000000018000ace0 f i CctBoxController.obj
 0001:00009ce0       ?__empty_global_delete@@YAXPEAX_K@Z 000000018000ace0 f i CctBoxController.obj
 0001:00009cf0       ?createController@PxControllerManager@physx@@UEAAPEAVPxController@2@AEAVPxPhysics@2@PEAVPxScene@2@AEBVPxControllerDesc@2@@Z 000000018000acf0 f i CctBoxController.obj
 0001:00009d90       ?getActor@BoxController@Cct@physx@@UEBAPEAVPxRigidDynamic@3@XZ 000000018000ad90 f i CctBoxController.obj
 0001:00009db0       ?getCenter@physx@@YAXAEBUPxExtendedBounds3@1@AEAUPxExtendedVec3@1@@Z 000000018000adb0 f i CctBoxController.obj
 0001:00009e30       ?getContactOffset@BoxController@Cct@physx@@UEBAMXZ 000000018000ae30 f i CctBoxController.obj
 0001:00009e50       ?getExtents@physx@@YAXAEBUPxExtendedBounds3@1@AEAVPxVec3@1@@Z 000000018000ae50 f i CctBoxController.obj
 0001:00009eb0       ?getHalfHeightInternal@BoxController@Cct@physx@@UEBAMXZ 000000018000aeb0 f i CctBoxController.obj
 0001:00009ed0       ?getNonWalkableMode@BoxController@Cct@physx@@UEBA?AW4Enum@PxControllerNonWalkableMode@3@XZ 000000018000aed0 f i CctBoxController.obj
 0001:00009ef0       ?getPosition@BoxController@Cct@physx@@UEBAAEBUPxExtendedVec3@3@XZ 000000018000aef0 f i CctBoxController.obj
 0001:00009f10       ?getPxController@BoxController@Cct@physx@@UEAAPEAVPxController@3@XZ 000000018000af10 f i CctBoxController.obj
 0001:00009f30       ?getScene@BoxController@Cct@physx@@UEAAPEAVPxScene@3@XZ 000000018000af30 f i CctBoxController.obj
 0001:00009f50       ?getSlopeLimit@BoxController@Cct@physx@@UEBAMXZ 000000018000af50 f i CctBoxController.obj
 0001:00009f70       ?getState@BoxController@Cct@physx@@UEBAXAEAUPxControllerState@3@@Z 000000018000af70 f i CctBoxController.obj
 0001:00009fb0       ?getStats@BoxController@Cct@physx@@UEBAXAEAUPxControllerStats@3@@Z 000000018000afb0 f i CctBoxController.obj
 0001:00009ff0       ?getStepOffset@BoxController@Cct@physx@@UEBAMXZ 000000018000aff0 f i CctBoxController.obj
 0001:0000a010       ?getType@BoxController@Cct@physx@@UEBA?AW4Enum@PxControllerShapeType@3@XZ 000000018000b010 f i CctBoxController.obj
 0001:0000a030       ?getUpDirection@BoxController@Cct@physx@@UEBA?AVPxVec3@3@XZ 000000018000b030 f i CctBoxController.obj
 0001:0000a070       ?getUserData@BoxController@Cct@physx@@UEBAPEAXXZ 000000018000b070 f i CctBoxController.obj
 0001:0000a090       ?lock@?$MutexT@V?$ReflectionAllocator@VMutexImpl@shdfnd@physx@@@shdfnd@physx@@@shdfnd@physx@@QEBAXXZ 000000018000b090 f i CctBoxController.obj
 0001:0000a0c0       ?release@BoxController@Cct@physx@@UEAAXXZ 000000018000b0c0 f i CctBoxController.obj
 0001:0000a0f0       ?setCenterExtents@physx@@YAXAEAUPxExtendedBounds3@1@AEBUPxExtendedVec3@1@AEBVPxVec3@1@@Z 000000018000b0f0 f i CctBoxController.obj
 0001:0000a180       ?setContactOffset@BoxController@Cct@physx@@UEAAXM@Z 000000018000b180 f i CctBoxController.obj
 0001:0000a1c0       ?setNonWalkableMode@BoxController@Cct@physx@@UEAAXW4Enum@PxControllerNonWalkableMode@3@@Z 000000018000b1c0 f i CctBoxController.obj
 0001:0000a1e0       ?setPosition@BoxController@Cct@physx@@UEAA_NAEBUPxExtendedVec3@3@@Z 000000018000b1e0 f i CctBoxController.obj
 0001:0000a220       ?setSlopeLimit@BoxController@Cct@physx@@UEAAXM@Z 000000018000b220 f i CctBoxController.obj
 0001:0000a260       ?setStepOffset@BoxController@Cct@physx@@UEAAXM@Z 000000018000b260 f i CctBoxController.obj
 0001:0000a2a0       ?setUpDirection@BoxController@Cct@physx@@UEAAXAEBVPxVec3@3@@Z 000000018000b2a0 f i CctBoxController.obj
 0001:0000a2e0       ?setUserData@BoxController@Cct@physx@@UEAAXPEAX@Z 000000018000b2e0 f i CctBoxController.obj
 0001:0000a300       ?unlock@?$MutexT@V?$ReflectionAllocator@VMutexImpl@shdfnd@physx@@@shdfnd@physx@@@shdfnd@physx@@QEBAXXZ 000000018000b300 f i CctBoxController.obj
 0001:0000a330       ??0CapsuleController@Cct@physx@@QEAA@AEBVPxControllerDesc@2@AEAVPxPhysics@2@PEAVPxScene@2@@Z 000000018000b330 f   CctCapsuleController.obj
 0001:0000a480       ??1CapsuleController@Cct@physx@@UEAA@XZ 000000018000b480 f   CctCapsuleController.obj
 0001:0000a4d0       ?getWorldBox@CapsuleController@Cct@physx@@UEBA_NAEAUPxExtendedBounds3@3@@Z 000000018000b4d0 f   CctCapsuleController.obj
 0001:0000a560       ?setFootPosition@CapsuleController@Cct@physx@@UEAA_NAEBUPxExtendedVec3@3@@Z 000000018000b560 f   CctCapsuleController.obj
 0001:0000a600       ?getFootPosition@CapsuleController@Cct@physx@@UEBA?AUPxExtendedVec3@3@XZ 000000018000b600 f   CctCapsuleController.obj
 0001:0000a6b0       ?invalidateCache@CapsuleController@Cct@physx@@UEAAXXZ 000000018000b6b0 f   CctCapsuleController.obj
 0001:0000a730       ?resize@CapsuleController@Cct@physx@@UEAAXM@Z 000000018000b730 f   CctCapsuleController.obj
 0001:0000a830       ?getClimbingMode@CapsuleController@Cct@physx@@UEBA?AW4Enum@PxCapsuleClimbingMode@3@XZ 000000018000b830 f   CctCapsuleController.obj
 0001:0000a850       ?setRadius@CapsuleController@Cct@physx@@UEAA_NM@Z 000000018000b850 f   CctCapsuleController.obj
 0001:0000a960       ?setHeight@CapsuleController@Cct@physx@@UEAA_NM@Z 000000018000b960 f   CctCapsuleController.obj
 0001:0000aa70       ?setClimbingMode@CapsuleController@Cct@physx@@UEAA_NW4Enum@PxCapsuleClimbingMode@3@@Z 000000018000ba70 f   CctCapsuleController.obj
 0001:0000aaa0       ?getCapsule@CapsuleController@Cct@physx@@QEBAXAEAUPxExtendedCapsule@3@@Z 000000018000baa0 f   CctCapsuleController.obj
 0001:0000ae30       ??0PxCapsuleController@physx@@IEAA@XZ 000000018000be30 f i CctCapsuleController.obj
 0001:0000ae70       ??0PxCapsuleGeometry@physx@@QEAA@XZ 000000018000be70 f i CctCapsuleController.obj
 0001:0000aec0       ??1PxCapsuleController@physx@@MEAA@XZ 000000018000bec0 f i CctCapsuleController.obj
 0001:0000aef0       ??_ECapsuleController@Cct@physx@@W7EAAPEAXI@Z 000000018000bef0 f i CctCapsuleController.obj
 0001:0000af00       ??_ECapsuleController@Cct@physx@@UEAAPEAXI@Z 000000018000bf00 f i CctCapsuleController.obj
 0001:0000af00       ??_GCapsuleController@Cct@physx@@UEAAPEAXI@Z 000000018000bf00 f i CctCapsuleController.obj
 0001:0000af70       ??_GPxCapsuleController@physx@@MEAAPEAXI@Z 000000018000bf70 f i CctCapsuleController.obj
 0001:0000af70       ??_EPxCapsuleController@physx@@MEAAPEAXI@Z 000000018000bf70 f i CctCapsuleController.obj
 0001:0000afc0       ?getActor@CapsuleController@Cct@physx@@UEBAPEAVPxRigidDynamic@3@XZ 000000018000bfc0 f i CctCapsuleController.obj
 0001:0000afe0       ?getContactOffset@CapsuleController@Cct@physx@@UEBAMXZ 000000018000bfe0 f i CctCapsuleController.obj
 0001:0000b000       ?getHalfHeightInternal@CapsuleController@Cct@physx@@UEBAMXZ 000000018000c000 f i CctCapsuleController.obj
 0001:0000b040       ?getHeight@CapsuleController@Cct@physx@@UEBAMXZ 000000018000c040 f i CctCapsuleController.obj
 0001:0000b060       ?getNonWalkableMode@CapsuleController@Cct@physx@@UEBA?AW4Enum@PxControllerNonWalkableMode@3@XZ 000000018000c060 f i CctCapsuleController.obj
 0001:0000b080       ?getPosition@CapsuleController@Cct@physx@@UEBAAEBUPxExtendedVec3@3@XZ 000000018000c080 f i CctCapsuleController.obj
 0001:0000b0a0       ?getPxController@CapsuleController@Cct@physx@@UEAAPEAVPxController@3@XZ 000000018000c0a0 f i CctCapsuleController.obj
 0001:0000b0c0       ?getRadius@CapsuleController@Cct@physx@@UEBAMXZ 000000018000c0c0 f i CctCapsuleController.obj
 0001:0000b0e0       ?getScene@CapsuleController@Cct@physx@@UEAAPEAVPxScene@3@XZ 000000018000c0e0 f i CctCapsuleController.obj
 0001:0000b100       ?getSlopeLimit@CapsuleController@Cct@physx@@UEBAMXZ 000000018000c100 f i CctCapsuleController.obj
 0001:0000b120       ?getState@CapsuleController@Cct@physx@@UEBAXAEAUPxControllerState@3@@Z 000000018000c120 f i CctCapsuleController.obj
 0001:0000b160       ?getStats@CapsuleController@Cct@physx@@UEBAXAEAUPxControllerStats@3@@Z 000000018000c160 f i CctCapsuleController.obj
 0001:0000b1a0       ?getStepOffset@CapsuleController@Cct@physx@@UEBAMXZ 000000018000c1a0 f i CctCapsuleController.obj
 0001:0000b1c0       ?getType@CapsuleController@Cct@physx@@UEBA?AW4Enum@PxControllerShapeType@3@XZ 000000018000c1c0 f i CctCapsuleController.obj
 0001:0000b1e0       ?getUpDirection@CapsuleController@Cct@physx@@UEBA?AVPxVec3@3@XZ 000000018000c1e0 f i CctCapsuleController.obj
 0001:0000b220       ?getUserData@CapsuleController@Cct@physx@@UEBAPEAXXZ 000000018000c220 f i CctCapsuleController.obj
 0001:0000b240       ?release@CapsuleController@Cct@physx@@UEAAXXZ 000000018000c240 f i CctCapsuleController.obj
 0001:0000b270       ?setContactOffset@CapsuleController@Cct@physx@@UEAAXM@Z 000000018000c270 f i CctCapsuleController.obj
 0001:0000b2b0       ?setNonWalkableMode@CapsuleController@Cct@physx@@UEAAXW4Enum@PxControllerNonWalkableMode@3@@Z 000000018000c2b0 f i CctCapsuleController.obj
 0001:0000b2d0       ?setPosition@CapsuleController@Cct@physx@@UEAA_NAEBUPxExtendedVec3@3@@Z 000000018000c2d0 f i CctCapsuleController.obj
 0001:0000b310       ?setSlopeLimit@CapsuleController@Cct@physx@@UEAAXM@Z 000000018000c310 f i CctCapsuleController.obj
 0001:0000b350       ?setStepOffset@CapsuleController@Cct@physx@@UEAAXM@Z 000000018000c350 f i CctCapsuleController.obj
 0001:0000b390       ?setUpDirection@CapsuleController@Cct@physx@@UEAAXAEBVPxVec3@3@@Z 000000018000c390 f i CctCapsuleController.obj
 0001:0000b3d0       ?setUserData@CapsuleController@Cct@physx@@UEAAXPEAX@Z 000000018000c3d0 f i CctCapsuleController.obj
 0001:0000b3f0       ??0CCTParams@Cct@physx@@QEAA@XZ 000000018000c3f0 f   CctCharacterController.obj
 0001:0000b4c0       ??0SweepTest@Cct@physx@@QEAA@XZ 000000018000c4c0 f   CctCharacterController.obj
 0001:0000b8e0       ??1SweepTest@Cct@physx@@QEAA@XZ 000000018000c8e0 f   CctCharacterController.obj
 0001:0000b930       ?moveCharacter@SweepTest@Cct@physx@@QEAA?AV?$PxFlags@W4Enum@PxControllerCollisionFlag@physx@@E@3@PEBUInternalCBData_FindTouchedGeom@23@PEBUInternalCBData_OnHit@23@AEAVSweptVolume@23@AEBVPxVec3@3@AEBUUserObstacles@23@MAEBVPxControllerFilters@3@_N6@Z 000000018000c930 f   CctCharacterController.obj
 0001:0000c710       ?doSweepTest@SweepTest@Cct@physx@@QEAA_NPEBUInternalCBData_FindTouchedGeom@23@PEBUInternalCBData_OnHit@23@AEBUUserObstacles@23@AEAVSweptVolume@23@AEBVPxVec3@3@4IPEAIMAEBVPxControllerFilters@3@W4SweepPass@23@@Z 000000018000d710 f   CctCharacterController.obj
 0001:0000d4d0       ?findTouchedObstacles@SweepTest@Cct@physx@@QEAAXAEBUUserObstacles@23@AEBUPxExtendedBounds3@3@@Z 000000018000e4d0 f   CctCharacterController.obj
 0001:0000db30       ?voidTestCache@SweepTest@Cct@physx@@QEAAXXZ 000000018000eb30 f   CctCharacterController.obj
 0001:0000db90       ?onRelease@SweepTest@Cct@physx@@QEAAXAEBVPxBase@3@@Z 000000018000eb90 f   CctCharacterController.obj
 0001:0000dc70       ?onObstacleRemoved@SweepTest@Cct@physx@@QEAAXI@Z 000000018000ec70 f   CctCharacterController.obj
 0001:0000dca0       ?onObstacleUpdated@SweepTest@Cct@physx@@QEAAXIPEBVPxObstacleContext@3@AEBVPxVec3@3@1M@Z 000000018000eca0 f   CctCharacterController.obj
 0001:0000de90       ?onObstacleAdded@SweepTest@Cct@physx@@QEAAXIPEBVPxObstacleContext@3@AEBVPxVec3@3@1M@Z 000000018000ee90 f   CctCharacterController.obj
 0001:0000e0b0       ?onOriginShift@SweepTest@Cct@physx@@QEAAXAEBVPxVec3@3@@Z 000000018000f0b0 f   CctCharacterController.obj
 0001:0000e220       ?updateTouchedGeoms@SweepTest@Cct@physx@@AEAAXPEBUInternalCBData_FindTouchedGeom@23@AEBUUserObstacles@23@AEBUPxExtendedBounds3@3@AEBVPxControllerFilters@3@AEBVPxVec3@3@@Z 000000018000f220 f   CctCharacterController.obj
 0001:0000eb60       ?findTouchedObject@Controller@Cct@physx@@IEAAXAEBVPxControllerFilters@3@PEBVPxObstacleContext@3@AEBVPxVec3@3@@Z 000000018000fb60 f   CctCharacterController.obj
 0001:0000f3d0       ?rideOnTouchedObject@Controller@Cct@physx@@IEAA_NAEAVSweptVolume@23@AEBVPxVec3@3@AEAV53@PEBVPxObstacleContext@3@@Z 00000001800103d0 f   CctCharacterController.obj
 0001:0000fa70       ?move@Controller@Cct@physx@@IEAA?AV?$PxFlags@W4Enum@PxControllerCollisionFlag@physx@@E@3@AEAVSweptVolume@23@AEBVPxVec3@3@MMAEBVPxControllerFilters@3@PEBVPxObstacleContext@3@_N@Z 0000000180010a70 f   CctCharacterController.obj
 0001:00011010       ?filterTouchedShape@Controller@Cct@physx@@IEAA_NAEBVPxControllerFilters@3@@Z 0000000180012010 f   CctCharacterController.obj
 0001:000145b0       ?move@BoxController@Cct@physx@@UEAA?AV?$PxFlags@W4Enum@PxControllerCollisionFlag@physx@@E@3@AEBVPxVec3@3@MMAEBVPxControllerFilters@3@PEBVPxObstacleContext@3@@Z 00000001800155b0 f   CctCharacterController.obj
 0001:00014700       ?move@CapsuleController@Cct@physx@@UEAA?AV?$PxFlags@W4Enum@PxControllerCollisionFlag@physx@@E@3@AEBVPxVec3@3@MMAEBVPxControllerFilters@3@PEBVPxObstacleContext@3@@Z 0000000180015700 f   CctCharacterController.obj
 0001:00016d80       ??$PX_UNUSED@I@@YAXAEBI@Z  0000000180017d80 f i CctCharacterController.obj
 0001:00016d90       ??$PX_UNUSED@PEBUPxRaycastHit@physx@@@@YAXAEBQEBUPxRaycastHit@physx@@@Z 0000000180017d90 f i CctCharacterController.obj
 0001:00016da0       ??$PX_UNUSED@W4PxIDENTITY@physx@@@@YAXAEBW4PxIDENTITY@physx@@@Z 0000000180017da0 f i CctCharacterController.obj
 0001:00016db0       ??$PxMax@N@physx@@YANNN@Z  0000000180017db0 f i CctCharacterController.obj
 0001:00016e00       ??$PxMin@N@physx@@YANNN@Z  0000000180017e00 f i CctCharacterController.obj
 0001:00016e50       ??$PxUnionCast@PEBVPxGeometry@physx@@PEAY03$$CBE@physx@@YAPEBVPxGeometry@0@PEAY03$$CBE@Z 0000000180017e50 f i CctCharacterController.obj
 0001:00016e80       ??$reserve@IVNamedAllocator@shdfnd@physx@@@Cct@physx@@YAPEAIAEAV?$Array@IVNamedAllocator@shdfnd@physx@@@shdfnd@1@I@Z 0000000180017e80 f i CctCharacterController.obj
 0001:00016ee0       ??0?$Array@IVNamedAllocator@shdfnd@physx@@@shdfnd@physx@@QEAA@AEBVNamedAllocator@12@@Z 0000000180017ee0 f i CctCharacterController.obj
 0001:00016f40       ??0?$Array@VPxTriangle@physx@@VNamedAllocator@shdfnd@2@@shdfnd@physx@@QEAA@AEBVNamedAllocator@12@@Z 0000000180017f40 f i CctCharacterController.obj
 0001:00016fa0       ??0?$PxFlags@W4Enum@PxControllerCollisionFlag@physx@@E@physx@@QEAA@AEBV01@@Z 0000000180017fa0 f i CctCharacterController.obj
 0001:00016fd0       ??0?$PxFlags@W4Enum@PxControllerCollisionFlag@physx@@E@physx@@QEAA@E@Z 0000000180017fd0 f i CctCharacterController.obj
 0001:00017000       ??0?$PxFlags@W4Enum@PxHitFlag@physx@@G@physx@@QEAA@AEBV01@@Z 0000000180018000 f i CctCharacterController.obj
 0001:00017030       ??0?$PxFlags@W4Enum@PxHitFlag@physx@@G@physx@@QEAA@G@Z 0000000180018030 f i CctCharacterController.obj
 0001:00017060       ??0?$PxFlags@W4Enum@PxHitFlag@physx@@G@physx@@QEAA@W4Enum@PxHitFlag@1@@Z 0000000180018060 f i CctCharacterController.obj
 0001:00017090       ??0?$PxFlags@W4Enum@PxQueryFlag@physx@@G@physx@@QEAA@AEBV01@@Z 0000000180018090 f i CctCharacterController.obj
 0001:000170c0       ??0?$PxFlags@W4Enum@PxQueryFlag@physx@@G@physx@@QEAA@W4Enum@PxQueryFlag@1@@Z 00000001800180c0 f i CctCharacterController.obj
 0001:000170f0       ??0?$PxFlags@W4Enum@PxQueryFlag@physx@@G@physx@@QEAA@XZ 00000001800180f0 f i CctCharacterController.obj
 0001:00017110       ??0?$PxFlags@W4Enum@PxShapeFlag@physx@@E@physx@@QEAA@AEBV01@@Z 0000000180018110 f i CctCharacterController.obj
 0001:00017140       ??0?$PxHitBuffer@UPxRaycastHit@physx@@@physx@@QEAA@PEAUPxRaycastHit@1@I@Z 0000000180018140 f i CctCharacterController.obj
 0001:00017190       ??0?$PxHitCallback@UPxRaycastHit@physx@@@physx@@QEAA@PEAUPxRaycastHit@1@I@Z 0000000180018190 f i CctCharacterController.obj
 0001:00017250       ??0CCTFilter@Cct@physx@@QEAA@XZ 0000000180018250 f i CctCharacterController.obj
 0001:000172c0       ??0ControllerFilter@@QEAA@XZ 00000001800182c0 f i CctCharacterController.obj
 0001:00017310       ??0DebugBox@Cm@physx@@QEAA@AEBVPxBounds3@2@_N@Z 0000000180018310 f i CctCharacterController.obj
 0001:00017380       ??0DebugBox@Cm@physx@@QEAA@AEBVPxVec3@2@_N@Z 0000000180018380 f i CctCharacterController.obj
 0001:000173f0       ??0Matrix34@Cm@physx@@QEAA@XZ 00000001800183f0 f i CctCharacterController.obj
 0001:00017460       ??0PxActorShape@physx@@QEAA@XZ 0000000180018460 f i CctCharacterController.obj
 0001:00017490       ??0PxBounds3@physx@@QEAA@AEBVPxVec3@1@0@Z 0000000180018490 f i CctCharacterController.obj
 0001:000174f0       ??0PxBoxGeometry@physx@@QEAA@VPxVec3@1@@Z 00000001800184f0 f i CctCharacterController.obj
 0001:00017540       ??0PxCapsuleGeometry@physx@@QEAA@MM@Z 0000000180018540 f i CctCharacterController.obj
 0001:000175b0       ??0PxExtendedBox@physx@@QEAA@AEBV01@@Z 00000001800185b0 f i CctCharacterController.obj
 0001:00017630       ??0PxExtendedBox@physx@@QEAA@XZ 0000000180018630 f i CctCharacterController.obj
 0001:00017690       ??0PxExtendedCapsule@physx@@QEAA@XZ 0000000180018690 f i CctCharacterController.obj
 0001:000176c0       ??0PxExtendedSegment@physx@@QEAA@XZ 00000001800186c0 f i CctCharacterController.obj
 0001:00017700       ??0PxFilterData@physx@@QEAA@XZ 0000000180018700 f i CctCharacterController.obj
 0001:00017750       ??0PxLocationHit@physx@@QEAA@XZ 0000000180018750 f i CctCharacterController.obj
 0001:000177e0       ??0PxMat33@physx@@QEAA@AEBVPxQuat@1@@Z 00000001800187e0 f i CctCharacterController.obj
 0001:00017b20       ??0PxMat33@physx@@QEAA@W4PxIDENTITY@1@@Z 0000000180018b20 f i CctCharacterController.obj
 0001:00017bc0       ??0PxQuat@physx@@QEAA@AEBV01@@Z 0000000180018bc0 f i CctCharacterController.obj
 0001:00017c40       ??0PxQuat@physx@@QEAA@MMMM@Z 0000000180018c40 f i CctCharacterController.obj
 0001:00017cc0       ??0PxQuat@physx@@QEAA@W4PxIDENTITY@1@@Z 0000000180018cc0 f i CctCharacterController.obj
 0001:00017d30       ??0PxQuat@physx@@QEAA@XZ   0000000180018d30 f i CctCharacterController.obj
 0001:00017d40       ??0PxQueryFilterCallback@physx@@QEAA@XZ 0000000180018d40 f i CctCharacterController.obj
 0001:00017d60       ??0PxQueryFilterData@physx@@QEAA@AEBUPxFilterData@1@V?$PxFlags@W4Enum@PxQueryFlag@physx@@G@1@@Z 0000000180018d60 f i CctCharacterController.obj
 0001:00017dd0       ??0PxQueryHit@physx@@QEAA@XZ 0000000180018dd0 f i CctCharacterController.obj
 0001:00017e10       ??0PxRaycastHit@physx@@QEAA@XZ 0000000180018e10 f i CctCharacterController.obj
 0001:00017e60       ??0PxSphereGeometry@physx@@QEAA@XZ 0000000180018e60 f i CctCharacterController.obj
 0001:00017ea0       ??0PxSweepHit@physx@@QEAA@XZ 0000000180018ea0 f i CctCharacterController.obj
 0001:00017ed0       ??0PxTransform@physx@@QEAA@AEBVPxVec3@1@AEBVPxQuat@1@@Z 0000000180018ed0 f i CctCharacterController.obj
 0001:00017fa0       ??0PxTransform@physx@@QEAA@XZ 0000000180018fa0 f i CctCharacterController.obj
 0001:00017fe0       ??0PxVec3@physx@@QEAA@M@Z  0000000180018fe0 f i CctCharacterController.obj
 0001:00018030       ??0PxVec3@physx@@QEAA@XZ   0000000180019030 f i CctCharacterController.obj
 0001:00018040       ??0SIMDGuard@shdfnd@physx@@QEAA@XZ 0000000180019040 f i CctCharacterController.obj
 0001:00018080       ??0SweptContact@Cct@physx@@QEAA@XZ 0000000180019080 f i CctCharacterController.obj
 0001:000180c0       ??1?$Array@IVNamedAllocator@shdfnd@physx@@@shdfnd@physx@@QEAA@XZ 00000001800190c0 f i CctCharacterController.obj
 0001:00018150       ??1?$Array@VPxTriangle@physx@@VNamedAllocator@shdfnd@2@@shdfnd@physx@@QEAA@XZ 0000000180019150 f i CctCharacterController.obj
 0001:000181e0       ??1?$PxHitBuffer@UPxRaycastHit@physx@@@physx@@UEAA@XZ 00000001800191e0 f i CctCharacterController.obj
 0001:00018210       ??1?$PxHitCallback@UPxRaycastHit@physx@@@physx@@UEAA@XZ 0000000180019210 f i CctCharacterController.obj
 0001:00018230       ??1ControllerFilter@@UEAA@XZ 0000000180019230 f i CctCharacterController.obj
 0001:00018250       ??1PxExtendedBox@physx@@QEAA@XZ 0000000180019250 f i CctCharacterController.obj
 0001:00018260       ??1PxQueryFilterCallback@physx@@UEAA@XZ 0000000180019260 f i CctCharacterController.obj
 0001:00018280       ??1PxTriangle@physx@@QEAA@XZ 0000000180019280 f i CctCharacterController.obj
 0001:00018290       ??1SIMDGuard@shdfnd@physx@@QEAA@XZ 0000000180019290 f i CctCharacterController.obj
 0001:000182c0       ??2@YAPEAX_KPEAX@Z         00000001800192c0 f i CctCharacterController.obj
 0001:000182e0       ??4?$PxFlags@W4Enum@PxControllerCollisionFlag@physx@@E@physx@@QEAAAEAV01@AEBV01@@Z 00000001800192e0 f i CctCharacterController.obj
 0001:00018310       ??4?$PxFlags@W4Enum@PxHitFlag@physx@@G@physx@@QEAAAEAV01@AEBV01@@Z 0000000180019310 f i CctCharacterController.obj
 0001:00018340       ??4?$PxFlags@W4Enum@PxQueryFlag@physx@@G@physx@@QEAAAEAV01@AEBV01@@Z 0000000180019340 f i CctCharacterController.obj
 0001:00018370       ??4CCTParams@Cct@physx@@QEAAAEAU012@AEBU012@@Z 0000000180019370 f i CctCharacterController.obj
 0001:000184e0       ??4PxExtendedBox@physx@@QEAAAEAV01@AEBV01@@Z 00000001800194e0 f i CctCharacterController.obj
 0001:00018560       ??4PxLocationHit@physx@@QEAAAEAU01@AEBU01@@Z 0000000180019560 f i CctCharacterController.obj
 0001:00018620       ??4PxRaycastHit@physx@@QEAAAEAU01@AEBU01@@Z 0000000180019620 f i CctCharacterController.obj
 0001:00018690       ??4PxTransform@physx@@QEAAAEAV01@$$QEAV01@@Z 0000000180019690 f i CctCharacterController.obj
 0001:000186f0       ??4SweptContact@Cct@physx@@QEAAAEAU012@AEBU012@@Z 00000001800196f0 f i CctCharacterController.obj
 0001:000187a0       ??A?$Array@IVNamedAllocator@shdfnd@physx@@@shdfnd@physx@@QEBAAEBII@Z 00000001800197a0 f i CctCharacterController.obj
 0001:00018840       ??A?$Array@UInternalBoxObstacle@ObstacleContext@Cct@physx@@VNamedAllocator@shdfnd@4@@shdfnd@physx@@QEBAAEBUInternalBoxObstacle@ObstacleContext@Cct@2@I@Z 0000000180019840 f i CctCharacterController.obj
 0001:000188e0       ??A?$Array@UInternalCapsuleObstacle@ObstacleContext@Cct@physx@@VNamedAllocator@shdfnd@4@@shdfnd@physx@@QEBAAEBUInternalCapsuleObstacle@ObstacleContext@Cct@2@I@Z 00000001800198e0 f i CctCharacterController.obj
 0001:00018980       ??A?$Array@VPxTriangle@physx@@VNamedAllocator@shdfnd@2@@shdfnd@physx@@QEAAAEAVPxTriangle@2@I@Z 0000000180019980 f i CctCharacterController.obj
 0001:00018a20       ??A?$Array@VPxTriangle@physx@@VNamedAllocator@shdfnd@2@@shdfnd@physx@@QEBAAEBVPxTriangle@2@I@Z 0000000180019a20 f i CctCharacterController.obj
 0001:00018ac0       ??B?$PxFlags@W4Enum@PxControllerBehaviorFlag@physx@@E@physx@@QEBAIXZ 0000000180019ac0 f i CctCharacterController.obj
 0001:00018ae0       ??B?$PxFlags@W4Enum@PxControllerDebugRenderFlag@physx@@I@physx@@QEBAIXZ 0000000180019ae0 f i CctCharacterController.obj
 0001:00018af0       ??B?$PxFlags@W4Enum@PxQueryFlag@physx@@G@physx@@QEBA_NXZ 0000000180019af0 f i CctCharacterController.obj
 0001:00018b30       ??B?$PxFlags@W4Enum@PxShapeFlag@physx@@E@physx@@QEBA_NXZ 0000000180019b30 f i CctCharacterController.obj
 0001:00018b70       ??DPxQuat@physx@@QEBA?AV01@AEBV01@@Z 0000000180019b70 f i CctCharacterController.obj
 0001:00018d80       ??DPxTransform@physx@@QEBA?AV01@AEBV01@@Z 0000000180019d80 f i CctCharacterController.obj
 0001:00018e30       ??GPxVec3@physx@@QEBA?AV01@AEBV01@@Z 0000000180019e30 f i CctCharacterController.obj
 0001:00018ed0       ??GPxVec3@physx@@QEBA?AV01@XZ 0000000180019ed0 f i CctCharacterController.obj
 0001:00018f60       ??HPxVec3@physx@@QEBA?AV01@AEBV01@@Z 0000000180019f60 f i CctCharacterController.obj
 0001:00019000       ??I?$PxFlags@W4Enum@PxQueryFlag@physx@@G@physx@@QEBA?AV01@W4Enum@PxQueryFlag@1@@Z 000000018001a000 f i CctCharacterController.obj
 0001:00019070       ??I?$PxFlags@W4Enum@PxShapeFlag@physx@@E@physx@@QEBA?AV01@W4Enum@PxShapeFlag@1@@Z 000000018001a070 f i CctCharacterController.obj
 0001:000190d0       ??R?$Hash@PEAVPxShape@physx@@@shdfnd@physx@@QEBAIAEBQEAVPxShape@2@@Z 000000018001a0d0 f i CctCharacterController.obj
 0001:00019100       ??R?$Hash@PEAVPxShape@physx@@@shdfnd@physx@@QEBA_NAEBQEAVPxShape@2@0@Z 000000018001a100 f i CctCharacterController.obj
 0001:00019150       ??RGetKey@?$HashSetBase@PEAVPxShape@physx@@U?$Hash@PEAVPxShape@physx@@@shdfnd@2@VAllocator@42@$0A@@internal@shdfnd@physx@@QEAAAEBQEAVPxShape@4@AEBQEAV54@@Z 000000018001a150 f i CctCharacterController.obj
 0001:00019170       ??U?$PxFlags@W4Enum@PxHitFlag@physx@@G@physx@@QEBA?AV01@W4Enum@PxHitFlag@1@@Z 000000018001a170 f i CctCharacterController.obj
 0001:000191d0       ??U?$PxFlags@W4Enum@PxQueryFlag@physx@@G@physx@@QEBA?AV01@W4Enum@PxQueryFlag@1@@Z 000000018001a1d0 f i CctCharacterController.obj
 0001:00019230       ??Uphysx@@YA?AV?$PxFlags@W4Enum@PxHitFlag@physx@@G@0@W4Enum@PxHitFlag@0@0@Z 000000018001a230 f i CctCharacterController.obj
 0001:00019290       ??Uphysx@@YA?AV?$PxFlags@W4Enum@PxQueryFlag@physx@@G@0@W4Enum@PxQueryFlag@0@0@Z 000000018001a290 f i CctCharacterController.obj
 0001:000192f0       ??YPxVec3@physx@@QEAAAEAV01@AEBV01@@Z 000000018001a2f0 f i CctCharacterController.obj
 0001:00019370       ??ZPxVec3@physx@@QEAAAEAV01@AEBV01@@Z 000000018001a370 f i CctCharacterController.obj
 0001:000193f0       ??_0PxVec3@physx@@QEAAAEAV01@M@Z 000000018001a3f0 f i CctCharacterController.obj
 0001:00019480       ??_5?$PxFlags@W4Enum@PxControllerCollisionFlag@physx@@E@physx@@QEAAAEAV01@W4Enum@PxControllerCollisionFlag@1@@Z 000000018001a480 f i CctCharacterController.obj
 0001:000194b0       ??_5?$PxFlags@W4Enum@PxHitFlag@physx@@G@physx@@QEAAAEAV01@W4Enum@PxHitFlag@1@@Z 000000018001a4b0 f i CctCharacterController.obj
 0001:000194f0       ??_5?$PxFlags@W4Enum@PxQueryFlag@physx@@G@physx@@QEAAAEAV01@W4Enum@PxQueryFlag@1@@Z 000000018001a4f0 f i CctCharacterController.obj
 0001:00019530       ??_G?$PxHitBuffer@UPxRaycastHit@physx@@@physx@@UEAAPEAXI@Z 000000018001a530 f i CctCharacterController.obj
 0001:00019530       ??_E?$PxHitBuffer@UPxRaycastHit@physx@@@physx@@UEAAPEAXI@Z 000000018001a530 f i CctCharacterController.obj
 0001:00019580       ??_G?$PxHitCallback@UPxRaycastHit@physx@@@physx@@UEAAPEAXI@Z 000000018001a580 f i CctCharacterController.obj
 0001:00019580       ??_E?$PxHitCallback@UPxRaycastHit@physx@@@physx@@UEAAPEAXI@Z 000000018001a580 f i CctCharacterController.obj
 0001:000195d0       ??_EControllerFilter@@UEAAPEAXI@Z 000000018001a5d0 f i CctCharacterController.obj
 0001:000195d0       ??_GControllerFilter@@UEAAPEAXI@Z 000000018001a5d0 f i CctCharacterController.obj
 0001:00019620       ??_GPxExtendedBox@physx@@QEAAPEAXI@Z 000000018001a620 f i CctCharacterController.obj
 0001:00019670       ??_EPxQueryFilterCallback@physx@@UEAAPEAXI@Z 000000018001a670 f i CctCharacterController.obj
 0001:00019670       ??_GPxQueryFilterCallback@physx@@UEAAPEAXI@Z 000000018001a670 f i CctCharacterController.obj
 0001:000196c0       ??_GPxTriangle@physx@@QEAAPEAXI@Z 000000018001a6c0 f i CctCharacterController.obj
 0001:00019710       ?FLoad@aos@shdfnd@physx@@YA?AT__m128@@M@Z 000000018001a710 f i CctCharacterController.obj
 0001:00019740       ?PxAbs@physx@@YAMM@Z       000000018001a740 f i CctCharacterController.obj
 0001:00019760       ?PxIsFinite@physx@@YA_NM@Z 000000018001a760 f i CctCharacterController.obj
 0001:00019780       ?PxRecipSqrt@physx@@YAMM@Z 000000018001a780 f i CctCharacterController.obj
 0001:000197a0       ?PxSqrt@physx@@YAMM@Z      000000018001a7a0 f i CctCharacterController.obj
 0001:000197c0       ?PxSqrt@physx@@YANN@Z      000000018001a7c0 f i CctCharacterController.obj
 0001:000197e0       ?V3Load@aos@shdfnd@physx@@YA?AT__m128@@M@Z 000000018001a7e0 f i CctCharacterController.obj
 0001:00019830       ?V4Load@aos@shdfnd@physx@@YA?AT__m128@@M@Z 000000018001a830 f i CctCharacterController.obj
 0001:00019860       ?abs@intrinsics@physx@@YAMM@Z 000000018001a860 f i CctCharacterController.obj
 0001:00019880       ?add@physx@@YAXAEAUPxExtendedBounds3@1@AEBU21@@Z 000000018001a880 f i CctCharacterController.obj
 0001:000198d0       ?allocate@?$Array@IVNamedAllocator@shdfnd@physx@@@shdfnd@physx@@IEAAPEAII@Z 000000018001a8d0 f i CctCharacterController.obj
 0001:00019980       ?allocate@?$Array@PEBXVNamedAllocator@shdfnd@physx@@@shdfnd@physx@@IEAAPEAPEBXI@Z 000000018001a980 f i CctCharacterController.obj
 0001:00019a30       ?allocate@?$Array@UPxExtendedCapsule@physx@@VNamedAllocator@shdfnd@2@@shdfnd@physx@@IEAAPEAUPxExtendedCapsule@3@I@Z 000000018001aa30 f i CctCharacterController.obj
 0001:00019ae0       ?allocate@?$Array@VPxExtendedBox@physx@@VNamedAllocator@shdfnd@2@@shdfnd@physx@@IEAAPEAVPxExtendedBox@3@I@Z 000000018001aae0 f i CctCharacterController.obj
 0001:00019b90       ?any@PxGeometryHolder@physx@@QEBAAEBVPxGeometry@2@XZ 000000018001ab90 f i CctCharacterController.obj
 0001:00019bc0       ?begin@?$Array@IVNamedAllocator@shdfnd@physx@@@shdfnd@physx@@QEAAPEAIXZ 000000018001abc0 f i CctCharacterController.obj
 0001:00019be0       ?begin@?$Array@IVNamedAllocator@shdfnd@physx@@@shdfnd@physx@@QEBAPEBIXZ 000000018001abe0 f i CctCharacterController.obj
 0001:00019c00       ?begin@?$Array@PEBXVNamedAllocator@shdfnd@physx@@@shdfnd@physx@@QEAAPEAPEBXXZ 000000018001ac00 f i CctCharacterController.obj
 0001:00019c20       ?begin@?$Array@UPxExtendedCapsule@physx@@VNamedAllocator@shdfnd@2@@shdfnd@physx@@QEAAPEAUPxExtendedCapsule@3@XZ 000000018001ac20 f i CctCharacterController.obj
 0001:00019c40       ?begin@?$Array@VPxExtendedBox@physx@@VNamedAllocator@shdfnd@2@@shdfnd@physx@@QEAAPEAVPxExtendedBox@3@XZ 000000018001ac40 f i CctCharacterController.obj
 0001:00019c60       ?capacity@?$Array@IVNamedAllocator@shdfnd@physx@@@shdfnd@physx@@QEBAIXZ 000000018001ac60 f i CctCharacterController.obj
 0001:00019c80       ?capacity@?$Array@PEBXVNamedAllocator@shdfnd@physx@@@shdfnd@physx@@QEBAIXZ 000000018001ac80 f i CctCharacterController.obj
 0001:00019ca0       ?capacity@?$Array@UPxExtendedCapsule@physx@@VNamedAllocator@shdfnd@2@@shdfnd@physx@@QEBAIXZ 000000018001aca0 f i CctCharacterController.obj
 0001:00019cc0       ?capacity@?$Array@VPxExtendedBox@physx@@VNamedAllocator@shdfnd@2@@shdfnd@physx@@QEBAIXZ 000000018001acc0 f i CctCharacterController.obj
 0001:00019ce0       ?capacity@?$Array@VPxTriangle@physx@@VNamedAllocator@shdfnd@2@@shdfnd@physx@@QEBAIXZ 000000018001ace0 f i CctCharacterController.obj
 0001:00019d00       ?capacityIncrement@?$Array@PEBXVNamedAllocator@shdfnd@physx@@@shdfnd@physx@@IEBAIXZ 000000018001ad00 f i CctCharacterController.obj
 0001:00019d50       ?capacityIncrement@?$Array@UPxExtendedCapsule@physx@@VNamedAllocator@shdfnd@2@@shdfnd@physx@@IEBAIXZ 000000018001ad50 f i CctCharacterController.obj
 0001:00019da0       ?capacityIncrement@?$Array@VPxExtendedBox@physx@@VNamedAllocator@shdfnd@2@@shdfnd@physx@@IEBAIXZ 000000018001ada0 f i CctCharacterController.obj
 0001:00019df0       ?clear@?$Array@IVNamedAllocator@shdfnd@physx@@@shdfnd@physx@@QEAAXXZ 000000018001adf0 f i CctCharacterController.obj
 0001:00019e40       ?clear@?$Array@VPxTriangle@physx@@VNamedAllocator@shdfnd@2@@shdfnd@physx@@QEAAXXZ 000000018001ae40 f i CctCharacterController.obj
 0001:00019e90       ?contains@?$HashSetBase@PEAVPxShape@physx@@U?$Hash@PEAVPxShape@physx@@@shdfnd@2@VAllocator@42@$0A@@internal@shdfnd@physx@@QEBA_NAEBQEAVPxShape@4@@Z 000000018001ae90 f i CctCharacterController.obj
 0001:00019ef0       ?copy@?$Array@IVNamedAllocator@shdfnd@physx@@@shdfnd@physx@@KAXPEAI0PEBI@Z 000000018001aef0 f i CctCharacterController.obj
 0001:00019fa0       ?copy@?$Array@PEBXVNamedAllocator@shdfnd@physx@@@shdfnd@physx@@KAXPEAPEBX0PEBQEBX@Z 000000018001afa0 f i CctCharacterController.obj
 0001:0001a050       ?copy@?$Array@UPxExtendedCapsule@physx@@VNamedAllocator@shdfnd@2@@shdfnd@physx@@KAXPEAUPxExtendedCapsule@3@0PEBU43@@Z 000000018001b050 f i CctCharacterController.obj
 0001:0001a100       ?copy@?$Array@VPxExtendedBox@physx@@VNamedAllocator@shdfnd@2@@shdfnd@physx@@KAXPEAVPxExtendedBox@3@0PEBV43@@Z 000000018001b100 f i CctCharacterController.obj
 0001:0001a1a0       ?cross@PxVec3@physx@@QEBA?AV12@AEBV12@@Z 000000018001b1a0 f i CctCharacterController.obj
 0001:0001a290       ?deallocate@?$Array@IVNamedAllocator@shdfnd@physx@@@shdfnd@physx@@IEAAXPEAX@Z 000000018001b290 f i CctCharacterController.obj
 0001:0001a2c0       ?deallocate@?$Array@PEBXVNamedAllocator@shdfnd@physx@@@shdfnd@physx@@IEAAXPEAX@Z 000000018001b2c0 f i CctCharacterController.obj
 0001:0001a2f0       ?deallocate@?$Array@UPxExtendedCapsule@physx@@VNamedAllocator@shdfnd@2@@shdfnd@physx@@IEAAXPEAX@Z 000000018001b2f0 f i CctCharacterController.obj
 0001:0001a320       ?deallocate@?$Array@VPxExtendedBox@physx@@VNamedAllocator@shdfnd@2@@shdfnd@physx@@IEAAXPEAX@Z 000000018001b320 f i CctCharacterController.obj
 0001:0001a350       ?deallocate@?$Array@VPxTriangle@physx@@VNamedAllocator@shdfnd@2@@shdfnd@physx@@IEAAXPEAX@Z 000000018001b350 f i CctCharacterController.obj
 0001:0001a380       ?decomposeVector@shdfnd@physx@@YAXAEAVPxVec3@2@0AEBV32@1@Z 000000018001b380 f i CctCharacterController.obj
 0001:0001a410       ?destroy@?$Array@IVNamedAllocator@shdfnd@physx@@@shdfnd@physx@@KAXPEAI0@Z 000000018001b410 f i CctCharacterController.obj
 0001:0001a450       ?destroy@?$Array@PEBXVNamedAllocator@shdfnd@physx@@@shdfnd@physx@@KAXPEAPEBX0@Z 000000018001b450 f i CctCharacterController.obj
 0001:0001a490       ?destroy@?$Array@UPxExtendedCapsule@physx@@VNamedAllocator@shdfnd@2@@shdfnd@physx@@KAXPEAUPxExtendedCapsule@3@0@Z 000000018001b490 f i CctCharacterController.obj
 0001:0001a4d0       ?destroy@?$Array@VPxExtendedBox@physx@@VNamedAllocator@shdfnd@2@@shdfnd@physx@@KAXPEAVPxExtendedBox@3@0@Z 000000018001b4d0 f i CctCharacterController.obj
 0001:0001a520       ?destroy@?$Array@VPxTriangle@physx@@VNamedAllocator@shdfnd@2@@shdfnd@physx@@KAXPEAVPxTriangle@3@0@Z 000000018001b520 f i CctCharacterController.obj
 0001:0001a570       ?distance@physx@@YANAEBUPxExtendedVec3@1@0@Z 000000018001b570 f i CctCharacterController.obj
 0001:0001a630       ?dot@PxVec3@physx@@QEBAMAEBV12@@Z 000000018001b630 f i CctCharacterController.obj
 0001:0001a690       ?encodeUserObject@Cct@physx@@YAIIW4UserObjectType@12@@Z 000000018001b690 f i CctCharacterController.obj
 0001:0001a790       ?end@?$Array@IVNamedAllocator@shdfnd@physx@@@shdfnd@physx@@QEAAPEAIXZ 000000018001b790 f i CctCharacterController.obj
 0001:0001a7b0       ?end@?$Array@IVNamedAllocator@shdfnd@physx@@@shdfnd@physx@@QEBAPEBIXZ 000000018001b7b0 f i CctCharacterController.obj
 0001:0001a7d0       ?finalizeQuery@?$PxHitCallback@UPxRaycastHit@physx@@@physx@@UEAAXXZ 000000018001b7d0 f i CctCharacterController.obj
 0001:0001a7e0       ?find@?$HashBase@PEAVPxShape@physx@@PEAV12@U?$Hash@PEAVPxShape@physx@@@shdfnd@2@UGetKey@?$HashSetBase@PEAVPxShape@physx@@U?$Hash@PEAVPxShape@physx@@@shdfnd@2@VAllocator@42@$0A@@internal@42@VAllocator@42@$0A@@internal@shdfnd@physx@@QEBAPEBQEAVPxShape@4@AEBQEAV54@@Z 000000018001b7e0 f i CctCharacterController.obj
 0001:0001a8e0       ?forceSize_Unsafe@?$Array@IVNamedAllocator@shdfnd@physx@@@shdfnd@physx@@QEAAXI@Z 000000018001b8e0 f i CctCharacterController.obj
 0001:0001a980       ?forceSize_Unsafe@?$Array@VPxTriangle@physx@@VNamedAllocator@shdfnd@2@@shdfnd@physx@@QEAAXI@Z 000000018001b980 f i CctCharacterController.obj
 0001:0001aa20       ?getAnyHit@?$PxHitBuffer@UPxRaycastHit@physx@@@physx@@QEBAAEBUPxRaycastHit@2@I@Z 000000018001ba20 f i CctCharacterController.obj
 0001:0001ab10       ?getBasisVector0@PxQuat@physx@@QEBA?AVPxVec3@2@XZ 000000018001bb10 f i CctCharacterController.obj
 0001:0001ac30       ?getCenter@PxBounds3@physx@@QEBA?AVPxVec3@2@XZ 000000018001bc30 f i CctCharacterController.obj
 0001:0001ad00       ?getConcreteType@PxBase@physx@@QEBAGXZ 000000018001bd00 f i CctCharacterController.obj
 0001:0001ad20       ?getDimensions@PxBounds3@physx@@QEBA?AVPxVec3@2@XZ 000000018001bd20 f i CctCharacterController.obj
 0001:0001add0       ?getExtents@PxBounds3@physx@@QEBA?AVPxVec3@2@XZ 000000018001bdd0 f i CctCharacterController.obj
 0001:0001ae90       ?getGlobalPose@PxShapeExt@physx@@SA?AVPxTransform@2@AEBVPxShape@2@AEBVPxRigidActor@2@@Z 000000018001be90 f i CctCharacterController.obj
 0001:0001af40       ?getNbTouches@?$PxHitBuffer@UPxRaycastHit@physx@@@physx@@QEBAIXZ 000000018001bf40 f i CctCharacterController.obj
 0001:0001af60       ?getNormalized@PxVec3@physx@@QEBA?AV12@XZ 000000018001bf60 f i CctCharacterController.obj
 0001:0001b010       ?getShapeGlobalPose@physx@@YA?AVPxTransform@1@AEBVPxShape@1@AEBVPxRigidActor@1@@Z 000000018001c010 f i CctCharacterController.obj
 0001:0001b050       ?getTouches@?$PxHitBuffer@UPxRaycastHit@physx@@@physx@@QEBAPEBUPxRaycastHit@2@XZ 000000018001c050 f i CctCharacterController.obj
 0001:0001b070       ?getType@SweptVolume@Cct@physx@@QEBA?AW4Enum@SweptVolumeType@23@XZ 000000018001c070 f i CctCharacterController.obj
 0001:0001b090       ?grow@?$Array@IVNamedAllocator@shdfnd@physx@@@shdfnd@physx@@IEAAXI@Z 000000018001c090 f i CctCharacterController.obj
 0001:0001b130       ?growAndPushBack@?$Array@PEBXVNamedAllocator@shdfnd@physx@@@shdfnd@physx@@IEAAAEAPEBXAEBQEBX@Z 000000018001c130 f i CctCharacterController.obj
 0001:0001b340       ?growAndPushBack@?$Array@UPxExtendedCapsule@physx@@VNamedAllocator@shdfnd@2@@shdfnd@physx@@IEAAAEAUPxExtendedCapsule@3@AEBU43@@Z 000000018001c340 f i CctCharacterController.obj
 0001:0001b5a0       ?growAndPushBack@?$Array@VPxExtendedBox@physx@@VNamedAllocator@shdfnd@2@@shdfnd@physx@@IEAAAEAVPxExtendedBox@3@AEBV43@@Z 000000018001c5a0 f i CctCharacterController.obj
 0001:0001b7b0       ?hash@?$HashBase@PEAVPxShape@physx@@PEAV12@U?$Hash@PEAVPxShape@physx@@@shdfnd@2@UGetKey@?$HashSetBase@PEAVPxShape@physx@@U?$Hash@PEAVPxShape@physx@@@shdfnd@2@VAllocator@42@$0A@@internal@42@VAllocator@42@$0A@@internal@shdfnd@physx@@AEBAIAEBQEAVPxShape@4@@Z 000000018001c7b0 f i CctCharacterController.obj
 0001:0001b7f0       ?hash@?$HashBase@PEAVPxShape@physx@@PEAV12@U?$Hash@PEAVPxShape@physx@@@shdfnd@2@UGetKey@?$HashSetBase@PEAVPxShape@physx@@U?$Hash@PEAVPxShape@physx@@@shdfnd@2@VAllocator@42@$0A@@internal@42@VAllocator@42@$0A@@internal@shdfnd@physx@@AEBAIAEBQEAVPxShape@4@I@Z 000000018001c7f0 f i CctCharacterController.obj
 0001:0001b830       ?hash@shdfnd@physx@@YAIPEBX@Z 000000018001c830 f i CctCharacterController.obj
 0001:0001b850       ?hash@shdfnd@physx@@YAI_K@Z 000000018001c850 f i CctCharacterController.obj
 0001:0001b960       ?intersectOBBAABB@Gu@physx@@YA_NAEBVBox@12@AEBVPxBounds3@2@@Z 000000018001c960 f i CctCharacterController.obj
 0001:0001ba20       ?isAlmostZero@shdfnd@physx@@YA_NAEBVPxVec3@2@@Z 000000018001ca20 f i CctCharacterController.obj
 0001:0001bab0       ?isFinite@PxBounds3@physx@@QEBA_NXZ 000000018001cab0 f i CctCharacterController.obj
 0001:0001bb20       ?isFinite@PxQuat@physx@@QEBA_NXZ 000000018001cb20 f i CctCharacterController.obj
 0001:0001bbc0       ?isFinite@PxTransform@physx@@QEBA_NXZ 000000018001cbc0 f i CctCharacterController.obj
 0001:0001bc30       ?isFinite@PxVec3@physx@@QEBA_NXZ 000000018001cc30 f i CctCharacterController.obj
 0001:0001bcb0       ?isFinite@intrinsics@physx@@YA_NM@Z 000000018001ccb0 f i CctCharacterController.obj
 0001:0001bd00       ?isInUserMemory@?$Array@IVNamedAllocator@shdfnd@physx@@@shdfnd@physx@@QEBAIXZ 000000018001cd00 f i CctCharacterController.obj
 0001:0001bd20       ?isInUserMemory@?$Array@PEBXVNamedAllocator@shdfnd@physx@@@shdfnd@physx@@QEBAIXZ 000000018001cd20 f i CctCharacterController.obj
 0001:0001bd40       ?isInUserMemory@?$Array@UPxExtendedCapsule@physx@@VNamedAllocator@shdfnd@2@@shdfnd@physx@@QEBAIXZ 000000018001cd40 f i CctCharacterController.obj
 0001:0001bd60       ?isInUserMemory@?$Array@VPxExtendedBox@physx@@VNamedAllocator@shdfnd@2@@shdfnd@physx@@QEBAIXZ 000000018001cd60 f i CctCharacterController.obj
 0001:0001bd80       ?isInUserMemory@?$Array@VPxTriangle@physx@@VNamedAllocator@shdfnd@2@@shdfnd@physx@@QEBAIXZ 000000018001cd80 f i CctCharacterController.obj
 0001:0001bda0       ?isInside@PxExtendedBounds3@physx@@QEBA_NAEBU12@@Z 000000018001cda0 f i CctCharacterController.obj
 0001:0001be80       ?isSane@PxQuat@physx@@QEBA_NXZ 000000018001ce80 f i CctCharacterController.obj
 0001:0001bf00       ?isSane@PxTransform@physx@@QEBA_NXZ 000000018001cf00 f i CctCharacterController.obj
 0001:0001bf60       ?isValid@PxBounds3@physx@@QEBA_NXZ 000000018001cf60 f i CctCharacterController.obj
 0001:0001c090       ?isZero@PxVec3@physx@@QEBA_NXZ 000000018001d090 f i CctCharacterController.obj
 0001:0001c0f0       ?magnitude@PxQuat@physx@@QEBAMXZ 000000018001d0f0 f i CctCharacterController.obj
 0001:0001c120       ?magnitude@PxVec3@physx@@QEBAMXZ 000000018001d120 f i CctCharacterController.obj
 0001:0001c150       ?magnitudeSquared@PxQuat@physx@@QEBAMXZ 000000018001d150 f i CctCharacterController.obj
 0001:0001c1d0       ?magnitudeSquared@PxVec3@physx@@QEBAMXZ 000000018001d1d0 f i CctCharacterController.obj
 0001:0001c230       ?maximum@PxExtendedVec3@physx@@QEAAXAEBU12@@Z 000000018001d230 f i CctCharacterController.obj
 0001:0001c2e0       ?minimum@PxExtendedVec3@physx@@QEAAXAEBU12@@Z 000000018001d2e0 f i CctCharacterController.obj
 0001:0001c390       ?normal@PxTriangle@physx@@QEBAXAEAVPxVec3@2@@Z 000000018001d390 f i CctCharacterController.obj
 0001:0001c480       ?normalize@PxVec3@physx@@QEAAMXZ 000000018001d480 f i CctCharacterController.obj
 0001:0001c4e0       ?postFilter@ControllerFilter@@UEAA?AW4Enum@PxQueryHitType@physx@@AEBUPxFilterData@4@AEBUPxQueryHit@4@@Z 000000018001d4e0 f i CctCharacterController.obj
 0001:0001c5e0       ?preFilter@ControllerFilter@@UEAA?AW4Enum@PxQueryHitType@physx@@AEBUPxFilterData@4@PEBVPxShape@4@PEBVPxRigidActor@4@AEAV?$PxFlags@W4Enum@PxHitFlag@physx@@G@4@@Z 000000018001d5e0 f i CctCharacterController.obj
 0001:0001c720       ?processTouches@?$PxHitBuffer@UPxRaycastHit@physx@@@physx@@MEAA_NPEBUPxRaycastHit@2@I@Z 000000018001d720 f i CctCharacterController.obj
 0001:0001c760       ?pushBack@?$Array@PEBXVNamedAllocator@shdfnd@physx@@@shdfnd@physx@@QEAAAEAPEBXAEBQEBX@Z 000000018001d760 f i CctCharacterController.obj
 0001:0001c850       ?pushBack@?$Array@UPxExtendedCapsule@physx@@VNamedAllocator@shdfnd@2@@shdfnd@physx@@QEAAAEAUPxExtendedCapsule@3@AEBU43@@Z 000000018001d850 f i CctCharacterController.obj
 0001:0001c950       ?pushBack@?$Array@VPxExtendedBox@physx@@VNamedAllocator@shdfnd@2@@shdfnd@physx@@QEAAAEAVPxExtendedBox@3@AEBV43@@Z 000000018001d950 f i CctCharacterController.obj
 0001:0001ca40       ?recipSqrt@intrinsics@physx@@YAMM@Z 000000018001da40 f i CctCharacterController.obj
 0001:0001ca80       ?recreate@?$Array@IVNamedAllocator@shdfnd@physx@@@shdfnd@physx@@IEAAXI@Z 000000018001da80 f i CctCharacterController.obj
 0001:0001cbe0       ?reserve@?$Array@IVNamedAllocator@shdfnd@physx@@@shdfnd@physx@@QEAAXI@Z 000000018001dbe0 f i CctCharacterController.obj
 0001:0001cc20       ?resetStats@SweepTest@Cct@physx@@QEAAXXZ 000000018001dc20 f i CctCharacterController.obj
 0001:0001cc70       ?resizeUninitialized@?$Array@IVNamedAllocator@shdfnd@physx@@@shdfnd@physx@@QEAAXI@Z 000000018001dc70 f i CctCharacterController.obj
 0001:0001ccb0       ?rotate@PxQuat@physx@@QEBA?BVPxVec3@2@AEBV32@@Z 000000018001dcb0 f i CctCharacterController.obj
 0001:0001cf00       ?rotateInv@PxQuat@physx@@QEBA?BVPxVec3@2@AEBV32@@Z 000000018001df00 f i CctCharacterController.obj
 0001:0001d150       ?selectMax@intrinsics@physx@@YAMMM@Z 000000018001e150 f i CctCharacterController.obj
 0001:0001d1a0       ?selectMin@intrinsics@physx@@YAMMM@Z 000000018001e1a0 f i CctCharacterController.obj
 0001:0001d1f0       ?set@PxExtendedBounds3@physx@@QEAAXNNNNNN@Z 000000018001e1f0 f i CctCharacterController.obj
 0001:0001d270       ?set@PxExtendedVec3@physx@@QEAAXNNN@Z 000000018001e270 f i CctCharacterController.obj
 0001:0001d2d0       ?setEmpty@PxExtendedBounds3@physx@@QEAAXXZ 000000018001e2d0 f i CctCharacterController.obj
 0001:0001d340       ?setWorldPos@SweptContact@Cct@physx@@QEAAXAEBVPxVec3@3@AEBUPxExtendedVec3@3@@Z 000000018001e340 f i CctCharacterController.obj
 0001:0001d3c0       ?size@?$Array@IVNamedAllocator@shdfnd@physx@@@shdfnd@physx@@QEBAIXZ 000000018001e3c0 f i CctCharacterController.obj
 0001:0001d3e0       ?size@?$Array@PEBXVNamedAllocator@shdfnd@physx@@@shdfnd@physx@@QEBAIXZ 000000018001e3e0 f i CctCharacterController.obj
 0001:0001d400       ?size@?$Array@UInternalBoxObstacle@ObstacleContext@Cct@physx@@VNamedAllocator@shdfnd@4@@shdfnd@physx@@QEBAIXZ 000000018001e400 f i CctCharacterController.obj
 0001:0001d420       ?size@?$Array@UInternalCapsuleObstacle@ObstacleContext@Cct@physx@@VNamedAllocator@shdfnd@4@@shdfnd@physx@@QEBAIXZ 000000018001e420 f i CctCharacterController.obj
 0001:0001d440       ?size@?$Array@UPxExtendedCapsule@physx@@VNamedAllocator@shdfnd@2@@shdfnd@physx@@QEBAIXZ 000000018001e440 f i CctCharacterController.obj
 0001:0001d460       ?size@?$Array@VPxExtendedBox@physx@@VNamedAllocator@shdfnd@2@@shdfnd@physx@@QEBAIXZ 000000018001e460 f i CctCharacterController.obj
 0001:0001d480       ?size@?$Array@VPxTriangle@physx@@VNamedAllocator@shdfnd@2@@shdfnd@physx@@QEBAIXZ 000000018001e480 f i CctCharacterController.obj
 0001:0001d4a0       ?sqrt@intrinsics@physx@@YAMM@Z 000000018001e4a0 f i CctCharacterController.obj
 0001:0001d4c0       ?testSlope@physx@@YA_NAEBVPxVec3@1@0M@Z 000000018001e4c0 f i CctCharacterController.obj
 0001:0001d540       ?toVec3@physx@@YA?AVPxVec3@1@AEBUPxExtendedVec3@1@@Z 000000018001e540 f i CctCharacterController.obj
 0001:0001d5b0       ?transform@PxTransform@physx@@QEBA?AV12@AEBV12@@Z 000000018001e5b0 f i CctCharacterController.obj
 0001:0001d780       ?transform@PxTransform@physx@@QEBA?AVPxVec3@2@AEBV32@@Z 000000018001e780 f i CctCharacterController.obj
 0001:0001d860       ?transformInv@PxTransform@physx@@QEBA?AVPxVec3@2@AEBV32@@Z 000000018001e860 f i CctCharacterController.obj
 0001:0001d930       fabsf                      000000018001e930 f i CctCharacterController.obj
 0001:0001d9e0       ?getSceneTimestamp@Cct@physx@@YAIPEBUInternalCBData_FindTouchedGeom@12@@Z 000000018001e9e0 f   CctCharacterControllerCallbacks.obj
 0001:0001da70       ?findTouchedGeometry@Cct@physx@@YAXPEBUInternalCBData_FindTouchedGeom@12@AEBUPxExtendedBounds3@2@AEAV?$Array@VPxTriangle@physx@@VNamedAllocator@shdfnd@2@@shdfnd@2@AEAV?$Array@IVNamedAllocator@shdfnd@physx@@@62@3AEBVCCTFilter@12@AEBUCCTParams@12@AEAG@Z 000000018001ea70 f   CctCharacterControllerCallbacks.obj
 0001:0001e240       ?shapeHitCallback@Cct@physx@@YAIPEBUInternalCBData_OnHit@12@AEBUSweptContact@12@AEBVPxVec3@2@M@Z 000000018001f240 f   CctCharacterControllerCallbacks.obj
 0001:0001e370       ?userHitCallback@Cct@physx@@YAIPEBUInternalCBData_OnHit@12@AEBUSweptContact@12@AEBVPxVec3@2@M@Z 000000018001f370 f   CctCharacterControllerCallbacks.obj
 0001:00023980       ??$PX_UNUSED@PEBUPxOverlapHit@physx@@@@YAXAEBQEBUPxOverlapHit@physx@@@Z 0000000180024980 f i CctCharacterControllerCallbacks.obj
 0001:00023990       ??$reserve@VPxTriangle@physx@@VNamedAllocator@shdfnd@2@@Cct@physx@@YAPEAVPxTriangle@1@AEAV?$Array@VPxTriangle@physx@@VNamedAllocator@shdfnd@2@@shdfnd@1@I@Z 0000000180024990 f i CctCharacterControllerCallbacks.obj
 0001:00023a00       ??0?$PxFlags@W4Enum@PxMeshGeometryFlag@physx@@E@physx@@QEAA@E@Z 0000000180024a00 f i CctCharacterControllerCallbacks.obj
 0001:00023a30       ??0?$PxFlags@W4Enum@PxMeshGeometryFlag@physx@@E@physx@@QEAA@XZ 0000000180024a30 f i CctCharacterControllerCallbacks.obj
 0001:00023a50       ??0?$PxHitBuffer@UPxOverlapHit@physx@@@physx@@QEAA@PEAUPxOverlapHit@1@I@Z 0000000180024a50 f i CctCharacterControllerCallbacks.obj
 0001:00023aa0       ??0?$PxHitCallback@UPxOverlapHit@physx@@@physx@@QEAA@PEAUPxOverlapHit@1@I@Z 0000000180024aa0 f i CctCharacterControllerCallbacks.obj
 0001:00023b30       ??0?$PxPadding@$02@physx@@QEAA@XZ 0000000180024b30 f i CctCharacterControllerCallbacks.obj
 0001:00023b80       ??0PxControllerHit@physx@@QEAA@XZ 0000000180024b80 f i CctCharacterControllerCallbacks.obj
 0001:00023be0       ??0PxControllerObstacleHit@physx@@QEAA@XZ 0000000180024be0 f i CctCharacterControllerCallbacks.obj
 0001:00023c10       ??0PxControllerShapeHit@physx@@QEAA@XZ 0000000180024c10 f i CctCharacterControllerCallbacks.obj
 0001:00023c40       ??0PxControllersHit@physx@@QEAA@XZ 0000000180024c40 f i CctCharacterControllerCallbacks.obj
 0001:00023c70       ??0PxConvexMeshGeometry@physx@@QEAA@XZ 0000000180024c70 f i CctCharacterControllerCallbacks.obj
 0001:00023cd0       ??0PxExtendedSphere@physx@@QEAA@XZ 0000000180024cd0 f i CctCharacterControllerCallbacks.obj
 0001:00023d00       ??0PxHeightFieldGeometry@physx@@QEAA@XZ 0000000180024d00 f i CctCharacterControllerCallbacks.obj
 0001:00023db0       ??0PxMat33@physx@@QEAA@AEBVPxVec3@1@00@Z 0000000180024db0 f i CctCharacterControllerCallbacks.obj
 0001:00023e30       ??0PxMat44@physx@@QEAA@AEBVPxMat33@1@AEBVPxVec3@1@@Z 0000000180024e30 f i CctCharacterControllerCallbacks.obj
 0001:00023ee0       ??0PxMeshScale@physx@@QEAA@M@Z 0000000180024ee0 f i CctCharacterControllerCallbacks.obj
 0001:00023f30       ??0PxMeshScale@physx@@QEAA@XZ 0000000180024f30 f i CctCharacterControllerCallbacks.obj
 0001:00023f80       ??0PxOverlapHit@physx@@QEAA@XZ 0000000180024f80 f i CctCharacterControllerCallbacks.obj
 0001:00023fb0       ??0PxPlane@physx@@QEAA@AEBVPxVec3@1@M@Z 0000000180024fb0 f i CctCharacterControllerCallbacks.obj
 0001:00024000       ??0PxPlane@physx@@QEAA@MMMM@Z 0000000180025000 f i CctCharacterControllerCallbacks.obj
 0001:00024070       ??0PxQueryFilterData@physx@@QEAA@$$QEAU01@@Z 0000000180025070 f i CctCharacterControllerCallbacks.obj
 0001:000240e0       ??0PxQueryFilterData@physx@@QEAA@V?$PxFlags@W4Enum@PxQueryFlag@physx@@G@1@@Z 00000001800250e0 f i CctCharacterControllerCallbacks.obj
 0001:00024140       ??0PxTransform@physx@@QEAA@AEBVPxVec3@1@@Z 0000000180025140 f i CctCharacterControllerCallbacks.obj
 0001:00024190       ??0PxTriangle@physx@@QEAA@AEBV01@@Z 0000000180025190 f i CctCharacterControllerCallbacks.obj
 0001:00024290       ??0PxTriangle@physx@@QEAA@AEBVPxVec3@1@00@Z 0000000180025290 f i CctCharacterControllerCallbacks.obj
 0001:00024360       ??0PxTriangle@physx@@QEAA@XZ 0000000180025360 f i CctCharacterControllerCallbacks.obj
 0001:000243a0       ??0PxTriangleMeshGeometry@physx@@QEAA@XZ 00000001800253a0 f i CctCharacterControllerCallbacks.obj
 0001:00024420       ??0PxVec4@physx@@QEAA@AEBVPxVec3@1@M@Z 0000000180025420 f i CctCharacterControllerCallbacks.obj
 0001:000244a0       ??0PxVec4@physx@@QEAA@MMMM@Z 00000001800254a0 f i CctCharacterControllerCallbacks.obj
 0001:00024520       ??0TessParams@@QEAA@XZ     0000000180025520 f i CctCharacterControllerCallbacks.obj
 0001:00024570       ??1?$PxHitBuffer@UPxOverlapHit@physx@@@physx@@UEAA@XZ 0000000180025570 f i CctCharacterControllerCallbacks.obj
 0001:000245a0       ??1?$PxHitCallback@UPxOverlapHit@physx@@@physx@@UEAA@XZ 00000001800255a0 f i CctCharacterControllerCallbacks.obj
 0001:000245c0       ??1PxExtendedSphere@physx@@QEAA@XZ 00000001800255c0 f i CctCharacterControllerCallbacks.obj
 0001:000245d0       ??APxVec3@physx@@QEBAAEBMH@Z 00000001800255d0 f i CctCharacterControllerCallbacks.obj
 0001:00024670       ??DPxMat33@physx@@QEBA?AV01@AEBV01@@Z 0000000180025670 f i CctCharacterControllerCallbacks.obj
 0001:00024730       ??DPxVec4@physx@@QEBA?AV01@M@Z 0000000180025730 f i CctCharacterControllerCallbacks.obj
 0001:000247d0       ??HPxVec4@physx@@QEBA?AV01@AEBV01@@Z 00000001800257d0 f i CctCharacterControllerCallbacks.obj
 0001:00024880       ??_G?$PxHitBuffer@UPxOverlapHit@physx@@@physx@@UEAAPEAXI@Z 0000000180025880 f i CctCharacterControllerCallbacks.obj
 0001:00024880       ??_E?$PxHitBuffer@UPxOverlapHit@physx@@@physx@@UEAAPEAXI@Z 0000000180025880 f i CctCharacterControllerCallbacks.obj
 0001:000248d0       ??_E?$PxHitCallback@UPxOverlapHit@physx@@@physx@@UEAAPEAXI@Z 00000001800258d0 f i CctCharacterControllerCallbacks.obj
 0001:000248d0       ??_G?$PxHitCallback@UPxOverlapHit@physx@@@physx@@UEAAPEAXI@Z 00000001800258d0 f i CctCharacterControllerCallbacks.obj
 0001:00024920       ?PxPlaneEquationFromTransform@physx@@YA?AVPxPlane@1@AEBVPxTransform@1@@Z 0000000180025920 f i CctCharacterControllerCallbacks.obj
 0001:00024980       ?allocate@?$Array@VPxTriangle@physx@@VNamedAllocator@shdfnd@2@@shdfnd@physx@@IEAAPEAVPxTriangle@3@I@Z 0000000180025980 f i CctCharacterControllerCallbacks.obj
 0001:00024a30       ?begin@?$Array@VPxTriangle@physx@@VNamedAllocator@shdfnd@2@@shdfnd@physx@@QEAAPEAVPxTriangle@3@XZ 0000000180025a30 f i CctCharacterControllerCallbacks.obj
 0001:00024a50       ?capacityIncrement@?$Array@IVNamedAllocator@shdfnd@physx@@@shdfnd@physx@@IEBAIXZ 0000000180025a50 f i CctCharacterControllerCallbacks.obj
 0001:00024aa0       ?capacityIncrement@?$Array@VPxTriangle@physx@@VNamedAllocator@shdfnd@2@@shdfnd@physx@@IEBAIXZ 0000000180025aa0 f i CctCharacterControllerCallbacks.obj
 0001:00024af0       ?centerExtents@PxBounds3@physx@@SA?AV12@AEBVPxVec3@2@0@Z 0000000180025af0 f i CctCharacterControllerCallbacks.obj
 0001:00024b70       ?computeBasis@shdfnd@physx@@YAXAEBVPxVec3@2@AEAV32@1@Z 0000000180025b70 f i CctCharacterControllerCallbacks.obj
 0001:00024c60       ?copy@?$Array@VPxTriangle@physx@@VNamedAllocator@shdfnd@2@@shdfnd@physx@@KAXPEAVPxTriangle@3@0PEBV43@@Z 0000000180025c60 f i CctCharacterControllerCallbacks.obj
 0001:00024d00       ?decodeIndex@Cct@physx@@YAII@Z 0000000180025d00 f i CctCharacterControllerCallbacks.obj
 0001:00024d10       ?decodeType@Cct@physx@@YA?AW4UserObjectType@12@I@Z 0000000180025d10 f i CctCharacterControllerCallbacks.obj
 0001:00024d30       ?distance@PxPlane@physx@@QEBAMAEBVPxVec3@2@@Z 0000000180025d30 f i CctCharacterControllerCallbacks.obj
 0001:00024d70       ?finalizeQuery@?$PxHitCallback@UPxOverlapHit@physx@@@physx@@UEAAXXZ 0000000180025d70 f i CctCharacterControllerCallbacks.obj
 0001:00024d80       ?getAnyHit@?$PxHitBuffer@UPxOverlapHit@physx@@@physx@@QEBAAEBUPxOverlapHit@2@I@Z 0000000180025d80 f i CctCharacterControllerCallbacks.obj
 0001:00024e70       ?getNbAnyHits@?$PxHitBuffer@UPxOverlapHit@physx@@@physx@@QEBAIXZ 0000000180025e70 f i CctCharacterControllerCallbacks.obj
 0001:00024ea0       ?getNbTouches@?$PxHitBuffer@UPxOverlapHit@physx@@@physx@@QEBAIXZ 0000000180025ea0 f i CctCharacterControllerCallbacks.obj
 0001:00024ec0       ?getPosition@PxMat44@physx@@QEBA?AVPxVec3@2@XZ 0000000180025ec0 f i CctCharacterControllerCallbacks.obj
 0001:00024f00       ?getResults@PxMeshOverlapUtil@physx@@QEBAPEBIXZ 0000000180025f00 f i CctCharacterControllerCallbacks.obj
 0001:00024f20       ?getTouches@?$PxHitBuffer@UPxOverlapHit@physx@@@physx@@QEBAPEBUPxOverlapHit@2@XZ 0000000180025f20 f i CctCharacterControllerCallbacks.obj
 0001:00024f40       ?getTranspose@PxMat33@physx@@QEBA?AV12@XZ 0000000180025f40 f i CctCharacterControllerCallbacks.obj
 0001:00025020       ?getXYZ@PxVec4@physx@@QEBA?AVPxVec3@2@XZ 0000000180026020 f i CctCharacterControllerCallbacks.obj
 0001:00025070       ?grow@?$Array@VPxTriangle@physx@@VNamedAllocator@shdfnd@2@@shdfnd@physx@@IEAAXI@Z 0000000180026070 f i CctCharacterControllerCallbacks.obj
 0001:00025110       ?growAndPushBack@?$Array@IVNamedAllocator@shdfnd@physx@@@shdfnd@physx@@IEAAAEAIAEBI@Z 0000000180026110 f i CctCharacterControllerCallbacks.obj
 0001:00025320       ?growAndPushBack@?$Array@VPxTriangle@physx@@VNamedAllocator@shdfnd@2@@shdfnd@physx@@IEAAAEAVPxTriangle@3@AEBV43@@Z 0000000180026320 f i CctCharacterControllerCallbacks.obj
 0001:00025530       ?processTouches@?$PxHitBuffer@UPxOverlapHit@physx@@@physx@@MEAA_NPEBUPxOverlapHit@2@I@Z 0000000180026530 f i CctCharacterControllerCallbacks.obj
 0001:00025570       ?project@PxPlane@physx@@QEBA?AVPxVec3@2@AEBV32@@Z 0000000180026570 f i CctCharacterControllerCallbacks.obj
 0001:000255e0       ?pushBack@?$Array@IVNamedAllocator@shdfnd@physx@@@shdfnd@physx@@QEAAAEAIAEBI@Z 00000001800265e0 f i CctCharacterControllerCallbacks.obj
 0001:000256d0       ?pushBack@?$Array@VPxTriangle@physx@@VNamedAllocator@shdfnd@2@@shdfnd@physx@@QEAAAEAVPxTriangle@3@AEBV43@@Z 00000001800266d0 f i CctCharacterControllerCallbacks.obj
 0001:000257c0       ?recreate@?$Array@VPxTriangle@physx@@VNamedAllocator@shdfnd@2@@shdfnd@physx@@IEAAXI@Z 00000001800267c0 f i CctCharacterControllerCallbacks.obj
 0001:00025920       ?reserve@?$Array@VPxTriangle@physx@@VNamedAllocator@shdfnd@2@@shdfnd@physx@@QEAAXI@Z 0000000180026920 f i CctCharacterControllerCallbacks.obj
 0001:00025960       ?resizeUninitialized@?$Array@VPxTriangle@physx@@VNamedAllocator@shdfnd@2@@shdfnd@physx@@QEAAXI@Z 0000000180026960 f i CctCharacterControllerCallbacks.obj
 0001:000259a0       ?rotate@PxMat44@physx@@QEBA?BVPxVec3@2@AEBV32@@Z 00000001800269a0 f i CctCharacterControllerCallbacks.obj
 0001:00025a10       ?rotate@PxMat44@physx@@QEBA?BVPxVec4@2@AEBV32@@Z 0000000180026a10 f i CctCharacterControllerCallbacks.obj
 0001:00025b00       ?rotate@PxTransform@physx@@QEBA?AVPxVec3@2@AEBV32@@Z 0000000180026b00 f i CctCharacterControllerCallbacks.obj
 0001:00025bb0       ?toMat33@PxMeshScale@physx@@QEBA?AVPxMat33@2@XZ 0000000180026bb0 f i CctCharacterControllerCallbacks.obj
 0001:00025ca0       ?transform@PxMat33@physx@@QEBA?AVPxVec3@2@AEBV32@@Z 0000000180026ca0 f i CctCharacterControllerCallbacks.obj
 0001:00025d80       ?transform@PxTransform@physx@@QEBA?AVPxPlane@2@AEBV32@@Z 0000000180026d80 f i CctCharacterControllerCallbacks.obj
 0001:00025e90       PxCreateControllerManager  0000000180026e90 f   CctCharacterControllerManager.obj
 0001:00025f20       ??0CharacterControllerManager@Cct@physx@@QEAA@AEAVPxScene@2@_N@Z 0000000180026f20 f   CctCharacterControllerManager.obj
 0001:00026100       ??1CharacterControllerManager@Cct@physx@@UEAA@XZ 0000000180027100 f   CctCharacterControllerManager.obj
 0001:00026210       ?release@CharacterControllerManager@Cct@physx@@UEAAXXZ 0000000180027210 f   CctCharacterControllerManager.obj
 0001:000262f0       ?getScene@CharacterControllerManager@Cct@physx@@UEBAAEAVPxScene@3@XZ 00000001800272f0 f   CctCharacterControllerManager.obj
 0001:00026310       ?getNbControllers@CharacterControllerManager@Cct@physx@@UEBAIXZ 0000000180027310 f   CctCharacterControllerManager.obj
 0001:00026340       ?getController@CharacterControllerManager@Cct@physx@@UEAAPEAVPxController@3@I@Z 0000000180027340 f   CctCharacterControllerManager.obj
 0001:00026440       ?createController@CharacterControllerManager@Cct@physx@@UEAAPEAVPxController@3@AEBVPxControllerDesc@3@@Z 0000000180027440 f   CctCharacterControllerManager.obj
 0001:000267d0       ?purgeControllers@CharacterControllerManager@Cct@physx@@UEAAXXZ 00000001800277d0 f   CctCharacterControllerManager.obj
 0001:00026840       ?getRenderBuffer@CharacterControllerManager@Cct@physx@@UEAAAEAVPxRenderBuffer@3@XZ 0000000180027840 f   CctCharacterControllerManager.obj
 0001:000268d0       ?setDebugRenderingFlags@CharacterControllerManager@Cct@physx@@UEAAXV?$PxFlags@W4Enum@PxControllerDebugRenderFlag@physx@@I@3@@Z 00000001800278d0 f   CctCharacterControllerManager.obj
 0001:00026970       ?getNbObstacleContexts@CharacterControllerManager@Cct@physx@@UEBAIXZ 0000000180027970 f   CctCharacterControllerManager.obj
 0001:000269a0       ?getObstacleContext@CharacterControllerManager@Cct@physx@@UEAAPEAVPxObstacleContext@3@I@Z 00000001800279a0 f   CctCharacterControllerManager.obj
 0001:00026a80       ?createObstacleContext@CharacterControllerManager@Cct@physx@@UEAAPEAVPxObstacleContext@3@XZ 0000000180027a80 f   CctCharacterControllerManager.obj
 0001:00026b20       ?computeInteractions@CharacterControllerManager@Cct@physx@@UEAAXMPEAVPxControllerFilterCallback@3@@Z 0000000180027b20 f   CctCharacterControllerManager.obj
 0001:00026eb0       ?setTessellation@CharacterControllerManager@Cct@physx@@UEAAX_NM@Z 0000000180027eb0 f   CctCharacterControllerManager.obj
 0001:00026ef0       ?setOverlapRecoveryModule@CharacterControllerManager@Cct@physx@@UEAAX_N@Z 0000000180027ef0 f   CctCharacterControllerManager.obj
 0001:00026f10       ?setPreciseSweeps@CharacterControllerManager@Cct@physx@@UEAAX_N@Z 0000000180027f10 f   CctCharacterControllerManager.obj
 0001:00026f30       ?setPreventVerticalSlidingAgainstCeiling@CharacterControllerManager@Cct@physx@@UEAAX_N@Z 0000000180027f30 f   CctCharacterControllerManager.obj
 0001:00026f50       ?shiftOrigin@CharacterControllerManager@Cct@physx@@UEAAXAEBVPxVec3@3@@Z 0000000180027f50 f   CctCharacterControllerManager.obj
 0001:00027100       ?onObstacleRemoved@CharacterControllerManager@Cct@physx@@QEBAXI@Z 0000000180028100 f   CctCharacterControllerManager.obj
 0001:00027170       ?onObstacleUpdated@CharacterControllerManager@Cct@physx@@QEBAXIPEBVPxObstacleContext@3@@Z 0000000180028170 f   CctCharacterControllerManager.obj
 0001:000272b0       ?onObstacleAdded@CharacterControllerManager@Cct@physx@@QEBAXIPEBVPxObstacleContext@3@@Z 00000001800282b0 f   CctCharacterControllerManager.obj
 0001:000273f0       ?releaseController@CharacterControllerManager@Cct@physx@@QEAAXAEAVPxController@3@@Z 00000001800283f0 f   CctCharacterControllerManager.obj
 0001:00027690       ?getControllers@CharacterControllerManager@Cct@physx@@QEAAPEAPEAVController@23@XZ 0000000180028690 f   CctCharacterControllerManager.obj
 0001:000276c0       ?releaseObstacleContext@CharacterControllerManager@Cct@physx@@QEAAXAEAVObstacleContext@23@@Z 00000001800286c0 f   CctCharacterControllerManager.obj
 0001:000277e0       ?resetObstaclesBuffers@CharacterControllerManager@Cct@physx@@QEAAXXZ 00000001800287e0 f   CctCharacterControllerManager.obj
 0001:0002aa00       ??$?2V?$ReflectionAllocator@VBoxController@Cct@physx@@@shdfnd@physx@@@UserAllocated@shdfnd@physx@@SAPEAX_KV?$ReflectionAllocator@VBoxController@Cct@physx@@@12@PEBDH@Z 000000018002ba00 f i CctCharacterControllerManager.obj
 0001:0002aa50       ??$?2V?$ReflectionAllocator@VCapsuleController@Cct@physx@@@shdfnd@physx@@@UserAllocated@shdfnd@physx@@SAPEAX_KV?$ReflectionAllocator@VCapsuleController@Cct@physx@@@12@PEBDH@Z 000000018002ba50 f i CctCharacterControllerManager.obj
 0001:0002aaa0       ??$?2V?$ReflectionAllocator@VCharacterControllerManager@Cct@physx@@@shdfnd@physx@@@UserAllocated@shdfnd@physx@@SAPEAX_KV?$ReflectionAllocator@VCharacterControllerManager@Cct@physx@@@12@PEBDH@Z 000000018002baa0 f i CctCharacterControllerManager.obj
 0001:0002aaf0       ??$?2V?$ReflectionAllocator@VObstacleContext@Cct@physx@@@shdfnd@physx@@@UserAllocated@shdfnd@physx@@SAPEAX_KV?$ReflectionAllocator@VObstacleContext@Cct@physx@@@12@PEBDH@Z 000000018002baf0 f i CctCharacterControllerManager.obj
 0001:0002ab40       ??$?2V?$ReflectionAllocator@VRenderBuffer@Cm@physx@@@shdfnd@physx@@@UserAllocated@shdfnd@physx@@SAPEAX_KV?$ReflectionAllocator@VRenderBuffer@Cm@physx@@@12@PEBDH@Z 000000018002bb40 f i CctCharacterControllerManager.obj
 0001:0002ab90       ??$append@UPxDebugLine@physx@@@RenderBuffer@Cm@physx@@AEAAXAEAV?$Array@UPxDebugLine@physx@@VNamedAllocator@shdfnd@2@@shdfnd@2@PEBUPxDebugLine@2@I@Z 000000018002bb90 f i CctCharacterControllerManager.obj
 0001:0002ac30       ??$append@UPxDebugPoint@physx@@@RenderBuffer@Cm@physx@@AEAAXAEAV?$Array@UPxDebugPoint@physx@@VNamedAllocator@shdfnd@2@@shdfnd@2@PEBUPxDebugPoint@2@I@Z 000000018002bc30 f i CctCharacterControllerManager.obj
 0001:0002acd0       ??$append@UPxDebugText@physx@@@RenderBuffer@Cm@physx@@AEAAXAEAV?$Array@UPxDebugText@physx@@VNamedAllocator@shdfnd@2@@shdfnd@2@PEBUPxDebugText@2@I@Z 000000018002bcd0 f i CctCharacterControllerManager.obj
 0001:0002ad70       ??$append@UPxDebugTriangle@physx@@@RenderBuffer@Cm@physx@@AEAAXAEAV?$Array@UPxDebugTriangle@physx@@VNamedAllocator@shdfnd@2@@shdfnd@2@PEBUPxDebugTriangle@2@I@Z 000000018002bd70 f i CctCharacterControllerManager.obj
 0001:0002ae10       ??$resetOrClear@V?$Array@PEBXVNamedAllocator@shdfnd@physx@@@shdfnd@physx@@@@YAXAEAV?$Array@PEBXVNamedAllocator@shdfnd@physx@@@shdfnd@physx@@@Z 000000018002be10 f i CctCharacterControllerManager.obj
 0001:0002ae90       ??$resetOrClear@V?$Array@UPxExtendedCapsule@physx@@VNamedAllocator@shdfnd@2@@shdfnd@physx@@@@YAXAEAV?$Array@UPxExtendedCapsule@physx@@VNamedAllocator@shdfnd@2@@shdfnd@physx@@@Z 000000018002be90 f i CctCharacterControllerManager.obj
 0001:0002af10       ??$resetOrClear@V?$Array@VPxExtendedBox@physx@@VNamedAllocator@shdfnd@2@@shdfnd@physx@@@@YAXAEAV?$Array@VPxExtendedBox@physx@@VNamedAllocator@shdfnd@2@@shdfnd@physx@@@Z 000000018002bf10 f i CctCharacterControllerManager.obj
 0001:0002af90       ??$swap@PEAVController@Cct@physx@@@shdfnd@physx@@YAXAEAPEAVController@Cct@1@0@Z 000000018002bf90 f i CctCharacterControllerManager.obj
 0001:0002afe0       ??0?$Array@DVNamedAllocator@shdfnd@physx@@@shdfnd@physx@@QEAA@AEBVNamedAllocator@12@@Z 000000018002bfe0 f i CctCharacterControllerManager.obj
 0001:0002b040       ??0?$Array@PEAVController@Cct@physx@@VNamedAllocator@shdfnd@3@@shdfnd@physx@@QEAA@AEBVNamedAllocator@12@@Z 000000018002c040 f i CctCharacterControllerManager.obj
 0001:0002b0a0       ??0?$Array@PEAVObstacleContext@Cct@physx@@VNamedAllocator@shdfnd@3@@shdfnd@physx@@QEAA@AEBVNamedAllocator@12@@Z 000000018002c0a0 f i CctCharacterControllerManager.obj
 0001:0002b100       ??0?$Array@PEBXVNamedAllocator@shdfnd@physx@@@shdfnd@physx@@QEAA@AEBVNamedAllocator@12@@Z 000000018002c100 f i CctCharacterControllerManager.obj
 0001:0002b160       ??0?$Array@UPxDebugLine@physx@@VNamedAllocator@shdfnd@2@@shdfnd@physx@@QEAA@AEBVNamedAllocator@12@@Z 000000018002c160 f i CctCharacterControllerManager.obj
 0001:0002b1c0       ??0?$Array@UPxDebugPoint@physx@@VNamedAllocator@shdfnd@2@@shdfnd@physx@@QEAA@AEBVNamedAllocator@12@@Z 000000018002c1c0 f i CctCharacterControllerManager.obj
 0001:0002b220       ??0?$Array@UPxDebugText@physx@@VNamedAllocator@shdfnd@2@@shdfnd@physx@@QEAA@AEBVNamedAllocator@12@@Z 000000018002c220 f i CctCharacterControllerManager.obj
 0001:0002b280       ??0?$Array@UPxDebugTriangle@physx@@VNamedAllocator@shdfnd@2@@shdfnd@physx@@QEAA@AEBVNamedAllocator@12@@Z 000000018002c280 f i CctCharacterControllerManager.obj
 0001:0002b2e0       ??0?$Array@UPxExtendedCapsule@physx@@VNamedAllocator@shdfnd@2@@shdfnd@physx@@QEAA@AEBVNamedAllocator@12@@Z 000000018002c2e0 f i CctCharacterControllerManager.obj
 0001:0002b340       ??0?$Array@VPxExtendedBox@physx@@VNamedAllocator@shdfnd@2@@shdfnd@physx@@QEAA@AEBVNamedAllocator@12@@Z 000000018002c340 f i CctCharacterControllerManager.obj
 0001:0002b3a0       ??0?$HashBase@PEAVPxShape@physx@@PEAV12@U?$Hash@PEAVPxShape@physx@@@shdfnd@2@UGetKey@?$HashSetBase@PEAVPxShape@physx@@U?$Hash@PEAVPxShape@physx@@@shdfnd@2@VAllocator@42@$0A@@internal@42@VAllocator@42@$0A@@internal@shdfnd@physx@@QEAA@IM@Z 000000018002c3a0 f i CctCharacterControllerManager.obj
 0001:0002b400       ??0?$HashSet@PEAVPxShape@physx@@U?$Hash@PEAVPxShape@physx@@@shdfnd@2@VAllocator@42@@shdfnd@physx@@QEAA@IM@Z 000000018002c400 f i CctCharacterControllerManager.obj
 0001:0002b440       ??0?$HashSetBase@PEAVPxShape@physx@@U?$Hash@PEAVPxShape@physx@@@shdfnd@2@VAllocator@42@$0A@@internal@shdfnd@physx@@QEAA@IM@Z 000000018002c440 f i CctCharacterControllerManager.obj
 0001:0002b490       ??0?$PxFlags@W4Enum@PxControllerDebugRenderFlag@physx@@I@physx@@QEAA@I@Z 000000018002c490 f i CctCharacterControllerManager.obj
 0001:0002b4b0       ??0?$ReflectionAllocator@VBoxController@Cct@physx@@@shdfnd@physx@@QEAA@PEBD@Z 000000018002c4b0 f i CctCharacterControllerManager.obj
 0001:0002b4d0       ??0?$ReflectionAllocator@VCapsuleController@Cct@physx@@@shdfnd@physx@@QEAA@PEBD@Z 000000018002c4d0 f i CctCharacterControllerManager.obj
 0001:0002b4f0       ??0?$ReflectionAllocator@VCharacterControllerManager@Cct@physx@@@shdfnd@physx@@QEAA@PEBD@Z 000000018002c4f0 f i CctCharacterControllerManager.obj
 0001:0002b510       ??0?$ReflectionAllocator@VObstacleContext@Cct@physx@@@shdfnd@physx@@QEAA@PEBD@Z 000000018002c510 f i CctCharacterControllerManager.obj
 0001:0002b530       ??0?$ReflectionAllocator@VRenderBuffer@Cm@physx@@@shdfnd@physx@@QEAA@PEBD@Z 000000018002c530 f i CctCharacterControllerManager.obj
 0001:0002b550       ??0Axes@Gu@physx@@QEAA@W4AxisOrder@12@@Z 000000018002c550 f i CctCharacterControllerManager.obj
 0001:0002b5b0       ??0PxDebugLine@physx@@QEAA@AEBU01@@Z 000000018002c5b0 f i CctCharacterControllerManager.obj
 0001:0002b630       ??0PxDebugPoint@physx@@QEAA@AEBU01@@Z 000000018002c630 f i CctCharacterControllerManager.obj
 0001:0002b680       ??0PxDebugText@physx@@QEAA@AEBU01@@Z 000000018002c680 f i CctCharacterControllerManager.obj
 0001:0002b700       ??0PxDebugTriangle@physx@@QEAA@AEBU01@@Z 000000018002c700 f i CctCharacterControllerManager.obj
 0001:0002b7c0       ??0PxRenderBuffer@physx@@QEAA@XZ 000000018002c7c0 f i CctCharacterControllerManager.obj
 0001:0002b7e0       ??0RenderBuffer@Cm@physx@@QEAA@XZ 000000018002c7e0 f i CctCharacterControllerManager.obj
 0001:0002b960       ??1?$Array@DVNamedAllocator@shdfnd@physx@@@shdfnd@physx@@QEAA@XZ 000000018002c960 f i CctCharacterControllerManager.obj
 0001:0002b9e0       ??1?$Array@PEAVController@Cct@physx@@VNamedAllocator@shdfnd@3@@shdfnd@physx@@QEAA@XZ 000000018002c9e0 f i CctCharacterControllerManager.obj
 0001:0002ba70       ??1?$Array@PEAVObstacleContext@Cct@physx@@VNamedAllocator@shdfnd@3@@shdfnd@physx@@QEAA@XZ 000000018002ca70 f i CctCharacterControllerManager.obj
 0001:0002bb00       ??1?$Array@PEBXVNamedAllocator@shdfnd@physx@@@shdfnd@physx@@QEAA@XZ 000000018002cb00 f i CctCharacterControllerManager.obj
 0001:0002bb90       ??1?$Array@UPxDebugLine@physx@@VNamedAllocator@shdfnd@2@@shdfnd@physx@@QEAA@XZ 000000018002cb90 f i CctCharacterControllerManager.obj
 0001:0002bc20       ??1?$Array@UPxDebugPoint@physx@@VNamedAllocator@shdfnd@2@@shdfnd@physx@@QEAA@XZ 000000018002cc20 f i CctCharacterControllerManager.obj
 0001:0002bcb0       ??1?$Array@UPxDebugText@physx@@VNamedAllocator@shdfnd@2@@shdfnd@physx@@QEAA@XZ 000000018002ccb0 f i CctCharacterControllerManager.obj
 0001:0002bd40       ??1?$Array@UPxDebugTriangle@physx@@VNamedAllocator@shdfnd@2@@shdfnd@physx@@QEAA@XZ 000000018002cd40 f i CctCharacterControllerManager.obj
 0001:0002bdd0       ??1?$Array@UPxExtendedCapsule@physx@@VNamedAllocator@shdfnd@2@@shdfnd@physx@@QEAA@XZ 000000018002cdd0 f i CctCharacterControllerManager.obj
 0001:0002be60       ??1?$Array@VPxExtendedBox@physx@@VNamedAllocator@shdfnd@2@@shdfnd@physx@@QEAA@XZ 000000018002ce60 f i CctCharacterControllerManager.obj
 0001:0002bef0       ??1?$HashBase@PEAVPxShape@physx@@PEAV12@U?$Hash@PEAVPxShape@physx@@@shdfnd@2@UGetKey@?$HashSetBase@PEAVPxShape@physx@@U?$Hash@PEAVPxShape@physx@@@shdfnd@2@VAllocator@42@$0A@@internal@42@VAllocator@42@$0A@@internal@shdfnd@physx@@QEAA@XZ 000000018002cef0 f i CctCharacterControllerManager.obj
 0001:0002bf40       ??1?$HashSet@PEAVPxShape@physx@@U?$Hash@PEAVPxShape@physx@@@shdfnd@2@VAllocator@42@@shdfnd@physx@@QEAA@XZ 000000018002cf40 f i CctCharacterControllerManager.obj
 0001:0002bf60       ??1?$HashSetBase@PEAVPxShape@physx@@U?$Hash@PEAVPxShape@physx@@@shdfnd@2@VAllocator@42@$0A@@internal@shdfnd@physx@@QEAA@XZ 000000018002cf60 f i CctCharacterControllerManager.obj
 0001:0002bf90       ??1Axes@Gu@physx@@QEAA@XZ  000000018002cf90 f i CctCharacterControllerManager.obj
 0001:0002bfa0       ??1PxRenderBuffer@physx@@UEAA@XZ 000000018002cfa0 f i CctCharacterControllerManager.obj
 0001:0002bfc0       ??1RenderBuffer@Cm@physx@@UEAA@XZ 000000018002cfc0 f i CctCharacterControllerManager.obj
 0001:0002c050       ??4?$PxFlags@W4Enum@PxControllerDebugRenderFlag@physx@@I@physx@@QEAAAEAV01@AEBV01@@Z 000000018002d050 f i CctCharacterControllerManager.obj
[...]
 0003:00001bfc       ??_B?1??make@DNameStatusNode@@SAPEAV1@W4DNameStatus@@@Z@51 000000018012abfc     libvcruntimed:undname.obj
 0003:00001da8       _pfnDumpClient             000000018012ada8     libucrtd:debug_heap.obj
 0003:00002188       _environ_table             000000018012b188     libucrtd:environment_initialization.obj
 0003:00002190       _wenviron_table            000000018012b190     libucrtd:environment_initialization.obj
 0003:000021a0       __dcrt_initial_wide_environment 000000018012b1a0     libucrtd:environment_initialization.obj
 0003:000021b0       __dcrt_initial_narrow_environment 000000018012b1b0     libucrtd:environment_initialization.obj
 0003:000021c0       __acrt_atexit_table        000000018012b1c0     libucrtd:onexit.obj
 0003:000021e0       __acrt_at_quick_exit_table 000000018012b1e0     libucrtd:onexit.obj
 0003:00002210       _pfnReportHook             000000018012b210     libucrtd:dbgrptt.obj
 0003:00002218       _pReportHookList           000000018012b218     libucrtd:dbgrptt.obj
 0003:00002220       _pReportHookListW          000000018012b220     libucrtd:dbgrptt.obj
 0003:000024e0       __acrt_locale_changed_data 000000018012b4e0     libucrtd:wsetlocale.obj
 0003:000024e8       __acrt_current_locale_data 000000018012b4e8     libucrtd:nlsdata.obj
 0003:000024f8       __acrt_heap                000000018012b4f8     libucrtd:heap_handle.obj
 0003:00002718       __mbcodepage               000000018012b718     libucrtd:mbctype.obj
 0003:0000271c       __ismbcodepage             000000018012b71c     libucrtd:mbctype.obj
 0003:00002720       __mbulinfo                 000000018012b720     libucrtd:mbctype.obj
 0003:00002738       __mblocalename             000000018012b738     libucrtd:mbctype.obj
 0003:00002744       __argc                     000000018012b744     libucrtd:argv_data.obj
 0003:00002748       __argv                     000000018012b748     libucrtd:argv_data.obj
 0003:00002758       __wargv                    000000018012b758     libucrtd:argv_data.obj
 0003:00002768       _acmdln                    000000018012b768     libucrtd:argv_data.obj
 0003:00002778       _wcmdln                    000000018012b778     libucrtd:argv_data.obj
 0003:00002788       _pgmptr                    000000018012b788     libucrtd:argv_data.obj
 0003:00002798       _wpgmptr                   000000018012b798     libucrtd:argv_data.obj
 0003:000027b0       __pioinfo                  000000018012b7b0     libucrtd:ioinit.obj
 0003:00002c7c       _nhandle                   000000018012bc7c     libucrtd:ioinit.obj
 0003:00002c90       __acrt_stdout_buffer       000000018012bc90     libucrtd:_sftbuf.obj
 0003:00002ca0       __acrt_stderr_buffer       000000018012bca0     libucrtd:_sftbuf.obj
 0003:00002cb0       _nstream                   000000018012bcb0     libucrtd:_file.obj
 0003:00002cb8       __piob                     000000018012bcb8     libucrtd:_file.obj
 0003:00002cc4       _cflush                    000000018012bcc4     libucrtd:_file.obj
 0003:00003443       __acrt_lconv_static_null   000000018012c443     libucrtd:localeconv.obj
 0003:00003444       __acrt_lconv_static_W_null 000000018012c444     libucrtd:localeconv.obj
 0003:0000344c       __fma3_is_available        000000018012c44c     libucrtd:fma3_available.obj
 0003:00003450       __use_fma3_lib             000000018012c450     libucrtd:fma3_available.obj
 0003:00003458       ?g_OutOfMemoryExceptionCallback@@3P6APEAXXZEA 000000018012c458     libvcruntimed:frame.obj
 0003:00003464       __scrt_ucrt_dll_is_in_use  000000018012c464     <common>
 0003:00003470       __dyn_tls_init_callback    000000018012c470     <common>
 0005:00000000       __imp_InterlockedPushEntrySList 0000000180138000     kernel32:KERNEL32.dll
 0005:00000008       __imp_RtlPcToFileHeader    0000000180138008     kernel32:KERNEL32.dll
 0005:00000010       __imp_CreateFileW          0000000180138010     kernel32:KERNEL32.dll
 0005:00000018       __imp_SetFilePointerEx     0000000180138018     kernel32:KERNEL32.dll
 0005:00000020       __imp_GetConsoleMode       0000000180138020     kernel32:KERNEL32.dll
 0005:00000028       __imp_GetConsoleCP         0000000180138028     kernel32:KERNEL32.dll
 0005:00000030       __imp_FlushFileBuffers     0000000180138030     kernel32:KERNEL32.dll
 0005:00000038       __imp_SetStdHandle         0000000180138038     kernel32:KERNEL32.dll
 0005:00000040       __imp_GetStringTypeW       0000000180138040     kernel32:KERNEL32.dll
 0005:00000048       __imp_SetEnvironmentVariableW 0000000180138048     kernel32:KERNEL32.dll
 0005:00000050       __imp_SetEnvironmentVariableA 0000000180138050     kernel32:KERNEL32.dll
 0005:00000058       __imp_FreeEnvironmentStringsW 0000000180138058     kernel32:KERNEL32.dll
 0005:00000060       __imp_GetEnvironmentStringsW 0000000180138060     kernel32:KERNEL32.dll
 0005:00000068       __imp_GetCommandLineW      0000000180138068     kernel32:KERNEL32.dll
 0005:00000070       __imp_GetCommandLineA      0000000180138070     kernel32:KERNEL32.dll
 0005:00000078       __imp_GetCPInfo            0000000180138078     kernel32:KERNEL32.dll
 0005:00000080       __imp_GetOEMCP             0000000180138080     kernel32:KERNEL32.dll
 0005:00000088       __imp_IsValidCodePage      0000000180138088     kernel32:KERNEL32.dll
 0005:00000090       __imp_FindNextFileW        0000000180138090     kernel32:KERNEL32.dll
 0005:00000098       __imp_FindNextFileA        0000000180138098     kernel32:KERNEL32.dll
 0005:000000a0       __imp_FindFirstFileExW     00000001801380a0     kernel32:KERNEL32.dll
 0005:000000a8       __imp_FindFirstFileExA     00000001801380a8     kernel32:KERNEL32.dll
 0005:000000b0       __imp_FindClose            00000001801380b0     kernel32:KERNEL32.dll
 0005:000000b8       __imp_EnumSystemLocalesW   00000001801380b8     kernel32:KERNEL32.dll
 0005:000000c0       __imp_GetUserDefaultLCID   00000001801380c0     kernel32:KERNEL32.dll
 0005:000000c8       __imp_IsValidLocale        00000001801380c8     kernel32:KERNEL32.dll
 0005:000000d0       __imp_GetLocaleInfoW       00000001801380d0     kernel32:KERNEL32.dll
 0005:000000d8       __imp_LCMapStringW         00000001801380d8     kernel32:KERNEL32.dll
 0005:000000e0       __imp_CompareStringW       00000001801380e0     kernel32:KERNEL32.dll
 0005:000000e8       __imp_GetTimeFormatW       00000001801380e8     kernel32:KERNEL32.dll
 0005:000000f0       __imp_GetDateFormatW       00000001801380f0     kernel32:KERNEL32.dll
 0005:000000f8       __imp_GetACP               00000001801380f8     kernel32:KERNEL32.dll
 0005:00000100       __imp_HeapQueryInformation 0000000180138100     kernel32:KERNEL32.dll
 0005:00000108       __imp_GetCurrentThread     0000000180138108     kernel32:KERNEL32.dll
 0005:00000110       __imp_HeapReAlloc          0000000180138110     kernel32:KERNEL32.dll
 0005:00000118       __imp_SetConsoleCtrlHandler 0000000180138118     kernel32:KERNEL32.dll
 0005:00000120       __imp_CreateThread         0000000180138120     kernel32:KERNEL32.dll
 0005:00000128       __imp_WaitForSingleObjectEx 0000000180138128     kernel32:KERNEL32.dll
 0005:00000130       __imp_CloseHandle          0000000180138130     kernel32:KERNEL32.dll
 0005:00000138       __imp_WriteConsoleW        0000000180138138     kernel32:KERNEL32.dll
 0005:00000140       __imp_OutputDebugStringW   0000000180138140     kernel32:KERNEL32.dll
 0005:00000148       __imp_InitializeSListHead  0000000180138148     kernel32:KERNEL32.dll
 0005:00000150       __imp_QueryPerformanceCounter 0000000180138150     kernel32:KERNEL32.dll
 0005:00000158       __imp_GetCurrentProcessId  0000000180138158     kernel32:KERNEL32.dll
 0005:00000160       __imp_GetCurrentThreadId   0000000180138160     kernel32:KERNEL32.dll
 0005:00000168       __imp_GetSystemTimeAsFileTime 0000000180138168     kernel32:KERNEL32.dll
 0005:00000170       __imp_RtlCaptureContext    0000000180138170     kernel32:KERNEL32.dll
 0005:00000178       __imp_RtlLookupFunctionEntry 0000000180138178     kernel32:KERNEL32.dll
 0005:00000180       __imp_RtlVirtualUnwind     0000000180138180     kernel32:KERNEL32.dll
 0005:00000188       __imp_IsDebuggerPresent    0000000180138188     kernel32:KERNEL32.dll
 0005:00000190       __imp_UnhandledExceptionFilter 0000000180138190     kernel32:KERNEL32.dll
 0005:00000198       __imp_SetUnhandledExceptionFilter 0000000180138198     kernel32:KERNEL32.dll
 0005:000001a0       __imp_GetStartupInfoW      00000001801381a0     kernel32:KERNEL32.dll
 0005:000001a8       __imp_IsProcessorFeaturePresent 00000001801381a8     kernel32:KERNEL32.dll
 0005:000001b0       __imp_GetModuleHandleW     00000001801381b0     kernel32:KERNEL32.dll
 0005:000001b8       __imp_RaiseException       00000001801381b8     kernel32:KERNEL32.dll
 0005:000001c0       __imp_MultiByteToWideChar  00000001801381c0     kernel32:KERNEL32.dll
 0005:000001c8       __imp_WideCharToMultiByte  00000001801381c8     kernel32:KERNEL32.dll
 0005:000001d0       __imp_GetLastError         00000001801381d0     kernel32:KERNEL32.dll
 0005:000001d8       __imp_HeapAlloc            00000001801381d8     kernel32:KERNEL32.dll
 0005:000001e0       __imp_HeapFree             00000001801381e0     kernel32:KERNEL32.dll
 0005:000001e8       __imp_GetProcessHeap       00000001801381e8     kernel32:KERNEL32.dll
 0005:000001f0       __imp_VirtualQuery         00000001801381f0     kernel32:KERNEL32.dll
 0005:000001f8       __imp_FreeLibrary          00000001801381f8     kernel32:KERNEL32.dll
 0005:00000200       __imp_GetProcAddress       0000000180138200     kernel32:KERNEL32.dll
 0005:00000208       __imp_GetCurrentProcess    0000000180138208     kernel32:KERNEL32.dll
 0005:00000210       __imp_TerminateProcess     0000000180138210     kernel32:KERNEL32.dll
 0005:00000218       __imp_EncodePointer        0000000180138218     kernel32:KERNEL32.dll
 0005:00000220       __imp_InterlockedFlushSList 0000000180138220     kernel32:KERNEL32.dll
 0005:00000228       __imp_RtlUnwindEx          0000000180138228     kernel32:KERNEL32.dll
 0005:00000230       __imp_GetModuleFileNameW   0000000180138230     kernel32:KERNEL32.dll
 0005:00000238       __imp_LoadLibraryExW       0000000180138238     kernel32:KERNEL32.dll
 0005:00000240       __imp_SetLastError         0000000180138240     kernel32:KERNEL32.dll
 0005:00000248       __imp_EnterCriticalSection 0000000180138248     kernel32:KERNEL32.dll
 0005:00000250       __imp_LeaveCriticalSection 0000000180138250     kernel32:KERNEL32.dll
 0005:00000258       __imp_DeleteCriticalSection 0000000180138258     kernel32:KERNEL32.dll
 0005:00000260       __imp_InitializeCriticalSectionAndSpinCount 0000000180138260     kernel32:KERNEL32.dll
 0005:00000268       __imp_TlsAlloc             0000000180138268     kernel32:KERNEL32.dll
 0005:00000270       __imp_TlsGetValue          0000000180138270     kernel32:KERNEL32.dll
 0005:00000278       __imp_TlsSetValue          0000000180138278     kernel32:KERNEL32.dll
 0005:00000280       __imp_TlsFree              0000000180138280     kernel32:KERNEL32.dll
 0005:00000288       __imp_GetModuleFileNameA   0000000180138288     kernel32:KERNEL32.dll
 0005:00000290       __imp_GetModuleHandleExW   0000000180138290     kernel32:KERNEL32.dll
 0005:00000298       __imp_HeapSize             0000000180138298     kernel32:KERNEL32.dll
 0005:000002a0       __imp_HeapValidate         00000001801382a0     kernel32:KERNEL32.dll
 0005:000002a8       __imp_GetSystemInfo        00000001801382a8     kernel32:KERNEL32.dll
 0005:000002b0       __imp_ExitProcess          00000001801382b0     kernel32:KERNEL32.dll
 0005:000002b8       __imp_GetStdHandle         00000001801382b8     kernel32:KERNEL32.dll
 0005:000002c0       __imp_GetFileType          00000001801382c0     kernel32:KERNEL32.dll
 0005:000002c8       __imp_WriteFile            00000001801382c8     kernel32:KERNEL32.dll
 0005:000002d0       __imp_OutputDebugStringA   00000001801382d0     kernel32:KERNEL32.dll
 0005:000002d8       \177KERNEL32_NULL_THUNK_DATA 00000001801382d8     kernel32:KERNEL32.dll
 0005:000003c0       __imp_?GetRaycastFuncTable@Gu@physx@@YAAEAY06P6AIAEBVPxGeometry@2@AEBVPxTransform@2@AEBVPxVec3@2@2MV?$PxFlags@W4Enum@PxHitFlag@physx@@G@2@IPEIAUPxRaycastHit@2@_NP6A_NAEAU72@PEAX@Z7@ZXZ 00000001801383c0     PhysX3CommonDEBUG_x64:PhysX3CommonDEBUG_x64.dll
 0005:000003c8       __imp_?getSize@MutexImpl@shdfnd@physx@@SAAEBIXZ 00000001801383c8     PhysX3CommonDEBUG_x64:PhysX3CommonDEBUG_x64.dll
 0005:000003d0       __imp_??1MutexImpl@shdfnd@physx@@QEAA@XZ 00000001801383d0     PhysX3CommonDEBUG_x64:PhysX3CommonDEBUG_x64.dll
 0005:000003d8       __imp_??0MutexImpl@shdfnd@physx@@QEAA@XZ 00000001801383d8     PhysX3CommonDEBUG_x64:PhysX3CommonDEBUG_x64.dll
 0005:000003e0       __imp_?distanceSegmentSegmentSquaredOLD@Gu@physx@@YAMAEBVPxVec3@2@000PEAM1@Z 00000001801383e0     PhysX3CommonDEBUG_x64:PhysX3CommonDEBUG_x64.dll
 0005:000003e8       __imp_?CompleteBoxPruning@Gu@physx@@YA_NPEBVPxBounds3@2@IAEAV?$Array@IVNamedAllocator@shdfnd@physx@@@shdfnd@2@AEBVAxes@12@@Z 00000001801383e8     PhysX3CommonDEBUG_x64:PhysX3CommonDEBUG_x64.dll
 0005:000003f0       __imp_?error@Foundation@shdfnd@physx@@QEAAXW4Enum@PxErrorCode@3@PEBDH1ZZ 00000001801383f0     PhysX3CommonDEBUG_x64:PhysX3CommonDEBUG_x64.dll
 0005:000003f8       __imp_?decRefCount@Foundation@shdfnd@physx@@SAXXZ 00000001801383f8     PhysX3CommonDEBUG_x64:PhysX3CommonDEBUG_x64.dll
 0005:00000400       __imp_?incRefCount@Foundation@shdfnd@physx@@SAXXZ 0000000180138400     PhysX3CommonDEBUG_x64:PhysX3CommonDEBUG_x64.dll
 0005:00000408       __imp_?getInstance@Foundation@shdfnd@physx@@SAAEAV123@XZ 0000000180138408     PhysX3CommonDEBUG_x64:PhysX3CommonDEBUG_x64.dll
 0005:00000410       __imp_?allocate@Allocator@shdfnd@physx@@QEAAPEAX_KPEBDH@Z 0000000180138410     PhysX3CommonDEBUG_x64:PhysX3CommonDEBUG_x64.dll
 0005:00000418       __imp_?getAllocator@shdfnd@physx@@YAAEAVPxAllocatorCallback@2@XZ 0000000180138418     PhysX3CommonDEBUG_x64:PhysX3CommonDEBUG_x64.dll
 0005:00000420       __imp_?intersectTriangleBox@Gu@physx@@YAHAEBVPxVec3@2@0000@Z 0000000180138420     PhysX3CommonDEBUG_x64:PhysX3CommonDEBUG_x64.dll
 0005:00000428       __imp_??6RenderOutput@Cm@physx@@QEAAAEAV012@VPxVec3@2@@Z 0000000180138428     PhysX3CommonDEBUG_x64:PhysX3CommonDEBUG_x64.dll
 0005:00000430       __imp_??6RenderOutput@Cm@physx@@QEAAAEAV012@W4Primitive@012@@Z 0000000180138430     PhysX3CommonDEBUG_x64:PhysX3CommonDEBUG_x64.dll
 0005:00000438       __imp_?getTriangle@PxMeshQuery@physx@@SAXAEBVPxHeightFieldGeometry@2@AEBVPxTransform@2@IAEAVPxTriangle@2@PEAI3@Z 0000000180138438     PhysX3CommonDEBUG_x64:PhysX3CommonDEBUG_x64.dll
 0005:00000440       __imp_?getTriangle@PxMeshQuery@physx@@SAXAEBVPxTriangleMeshGeometry@2@AEBVPxTransform@2@IAEAVPxTriangle@2@PEAI3@Z 0000000180138440     PhysX3CommonDEBUG_x64:PhysX3CommonDEBUG_x64.dll
 0005:00000448       __imp_?sweep@PxMeshQuery@physx@@SA_NAEBVPxVec3@2@MAEBVPxGeometry@2@AEBVPxTransform@2@IPEBVPxTriangle@2@AEAUPxSweepHit@2@V?$PxFlags@W4Enum@PxHitFlag@physx@@G@2@PEBIM_N@Z 0000000180138448     PhysX3CommonDEBUG_x64:PhysX3CommonDEBUG_x64.dll
 0005:00000450       __imp_?distanceSegmentBoxSquared@Gu@physx@@YAMAEBVPxVec3@2@000AEBVPxMat33@2@PEAMPEAV32@@Z 0000000180138450     PhysX3CommonDEBUG_x64:PhysX3CommonDEBUG_x64.dll
 0005:00000458       __imp_?intersectOBBOBB@Gu@physx@@YA_NAEBVPxVec3@2@0AEBVPxMat33@2@001_N@Z 0000000180138458     PhysX3CommonDEBUG_x64:PhysX3CommonDEBUG_x64.dll
 0005:00000460       __imp_??1Box@Gu@physx@@QEAA@XZ 0000000180138460     PhysX3CommonDEBUG_x64:PhysX3CommonDEBUG_x64.dll
 0005:00000468       __imp_??0Box@Gu@physx@@QEAA@AEBVPxVec3@2@0AEBVPxMat33@2@@Z 0000000180138468     PhysX3CommonDEBUG_x64:PhysX3CommonDEBUG_x64.dll
 0005:00000470       __imp_??6Cm@physx@@YAAEAVRenderOutput@01@AEAV201@AEBUDebugBox@01@@Z 0000000180138470     PhysX3CommonDEBUG_x64:PhysX3CommonDEBUG_x64.dll
 0005:00000478       __imp_?outputCapsule@RenderOutput@Cm@physx@@QEAAAEAV123@MMAEBVMatrix34@23@@Z 0000000180138478     PhysX3CommonDEBUG_x64:PhysX3CommonDEBUG_x64.dll
 0005:00000480       __imp_??6RenderOutput@Cm@physx@@QEAAAEAV012@AEBVPxTransform@2@@Z 0000000180138480     PhysX3CommonDEBUG_x64:PhysX3CommonDEBUG_x64.dll
 0005:00000488       __imp_??6RenderOutput@Cm@physx@@QEAAAEAV012@I@Z 0000000180138488     PhysX3CommonDEBUG_x64:PhysX3CommonDEBUG_x64.dll
 0005:00000490       __imp_??0RenderOutput@Cm@physx@@QEAA@AEAVRenderBuffer@12@@Z 0000000180138490     PhysX3CommonDEBUG_x64:PhysX3CommonDEBUG_x64.dll
 0005:00000498       __imp_?deallocate@NamedAllocator@shdfnd@physx@@QEAAXPEAX@Z 0000000180138498     PhysX3CommonDEBUG_x64:PhysX3CommonDEBUG_x64.dll
 0005:000004a0       __imp_?allocate@NamedAllocator@shdfnd@physx@@QEAAPEAX_KPEBDH@Z 00000001801384a0     PhysX3CommonDEBUG_x64:PhysX3CommonDEBUG_x64.dll
 0005:000004a8       __imp_??1NamedAllocator@shdfnd@physx@@QEAA@XZ 00000001801384a8     PhysX3CommonDEBUG_x64:PhysX3CommonDEBUG_x64.dll
 0005:000004b0       __imp_??0NamedAllocator@shdfnd@physx@@QEAA@AEBV012@@Z 00000001801384b0     PhysX3CommonDEBUG_x64:PhysX3CommonDEBUG_x64.dll
 0005:000004b8       __imp_??0NamedAllocator@shdfnd@physx@@QEAA@PEBD@Z 00000001801384b8     PhysX3CommonDEBUG_x64:PhysX3CommonDEBUG_x64.dll
 0005:000004c0       __imp_?computePenetration@PxGeometryQuery@physx@@SA_NAEAVPxVec3@2@AEAMAEBVPxGeometry@2@AEBVPxTransform@2@23@Z 00000001801384c0     PhysX3CommonDEBUG_x64:PhysX3CommonDEBUG_x64.dll
 0005:000004c8       __imp_?sweep@PxGeometryQuery@physx@@SA_NAEBVPxVec3@2@MAEBVPxGeometry@2@AEBVPxTransform@2@12AEAUPxSweepHit@2@V?$PxFlags@W4Enum@PxHitFlag@physx@@G@2@M@Z 00000001801384c8     PhysX3CommonDEBUG_x64:PhysX3CommonDEBUG_x64.dll
 0005:000004d0       __imp_?PxTransformFromSegment@physx@@YA?AVPxTransform@1@AEBVPxVec3@1@0PEAM@Z 00000001801384d0     PhysX3CommonDEBUG_x64:PhysX3CommonDEBUG_x64.dll
 0005:000004d8       __imp_?unlock@MutexImpl@shdfnd@physx@@QEAAXXZ 00000001801384d8     PhysX3CommonDEBUG_x64:PhysX3CommonDEBUG_x64.dll
 0005:000004e0       __imp_?lock@MutexImpl@shdfnd@physx@@QEAAXXZ 00000001801384e0     PhysX3CommonDEBUG_x64:PhysX3CommonDEBUG_x64.dll
 0005:000004e8       __imp_?deallocate@Allocator@shdfnd@physx@@QEAAXPEAX@Z 00000001801384e8     PhysX3CommonDEBUG_x64:PhysX3CommonDEBUG_x64.dll
 0005:000004f0       __imp_??0Allocator@shdfnd@physx@@QEAA@PEBD@Z 00000001801384f0     PhysX3CommonDEBUG_x64:PhysX3CommonDEBUG_x64.dll
 0005:000004f8       __imp_?findOverlapTriangleMesh@PxMeshQuery@physx@@SAIAEBVPxGeometry@2@AEBVPxTransform@2@AEBVPxTriangleMeshGeometry@2@1PEAIIIAEA_N@Z 00000001801384f8     PhysX3CommonDEBUG_x64:PhysX3CommonDEBUG_x64.dll
 0005:00000500       __imp_?findOverlapHeightField@PxMeshQuery@physx@@SAIAEBVPxGeometry@2@AEBVPxTransform@2@AEBVPxHeightFieldGeometry@2@1PEAIIIAEA_N@Z 0000000180138500     PhysX3CommonDEBUG_x64:PhysX3CommonDEBUG_x64.dll
 0005:00000508       __imp_?PxDiagonalize@physx@@YA?AVPxVec3@1@AEBVPxMat33@1@AEAVPxQuat@1@@Z 0000000180138508     PhysX3CommonDEBUG_x64:PhysX3CommonDEBUG_x64.dll
 0005:00000510       __imp_PxGetFoundation      0000000180138510     PhysX3CommonDEBUG_x64:PhysX3CommonDEBUG_x64.dll
 0005:00000518       __imp_?PxGetAssertHandler@physx@@YAAEAVPxAssertHandler@1@XZ 0000000180138518     PhysX3CommonDEBUG_x64:PhysX3CommonDEBUG_x64.dll
 0005:00000520       \177PhysX3CommonDEBUG_x64_NULL_THUNK_DATA 0000000180138520     PhysX3CommonDEBUG_x64:PhysX3CommonDEBUG_x64.dll
 0005:000005b8       __IMPORT_DESCRIPTOR_PhysX3CommonDEBUG_x64 00000001801385b8     PhysX3CommonDEBUG_x64:PhysX3CommonDEBUG_x64.dll
 0005:000005cc       __IMPORT_DESCRIPTOR_KERNEL32 00000001801385cc     kernel32:KERNEL32.dll
 0005:000005e0       __NULL_IMPORT_DESCRIPTOR   00000001801385e0     PhysX3CommonDEBUG_x64:PhysX3CommonDEBUG_x64.dll
 0007:00000000       __guard_check_icall_fptr   000000018013c000     LIBCMTD:guard_support.obj
 0007:00000010       __guard_dispatch_icall_fptr 000000018013c010     LIBCMTD:guard_support.obj
