 PhysX3CookingDEBUG_x64

 Timestamp is 5815f830 (Sun Oct 30 22:40:00 2016)

 Preferred load address is 0000000180000000

 Start         Length     Name                   Class
 0001:00000000 00007cf0H .text$di                CODE
 0001:00007cf0 000fda40H .text$mn                CODE
 0001:00105730 00001020H .text$mn$00             CODE
 0001:00106750 00002069H .text$x                 CODE
 0002:00000000 00000110H .CRT$XCA                DATA
 0002:00000110 000001c0H .CRT$XCU                DATA
 0002:000002d0 00000110H .CRT$XCZ                DATA
 0002:000003e0 00000110H .CRT$XIA                DATA
 0002:000004f0 00000130H .CRT$XIC                DATA
 0002:00000620 00000110H .CRT$XIZ                DATA
 0002:00000730 00000110H .CRT$XPA                DATA
 0002:00000840 00000120H .CRT$XPX                DATA
 0002:00000960 00000110H .CRT$XPXA               DATA
 0002:00000a70 00000110H .CRT$XPZ                DATA
 0002:00000b80 00000110H .CRT$XTA                DATA
 0002:00000c90 00000110H .CRT$XTZ                DATA
 0002:00000da0 0002a4d0H .rdata                  DATA
 0002:0002b270 00000740H .rdata$r                DATA
 0002:0002b9b0 000001a8H .rdata$zzzdbg           DATA
 0002:0002bb58 00000110H .rtc$IAA                DATA
 0002:0002bc68 00000208H .rtc$IMZ                DATA
 0002:0002be70 00000110H .rtc$IZZ                DATA
 0002:0002bf80 00000110H .rtc$TAA                DATA
 0002:0002c090 00000208H .rtc$TMZ                DATA
 0002:0002c298 00000118H .rtc$TZZ                DATA
 0002:0002c3b0 00008190H .xdata                  DATA
 0002:00034540 00000280H .xdata$x                DATA
 0002:000347c0 000001a0H .edata                  DATA
 0003:00000000 00000da8H .data                   DATA
 0003:00000da8 00000648H .data$r                 DATA
 0003:000013f0 000023a9H .bss                    DATA
 0004:00000000 0000a0a4H .pdata                  DATA
 0005:00000000 000003d8H .idata$5                DATA
 0005:000003d8 00000014H .idata$2                DATA
 0005:000003ec 00000014H .idata$3                DATA
 0005:00000400 000003d8H .idata$4                DATA
 0005:000007d8 000008c4H .idata$6                DATA
 0006:00000000 00000020H .didat$2                DATA
 0006:00000020 00000020H .didat$3                DATA
 0006:00000040 00000468H .didat$4                DATA
 0006:000004a8 00000468H .didat$5                DATA
 0006:00000910 00001968H .didat$6                DATA
 0006:00002278 000004c8H .didat$7                DATA
 0007:00000000 000001f4H .gfids$x                DATA
 0007:000001f4 000001dcH .gfids$y                DATA
 0008:00000000 0000011bH .00cfg                  DATA
 0009:00000000 000001c0H .rsrc$01                DATA
 0009:000001c0 000006a9H .rsrc$02                DATA

  Address         Publics by Value              Rva+Base               Lib:Object

 0000:00000000       __dynamic_value_reloc_table 0000000000000000     <absolute>
 0000:00000000       __guard_fids_count         0000000000000000     <absolute>
 0000:00000000       __guard_fids_table         0000000000000000     <absolute>
 0000:00000000       ___safe_se_handler_table   0000000000000000     <absolute>
 0000:00000000       __guard_iat_table          0000000000000000     <absolute>
 0000:00000000       __guard_iat_count          0000000000000000     <absolute>
 0000:00000000       __guard_longjmp_count      0000000000000000     <absolute>
 0000:00000000       ___safe_se_handler_count   0000000000000000     <absolute>
 0000:00000000       __guard_longjmp_table      0000000000000000     <absolute>
 0000:00000100       __guard_flags              0000000000000100     <absolute>
 0000:00000000       __ImageBase                0000000180000000     <linker-defined>
 0001:00007cf0       PxSetPhysXCookingDelayLoadHook 0000000180008cf0 f   WindowsCookingDelayLoadHook.obj
 0001:00007d10       ?delayHook@@YAP6A_JXZIPEAUDelayLoadInfo@@@Z 0000000180008d10 f   WindowsCookingDelayLoadHook.obj
 0001:00007dc0       ?loadLibrary@shdfnd@physx@@YAPEAUHINSTANCE__@@PEBD@Z 0000000180008dc0 f i WindowsCookingDelayLoadHook.obj
 0001:00007de0       ?physXCommonDliNotePreLoadLibrary@shdfnd@physx@@YAP6A_JXZPEBDPEBVPxDelayLoadHook@2@@Z 0000000180008de0 f i WindowsCookingDelayLoadHook.obj
 0001:00008340       ?strstr@@YAPEADQEADQEBD@Z  0000000180009340 f i WindowsCookingDelayLoadHook.obj
 0001:00008370       ?saveHeightField@physx@@YA_NAEBVHeightField@Gu@1@AEAVPxOutputStream@1@_N@Z 0000000180009370 f   HeightFieldCooking.obj
 0001:00008890       ??B?$PxFlags@W4Enum@PxHeightFieldFlag@physx@@G@physx@@QEBAGXZ 0000000180009890 f i HeightFieldCooking.obj
 0001:000088b0       ?__empty_global_delete@@YAXPEAX@Z 00000001800098b0 f i HeightFieldCooking.obj
 0001:000088c0       ?__global_array_delete@@YAXPEAX_K@Z 00000001800098c0 f i HeightFieldCooking.obj
 0001:000088c0       ?__global_delete@@YAXPEAX_K@Z 00000001800098c0 f i HeightFieldCooking.obj
 0001:000088c0       ?__empty_global_delete@@YAXPEAX_K@Z 00000001800098c0 f i HeightFieldCooking.obj
 0001:000088d0       ?getData@HeightField@Gu@physx@@QEBAAEBUHeightFieldData@23@XZ 00000001800098d0 f i HeightFieldCooking.obj
 0001:000088f0       ?buildFromTriangles@RTreeCooker@physx@@SAXAEAURTree@Gu@2@PEBVPxVec3@2@IPEBGPEBIIAEAV?$Array@IVNamedAllocator@shdfnd@physx@@@shdfnd@2@PEAURemapCallback@12@MW4Enum@PxMeshCookingHint@2@@Z 00000001800098f0 f   RTreeCooking.obj
 0001:0000a760       ??$PX_UNUSED@I@@YAXAEBI@Z  000000018000b760 f i RTreeCooking.obj
 0001:0000a770       ??$PX_UNUSED@M@@YAXAEBM@Z  000000018000b770 f i RTreeCooking.obj
 0001:0000a780       ??$PX_UNUSED@PEAURTreeNodeNQ@physx@@@@YAXAEBQEAURTreeNodeNQ@physx@@@Z 000000018000b780 f i RTreeCooking.obj
 0001:0000a790       ??$PX_UNUSED@URTreeNodeNQ@physx@@@@YAXAEBURTreeNodeNQ@physx@@@Z 000000018000b790 f i RTreeCooking.obj
 0001:0000a7a0       ??$PxMax@H@physx@@YAHHH@Z  000000018000b7a0 f i RTreeCooking.obj
 0001:0000a7e0       ??$PxMax@I@physx@@YAIII@Z  000000018000b7e0 f i RTreeCooking.obj
 0001:0000a820       ??$PxMax@M@physx@@YAMMM@Z  000000018000b820 f i RTreeCooking.obj
 0001:0000a850       ??$PxMin@I@physx@@YAIII@Z  000000018000b850 f i RTreeCooking.obj
 0001:0000a890       ??$PxMin@M@physx@@YAMMM@Z  000000018000b890 f i RTreeCooking.obj
 0001:0000a8c0       ??$median3@I$$CBU?$Less@I@shdfnd@physx@@@internal@shdfnd@physx@@YAXPEAIHHAEBU?$Less@I@12@@Z 000000018000b8c0 f i RTreeCooking.obj
 0001:0000aa80       ??$median3@I$$CBUSortBoundsPredicate@physx@@@internal@shdfnd@physx@@YAXPEAIHHAEBUSortBoundsPredicate@2@@Z 000000018000ba80 f i RTreeCooking.obj
 0001:0000ac40       ??$partition@I$$CBU?$Less@I@shdfnd@physx@@@internal@shdfnd@physx@@YAHPEAIHHAEBU?$Less@I@12@@Z 000000018000bc40 f i RTreeCooking.obj
 0001:0000aeb0       ??$partition@I$$CBUSortBoundsPredicate@physx@@@internal@shdfnd@physx@@YAHPEAIHHAEBUSortBoundsPredicate@2@@Z 000000018000beb0 f i RTreeCooking.obj
 0001:0000b120       ??$partition@UBoundsLTE@physx@@@quickSelect@physx@@YAIPEIAIIIIAEBUBoundsLTE@1@@Z 000000018000c120 f i RTreeCooking.obj
 0001:0000b540       ??$quickSelectFirstK@UBoundsLTE@physx@@@quickSelect@physx@@YAXPEIAIIIIAEBUBoundsLTE@1@@Z 000000018000c540 f i RTreeCooking.obj
 0001:0000b6f0       ??$smallSort@I$$CBU?$Less@I@shdfnd@physx@@@internal@shdfnd@physx@@YAXPEAIHHAEBU?$Less@I@12@@Z 000000018000c6f0 f i RTreeCooking.obj
 0001:0000b800       ??$smallSort@I$$CBUSortBoundsPredicate@physx@@@internal@shdfnd@physx@@YAXPEAIHHAEBUSortBoundsPredicate@2@@Z 000000018000c800 f i RTreeCooking.obj
 0001:0000b910       ??$sort@I@shdfnd@physx@@YAXPEAII@Z 000000018000c910 f i RTreeCooking.obj
 0001:0000b970       ??$sort@IU?$Less@I@shdfnd@physx@@VNamedAllocator@23@@shdfnd@physx@@YAXPEAIIAEBU?$Less@I@01@AEBVNamedAllocator@01@I@Z 000000018000c970 f i RTreeCooking.obj
 0001:0000bd30       ??$sort@IUSortBoundsPredicate@physx@@@shdfnd@physx@@YAXPEAIIAEBUSortBoundsPredicate@1@@Z 000000018000cd30 f i RTreeCooking.obj
 0001:0000bd90       ??$sort@IUSortBoundsPredicate@physx@@VNamedAllocator@shdfnd@2@@shdfnd@physx@@YAXPEAIIAEBUSortBoundsPredicate@1@AEBVNamedAllocator@01@I@Z 000000018000cd90 f i RTreeCooking.obj
 0001:0000c150       ??$swap@I@shdfnd@physx@@YAXAEAI0@Z 000000018000d150 f i RTreeCooking.obj
 0001:0000c1a0       ??0?$AlignedAllocator@$0IA@VAllocator@shdfnd@physx@@@shdfnd@physx@@QEAA@AEBVAllocator@12@@Z 000000018000d1a0 f i RTreeCooking.obj
 0001:0000c1c0       ??0?$Array@IVNamedAllocator@shdfnd@physx@@@shdfnd@physx@@QEAA@IAEBIAEBVNamedAllocator@12@@Z 000000018000d1c0 f i RTreeCooking.obj
 0001:0000c250       ??0?$Array@UInterval@physx@@V?$InlineAllocator@$0CA@VNamedAllocator@shdfnd@physx@@@shdfnd@2@@shdfnd@physx@@QEAA@AEBV?$InlineAllocator@$0CA@VNamedAllocator@shdfnd@physx@@@12@@Z 000000018000d250 f i RTreeCooking.obj
 0001:0000c2b0       ??0?$Array@UPxBounds3V@physx@@VNamedAllocator@shdfnd@2@@shdfnd@physx@@QEAA@AEBVNamedAllocator@12@@Z 000000018000d2b0 f i RTreeCooking.obj
 0001:0000c310       ??0?$Array@URTreeNodeNQ@physx@@VNamedAllocator@shdfnd@2@@shdfnd@physx@@QEAA@AEBVNamedAllocator@12@@Z 000000018000d310 f i RTreeCooking.obj
 0001:0000c370       ??0?$Array@URTreeNodeQ@Gu@physx@@VNamedAllocator@shdfnd@3@@shdfnd@physx@@QEAA@AEBVNamedAllocator@12@@Z 000000018000d370 f i RTreeCooking.obj
 0001:0000c3d0       ??0?$Array@VPxVec3@physx@@VNamedAllocator@shdfnd@2@@shdfnd@physx@@QEAA@AEBVNamedAllocator@12@@Z 000000018000d3d0 f i RTreeCooking.obj
 0001:0000c430       ??0?$InlineAllocator@$0CA@VNamedAllocator@shdfnd@physx@@@shdfnd@physx@@QEAA@AEBV012@@Z 000000018000d430 f i RTreeCooking.obj
 0001:0000c470       ??0?$InlineAllocator@$0CA@VNamedAllocator@shdfnd@physx@@@shdfnd@physx@@QEAA@AEBVNamedAllocator@12@@Z 000000018000d470 f i RTreeCooking.obj
 0001:0000c4b0       ??0?$InlineArray@UInterval@physx@@$03VNamedAllocator@shdfnd@2@@shdfnd@physx@@QEAA@AEBVNamedAllocator@12@@Z 000000018000d4b0 f i RTreeCooking.obj
 0001:0000c530       ??0?$ScopedPointer@HVTempAllocator@shdfnd@physx@@@shdfnd@physx@@QEAA@XZ 000000018000d530 f i RTreeCooking.obj
 0001:0000c560       ??0?$Stack@VNamedAllocator@shdfnd@physx@@@internal@shdfnd@physx@@QEAA@PEAHIAEBVNamedAllocator@23@@Z 000000018000d560 f i RTreeCooking.obj
 0001:0000c5e0       ??0BoundsLTE@physx@@QEAA@IPEBVPxVec3@1@@Z 000000018000d5e0 f i RTreeCooking.obj
 0001:0000c620       ??0Interval@physx@@QEAA@II@Z 000000018000d620 f i RTreeCooking.obj
 0001:0000c660       ??0PxBounds3@physx@@QEAA@AEBV01@@Z 000000018000d660 f i RTreeCooking.obj
 0001:0000c6c0       ??0PxBounds3@physx@@QEAA@AEBVPxVec3@1@0@Z 000000018000d6c0 f i RTreeCooking.obj
 0001:0000c720       ??0PxBounds3V@physx@@QEAA@AEAT__m128@@0@Z 000000018000d720 f i RTreeCooking.obj
 0001:0000c770       ??0PxBounds3V@physx@@QEAA@UU@01@@Z 000000018000d770 f i RTreeCooking.obj
 0001:0000c790       ??0PxVec3@physx@@QEAA@AEBV01@@Z 000000018000d790 f i RTreeCooking.obj
 0001:0000c7f0       ??0PxVec3@physx@@QEAA@M@Z  000000018000d7f0 f i RTreeCooking.obj
 0001:0000c840       ??0PxVec3@physx@@QEAA@MMM@Z 000000018000d840 f i RTreeCooking.obj
 0001:0000c8a0       ??0PxVec4@physx@@QEAA@AEBVPxVec3@1@M@Z 000000018000d8a0 f i RTreeCooking.obj
 0001:0000c920       ??0PxVec4@physx@@QEAA@M@Z  000000018000d920 f i RTreeCooking.obj
 0001:0000c990       ??0PxVec4@physx@@QEAA@MMMM@Z 000000018000d990 f i RTreeCooking.obj
 0001:0000ca10       ??0RTreeNodeNQ@physx@@QEAA@AEBU01@@Z 000000018000da10 f i RTreeCooking.obj
 0001:0000ca70       ??0RTreeNodeNQ@physx@@QEAA@XZ 000000018000da70 f i RTreeCooking.obj
 0001:0000cac0       ??0SortBoundsPredicate@physx@@QEAA@IPEBUPxBounds3V@1@@Z 000000018000dac0 f i RTreeCooking.obj
 0001:0000cb00       ??0SubSortQuick@physx@@QEAA@PEAIPEBUPxBounds3V@1@IM@Z 000000018000db00 f i RTreeCooking.obj
 0001:0000ccb0       ??0SubSortSAH@physx@@QEAA@PEAIPEBUPxBounds3V@1@IPEBI22222M@Z 000000018000dcb0 f i RTreeCooking.obj
 0001:0000cf20       ??1?$Array@IVNamedAllocator@shdfnd@physx@@@shdfnd@physx@@QEAA@XZ 000000018000df20 f i RTreeCooking.obj
 0001:0000cfb0       ??1?$Array@UInterval@physx@@V?$InlineAllocator@$0CA@VNamedAllocator@shdfnd@physx@@@shdfnd@2@@shdfnd@physx@@QEAA@XZ 000000018000dfb0 f i RTreeCooking.obj
 0001:0000d040       ??1?$Array@UPxBounds3V@physx@@VNamedAllocator@shdfnd@2@@shdfnd@physx@@QEAA@XZ 000000018000e040 f i RTreeCooking.obj
 0001:0000d0d0       ??1?$Array@URTreeNodeNQ@physx@@VNamedAllocator@shdfnd@2@@shdfnd@physx@@QEAA@XZ 000000018000e0d0 f i RTreeCooking.obj
 0001:0000d160       ??1?$Array@URTreeNodeQ@Gu@physx@@VNamedAllocator@shdfnd@3@@shdfnd@physx@@QEAA@XZ 000000018000e160 f i RTreeCooking.obj
 0001:0000d1f0       ??1?$Array@VPxVec3@physx@@VNamedAllocator@shdfnd@2@@shdfnd@physx@@QEAA@XZ 000000018000e1f0 f i RTreeCooking.obj
 0001:0000d280       ??1?$InlineAllocator@$0CA@VNamedAllocator@shdfnd@physx@@@shdfnd@physx@@QEAA@XZ 000000018000e280 f i RTreeCooking.obj
 0001:0000d2a0       ??1?$InlineArray@UInterval@physx@@$03VNamedAllocator@shdfnd@2@@shdfnd@physx@@QEAA@XZ 000000018000e2a0 f i RTreeCooking.obj
 0001:0000d2c0       ??1?$ScopedPointer@HVTempAllocator@shdfnd@physx@@@shdfnd@physx@@QEAA@XZ 000000018000e2c0 f i RTreeCooking.obj
 0001:0000d300       ??1?$Stack@VNamedAllocator@shdfnd@physx@@@internal@shdfnd@physx@@QEAA@XZ 000000018000e300 f i RTreeCooking.obj
 0001:0000d350       ??1SubSortQuick@physx@@QEAA@XZ 000000018000e350 f i RTreeCooking.obj
 0001:0000d380       ??1SubSortSAH@physx@@QEAA@XZ 000000018000e380 f i RTreeCooking.obj
 0001:0000d450       ??2@YAPEAX_KPEAX@Z         000000018000e450 f i RTreeCooking.obj
 0001:0000d470       ??4PxVec3@physx@@QEAAAEAV01@AEBV01@@Z 000000018000e470 f i RTreeCooking.obj
 0001:0000d4d0       ??4PxVec4@physx@@QEAAAEAV01@AEBV01@@Z 000000018000e4d0 f i RTreeCooking.obj
 0001:0000d550       ??A?$Array@IVNamedAllocator@shdfnd@physx@@@shdfnd@physx@@QEAAAEAII@Z 000000018000e550 f i RTreeCooking.obj
 0001:0000d5f0       ??A?$Array@UInterval@physx@@V?$InlineAllocator@$0CA@VNamedAllocator@shdfnd@physx@@@shdfnd@2@@shdfnd@physx@@QEAAAEAUInterval@2@I@Z 000000018000e5f0 f i RTreeCooking.obj
 0001:0000d690       ??A?$Array@URTreeNodeNQ@physx@@VNamedAllocator@shdfnd@2@@shdfnd@physx@@QEAAAEAURTreeNodeNQ@2@I@Z 000000018000e690 f i RTreeCooking.obj
 0001:0000d730       ??A?$Array@URTreeNodeQ@Gu@physx@@VNamedAllocator@shdfnd@3@@shdfnd@physx@@QEAAAEAURTreeNodeQ@Gu@2@I@Z 000000018000e730 f i RTreeCooking.obj
 0001:0000d7d0       ??APxVec3@physx@@QEBAAEBMI@Z 000000018000e7d0 f i RTreeCooking.obj
 0001:0000d860       ??B?$ScopedPointer@HVTempAllocator@shdfnd@physx@@@shdfnd@physx@@QEBAPEAHXZ 000000018000e860 f i RTreeCooking.obj
 0001:0000d880       ??GPxVec4@physx@@QEBA?AV01@AEBV01@@Z 000000018000e880 f i RTreeCooking.obj
 0001:0000d930       ??HPxVec3@physx@@QEBA?AV01@AEBV01@@Z 000000018000e930 f i RTreeCooking.obj
 0001:0000d9d0       ??KPxVec4@physx@@QEBA?AV01@M@Z 000000018000e9d0 f i RTreeCooking.obj
 0001:0000da90       ??R?$Less@I@shdfnd@physx@@QEBA_NAEBI0@Z 000000018000ea90 f i RTreeCooking.obj
 0001:0000dae0       ??RBoundsLTE@physx@@QEBA_NAEBI0@Z 000000018000eae0 f i RTreeCooking.obj
 0001:0000dba0       ??RSortBoundsPredicate@physx@@QEBA_NAEBI0@Z 000000018000eba0 f i RTreeCooking.obj
 0001:0000dd20       ?FLoad@aos@shdfnd@physx@@YA?AT__m128@@M@Z 000000018000ed20 f i RTreeCooking.obj
 0001:0000dd50       ?FMax@aos@shdfnd@physx@@YA?AT__m128@@XZ 000000018000ed50 f i RTreeCooking.obj
 0001:0000dd80       ?FNegMax@aos@shdfnd@physx@@YA?AT__m128@@XZ 000000018000ed80 f i RTreeCooking.obj
 0001:0000ddb0       ?FStore@aos@shdfnd@physx@@YAXT__m128@@PEIAM@Z 000000018000edb0 f i RTreeCooking.obj
 0001:0000dde0       ?PxAbs@physx@@YAHH@Z       000000018000ede0 f i RTreeCooking.obj
 0001:0000de00       ?PxIsFinite@physx@@YA_NM@Z 000000018000ee00 f i RTreeCooking.obj
 0001:0000de20       ?PxMemCopy@physx@@YAPEAXPEIAXPEIBXI@Z 000000018000ee20 f i RTreeCooking.obj
 0001:0000de60       ?V3Add@aos@shdfnd@physx@@YA?AT__m128@@T4@0@Z 000000018000ee60 f i RTreeCooking.obj
 0001:0000dea0       ?V3Dot@aos@shdfnd@physx@@YA?AT__m128@@T4@0@Z 000000018000eea0 f i RTreeCooking.obj
 0001:0000df90       ?V3Load@aos@shdfnd@physx@@YA?AT__m128@@M@Z 000000018000ef90 f i RTreeCooking.obj
 0001:0000dfe0       ?V3LoadU@aos@shdfnd@physx@@YA?AT__m128@@AEBVPxVec3@3@@Z 000000018000efe0 f i RTreeCooking.obj
 0001:0000e040       ?V3Max@aos@shdfnd@physx@@YA?AT__m128@@T4@0@Z 000000018000f040 f i RTreeCooking.obj
 0001:0000e080       ?V3Min@aos@shdfnd@physx@@YA?AT__m128@@T4@0@Z 000000018000f080 f i RTreeCooking.obj
 0001:0000e0c0       ?V3PermZXY@aos@shdfnd@physx@@YA?AT__m128@@T4@@Z 000000018000f0c0 f i RTreeCooking.obj
 0001:0000e0f0       ?V3ReadXYZ@aos@shdfnd@physx@@YAAEBVPxVec3@3@AEBT__m128@@@Z 000000018000f0f0 f i RTreeCooking.obj
 0001:0000e100       ?V3Splat@aos@shdfnd@physx@@YA?AT__m128@@T4@@Z 000000018000f100 f i RTreeCooking.obj
 0001:0000e170       ?V3StoreA@aos@shdfnd@physx@@YAXT__m128@@AEAVPxVec3@3@@Z 000000018000f170 f i RTreeCooking.obj
 0001:0000e1f0       ?V3Sub@aos@shdfnd@physx@@YA?AT__m128@@T4@0@Z 000000018000f1f0 f i RTreeCooking.obj
 0001:0000e230       ?V3Zero@aos@shdfnd@physx@@YA?AT__m128@@XZ 000000018000f230 f i RTreeCooking.obj
 0001:0000e250       ?V4ClearW@aos@shdfnd@physx@@YA?AT__m128@@T4@@Z 000000018000f250 f i RTreeCooking.obj
 0001:0000e280       ?V4Load@aos@shdfnd@physx@@YA?AT__m128@@M@Z 000000018000f280 f i RTreeCooking.obj
 0001:0000e2b0       ?Vec3V_From_FloatV@aos@shdfnd@physx@@YA?AT__m128@@T4@@Z 000000018000f2b0 f i RTreeCooking.obj
 0001:0000e310       ?Vec3V_From_Vec4V@aos@shdfnd@physx@@YA?AT__m128@@T4@@Z 000000018000f310 f i RTreeCooking.obj
 0001:0000e350       ?Vec4V_From_FloatV@aos@shdfnd@physx@@YA?AT__m128@@T4@@Z 000000018000f350 f i RTreeCooking.obj
 0001:0000e370       ?allocate@?$AlignedAllocator@$0IA@VAllocator@shdfnd@physx@@@shdfnd@physx@@QEAAPEAX_KPEBDH@Z 000000018000f370 f i RTreeCooking.obj
 0001:0000e440       ?allocate@?$Array@IVNamedAllocator@shdfnd@physx@@@shdfnd@physx@@IEAAPEAII@Z 000000018000f440 f i RTreeCooking.obj
 0001:0000e4f0       ?allocate@?$Array@UInterval@physx@@V?$InlineAllocator@$0CA@VNamedAllocator@shdfnd@physx@@@shdfnd@2@@shdfnd@physx@@IEAAPEAUInterval@3@I@Z 000000018000f4f0 f i RTreeCooking.obj
 0001:0000e5a0       ?allocate@?$Array@UPxBounds3V@physx@@VNamedAllocator@shdfnd@2@@shdfnd@physx@@IEAAPEAUPxBounds3V@3@I@Z 000000018000f5a0 f i RTreeCooking.obj
 0001:0000e650       ?allocate@?$Array@URTreeNodeNQ@physx@@VNamedAllocator@shdfnd@2@@shdfnd@physx@@IEAAPEAURTreeNodeNQ@3@I@Z 000000018000f650 f i RTreeCooking.obj
 0001:0000e700       ?allocate@?$Array@URTreeNodeQ@Gu@physx@@VNamedAllocator@shdfnd@3@@shdfnd@physx@@IEAAPEAURTreeNodeQ@Gu@3@I@Z 000000018000f700 f i RTreeCooking.obj
 0001:0000e7b0       ?allocate@?$Array@VPxVec3@physx@@VNamedAllocator@shdfnd@2@@shdfnd@physx@@IEAAPEAVPxVec3@3@I@Z 000000018000f7b0 f i RTreeCooking.obj
 0001:0000e860       ?allocate@?$InlineAllocator@$0CA@VNamedAllocator@shdfnd@physx@@@shdfnd@physx@@QEAAPEAXIPEBDH@Z 000000018000f860 f i RTreeCooking.obj
 0001:0000e8e0       ?begin@?$Array@IVNamedAllocator@shdfnd@physx@@@shdfnd@physx@@QEAAPEAIXZ 000000018000f8e0 f i RTreeCooking.obj
 0001:0000e900       ?begin@?$Array@UPxBounds3V@physx@@VNamedAllocator@shdfnd@2@@shdfnd@physx@@QEAAPEAUPxBounds3V@3@XZ 000000018000f900 f i RTreeCooking.obj
 0001:0000e920       ?begin@?$Array@VPxVec3@physx@@VNamedAllocator@shdfnd@2@@shdfnd@physx@@QEAAPEAVPxVec3@3@XZ 000000018000f920 f i RTreeCooking.obj
 0001:0000e940       ?capacity@?$Array@IVNamedAllocator@shdfnd@physx@@@shdfnd@physx@@QEBAIXZ 000000018000f940 f i RTreeCooking.obj
 0001:0000e960       ?capacity@?$Array@UInterval@physx@@V?$InlineAllocator@$0CA@VNamedAllocator@shdfnd@physx@@@shdfnd@2@@shdfnd@physx@@QEBAIXZ 000000018000f960 f i RTreeCooking.obj
 0001:0000e980       ?capacity@?$Array@UPxBounds3V@physx@@VNamedAllocator@shdfnd@2@@shdfnd@physx@@QEBAIXZ 000000018000f980 f i RTreeCooking.obj
 0001:0000e9a0       ?capacity@?$Array@URTreeNodeNQ@physx@@VNamedAllocator@shdfnd@2@@shdfnd@physx@@QEBAIXZ 000000018000f9a0 f i RTreeCooking.obj
 0001:0000e9c0       ?capacity@?$Array@URTreeNodeQ@Gu@physx@@VNamedAllocator@shdfnd@3@@shdfnd@physx@@QEBAIXZ 000000018000f9c0 f i RTreeCooking.obj
 0001:0000e9e0       ?capacity@?$Array@VPxVec3@physx@@VNamedAllocator@shdfnd@2@@shdfnd@physx@@QEBAIXZ 000000018000f9e0 f i RTreeCooking.obj
 0001:0000ea00       ?capacityIncrement@?$Array@IVNamedAllocator@shdfnd@physx@@@shdfnd@physx@@IEBAIXZ 000000018000fa00 f i RTreeCooking.obj
 0001:0000ea50       ?capacityIncrement@?$Array@UInterval@physx@@V?$InlineAllocator@$0CA@VNamedAllocator@shdfnd@physx@@@shdfnd@2@@shdfnd@physx@@IEBAIXZ 000000018000fa50 f i RTreeCooking.obj
 0001:0000eaa0       ?capacityIncrement@?$Array@UPxBounds3V@physx@@VNamedAllocator@shdfnd@2@@shdfnd@physx@@IEBAIXZ 000000018000faa0 f i RTreeCooking.obj
 0001:0000eaf0       ?capacityIncrement@?$Array@URTreeNodeNQ@physx@@VNamedAllocator@shdfnd@2@@shdfnd@physx@@IEBAIXZ 000000018000faf0 f i RTreeCooking.obj
 0001:0000eb40       ?capacityIncrement@?$Array@URTreeNodeQ@Gu@physx@@VNamedAllocator@shdfnd@3@@shdfnd@physx@@IEBAIXZ 000000018000fb40 f i RTreeCooking.obj
 0001:0000eb90       ?capacityIncrement@?$Array@VPxVec3@physx@@VNamedAllocator@shdfnd@2@@shdfnd@physx@@IEBAIXZ 000000018000fb90 f i RTreeCooking.obj
 0001:0000ebe0       ?computeSA@SubSortSAH@physx@@QEAAMPEBIAEBUInterval@2@@Z 000000018000fbe0 f i RTreeCooking.obj
 0001:0000ee70       ?copy@?$Array@IVNamedAllocator@shdfnd@physx@@@shdfnd@physx@@KAXPEAI0PEBI@Z 000000018000fe70 f i RTreeCooking.obj
 0001:0000ef20       ?copy@?$Array@UInterval@physx@@V?$InlineAllocator@$0CA@VNamedAllocator@shdfnd@physx@@@shdfnd@2@@shdfnd@physx@@KAXPEAUInterval@3@0PEBU43@@Z 000000018000ff20 f i RTreeCooking.obj
 0001:0000efd0       ?copy@?$Array@UPxBounds3V@physx@@VNamedAllocator@shdfnd@2@@shdfnd@physx@@KAXPEAUPxBounds3V@3@0PEBU43@@Z 000000018000ffd0 f i RTreeCooking.obj
 0001:0000f080       ?copy@?$Array@URTreeNodeNQ@physx@@VNamedAllocator@shdfnd@2@@shdfnd@physx@@KAXPEAURTreeNodeNQ@3@0PEBU43@@Z 0000000180010080 f i RTreeCooking.obj
 0001:0000f120       ?copy@?$Array@URTreeNodeQ@Gu@physx@@VNamedAllocator@shdfnd@3@@shdfnd@physx@@KAXPEAURTreeNodeQ@Gu@3@0PEBU453@@Z 0000000180010120 f i RTreeCooking.obj
 0001:0000f1d0       ?copy@?$Array@VPxVec3@physx@@VNamedAllocator@shdfnd@2@@shdfnd@physx@@KAXPEAVPxVec3@3@0PEBV43@@Z 00000001800101d0 f i RTreeCooking.obj
 0001:0000f270       ?create@?$Array@IVNamedAllocator@shdfnd@physx@@@shdfnd@physx@@KAXPEAI0AEBI@Z 0000000180010270 f i RTreeCooking.obj
 0001:0000f310       ?deallocate@?$Array@IVNamedAllocator@shdfnd@physx@@@shdfnd@physx@@IEAAXPEAX@Z 0000000180010310 f i RTreeCooking.obj
 0001:0000f340       ?deallocate@?$Array@UInterval@physx@@V?$InlineAllocator@$0CA@VNamedAllocator@shdfnd@physx@@@shdfnd@2@@shdfnd@physx@@IEAAXPEAX@Z 0000000180010340 f i RTreeCooking.obj
 0001:0000f370       ?deallocate@?$Array@UPxBounds3V@physx@@VNamedAllocator@shdfnd@2@@shdfnd@physx@@IEAAXPEAX@Z 0000000180010370 f i RTreeCooking.obj
 0001:0000f3a0       ?deallocate@?$Array@URTreeNodeNQ@physx@@VNamedAllocator@shdfnd@2@@shdfnd@physx@@IEAAXPEAX@Z 00000001800103a0 f i RTreeCooking.obj
 0001:0000f3d0       ?deallocate@?$Array@URTreeNodeQ@Gu@physx@@VNamedAllocator@shdfnd@3@@shdfnd@physx@@IEAAXPEAX@Z 00000001800103d0 f i RTreeCooking.obj
 0001:0000f400       ?deallocate@?$Array@VPxVec3@physx@@VNamedAllocator@shdfnd@2@@shdfnd@physx@@IEAAXPEAX@Z 0000000180010400 f i RTreeCooking.obj
 0001:0000f430       ?deallocate@?$InlineAllocator@$0CA@VNamedAllocator@shdfnd@physx@@@shdfnd@physx@@QEAAXPEAX@Z 0000000180010430 f i RTreeCooking.obj
 0001:0000f480       ?destroy@?$Array@IVNamedAllocator@shdfnd@physx@@@shdfnd@physx@@KAXPEAI0@Z 0000000180010480 f i RTreeCooking.obj
 0001:0000f4c0       ?destroy@?$Array@UInterval@physx@@V?$InlineAllocator@$0CA@VNamedAllocator@shdfnd@physx@@@shdfnd@2@@shdfnd@physx@@KAXPEAUInterval@3@0@Z 00000001800104c0 f i RTreeCooking.obj
 0001:0000f500       ?destroy@?$Array@UPxBounds3V@physx@@VNamedAllocator@shdfnd@2@@shdfnd@physx@@KAXPEAUPxBounds3V@3@0@Z 0000000180010500 f i RTreeCooking.obj
 0001:0000f540       ?destroy@?$Array@URTreeNodeNQ@physx@@VNamedAllocator@shdfnd@2@@shdfnd@physx@@KAXPEAURTreeNodeNQ@3@0@Z 0000000180010540 f i RTreeCooking.obj
 0001:0000f580       ?destroy@?$Array@URTreeNodeQ@Gu@physx@@VNamedAllocator@shdfnd@3@@shdfnd@physx@@KAXPEAURTreeNodeQ@Gu@3@0@Z 0000000180010580 f i RTreeCooking.obj
 0001:0000f5c0       ?destroy@?$Array@VPxVec3@physx@@VNamedAllocator@shdfnd@2@@shdfnd@physx@@KAXPEAVPxVec3@3@0@Z 00000001800105c0 f i RTreeCooking.obj
 0001:0000f600       ?empty@?$Stack@VNamedAllocator@shdfnd@physx@@@internal@shdfnd@physx@@QEAA_NXZ 0000000180010600 f i RTreeCooking.obj
 0001:0000f640       ?empty@PxBounds3@physx@@SA?AV12@XZ 0000000180010640 f i RTreeCooking.obj
 0001:0000f6b0       ?getExtents@PxBounds3V@physx@@QEBA?AT__m128@@XZ 00000001800106b0 f i RTreeCooking.obj
 0001:0000f720       ?getMaxVec3@PxBounds3V@physx@@QEBAAEBVPxVec3@2@XZ 0000000180010720 f i RTreeCooking.obj
 0001:0000f740       ?getMinVec3@PxBounds3V@physx@@QEBAAEBVPxVec3@2@XZ 0000000180010740 f i RTreeCooking.obj
 0001:0000f750       ?grow@?$Array@IVNamedAllocator@shdfnd@physx@@@shdfnd@physx@@IEAAXI@Z 0000000180010750 f i RTreeCooking.obj
 0001:0000f7f0       ?grow@?$Array@UPxBounds3V@physx@@VNamedAllocator@shdfnd@2@@shdfnd@physx@@IEAAXI@Z 00000001800107f0 f i RTreeCooking.obj
 0001:0000f890       ?grow@?$Array@URTreeNodeNQ@physx@@VNamedAllocator@shdfnd@2@@shdfnd@physx@@IEAAXI@Z 0000000180010890 f i RTreeCooking.obj
 0001:0000f930       ?grow@?$Array@URTreeNodeQ@Gu@physx@@VNamedAllocator@shdfnd@3@@shdfnd@physx@@IEAAXI@Z 0000000180010930 f i RTreeCooking.obj
 0001:0000f9d0       ?grow@?$Array@VPxVec3@physx@@VNamedAllocator@shdfnd@2@@shdfnd@physx@@IEAAXI@Z 00000001800109d0 f i RTreeCooking.obj
 0001:0000fa70       ?grow@?$Stack@VNamedAllocator@shdfnd@physx@@@internal@shdfnd@physx@@QEAAXXZ 0000000180010a70 f i RTreeCooking.obj
 0001:0000fb50       ?growAndPushBack@?$Array@IVNamedAllocator@shdfnd@physx@@@shdfnd@physx@@IEAAAEAIAEBI@Z 0000000180010b50 f i RTreeCooking.obj
 0001:0000fd60       ?growAndPushBack@?$Array@UInterval@physx@@V?$InlineAllocator@$0CA@VNamedAllocator@shdfnd@physx@@@shdfnd@2@@shdfnd@physx@@IEAAAEAUInterval@3@AEBU43@@Z 0000000180010d60 f i RTreeCooking.obj
 0001:0000ff70       ?growAndPushBack@?$Array@UPxBounds3V@physx@@VNamedAllocator@shdfnd@2@@shdfnd@physx@@IEAAAEAUPxBounds3V@3@AEBU43@@Z 0000000180010f70 f i RTreeCooking.obj
 0001:000101d0       ?growAndPushBack@?$Array@URTreeNodeNQ@physx@@VNamedAllocator@shdfnd@2@@shdfnd@physx@@IEAAAEAURTreeNodeNQ@3@AEBU43@@Z 00000001800111d0 f i RTreeCooking.obj
 0001:000103e0       ?growAndPushBack@?$Array@URTreeNodeQ@Gu@physx@@VNamedAllocator@shdfnd@3@@shdfnd@physx@@IEAAAEAURTreeNodeQ@Gu@3@AEBU453@@Z 00000001800113e0 f i RTreeCooking.obj
 0001:00010640       ?growAndPushBack@?$Array@VPxVec3@physx@@VNamedAllocator@shdfnd@2@@shdfnd@physx@@IEAAAEAVPxVec3@3@AEBV43@@Z 0000000180011640 f i RTreeCooking.obj
 0001:00010850       ?include@PxBounds3V@physx@@QEAAXAEBU12@@Z 0000000180011850 f i RTreeCooking.obj
 0001:00010920       ?isFinite@PxBounds3@physx@@QEBA_NXZ 0000000180011920 f i RTreeCooking.obj
 0001:00010990       ?isFinite@PxVec3@physx@@QEBA_NXZ 0000000180011990 f i RTreeCooking.obj
 0001:00010a10       ?isFinite@intrinsics@physx@@YA_NM@Z 0000000180011a10 f i RTreeCooking.obj
 0001:00010a60       ?isInUserMemory@?$Array@IVNamedAllocator@shdfnd@physx@@@shdfnd@physx@@QEBAIXZ 0000000180011a60 f i RTreeCooking.obj
 0001:00010a80       ?isInUserMemory@?$Array@UInterval@physx@@V?$InlineAllocator@$0CA@VNamedAllocator@shdfnd@physx@@@shdfnd@2@@shdfnd@physx@@QEBAIXZ 0000000180011a80 f i RTreeCooking.obj
 0001:00010aa0       ?isInUserMemory@?$Array@UPxBounds3V@physx@@VNamedAllocator@shdfnd@2@@shdfnd@physx@@QEBAIXZ 0000000180011aa0 f i RTreeCooking.obj
 0001:00010ac0       ?isInUserMemory@?$Array@URTreeNodeNQ@physx@@VNamedAllocator@shdfnd@2@@shdfnd@physx@@QEBAIXZ 0000000180011ac0 f i RTreeCooking.obj
 0001:00010ae0       ?isInUserMemory@?$Array@URTreeNodeQ@Gu@physx@@VNamedAllocator@shdfnd@3@@shdfnd@physx@@QEBAIXZ 0000000180011ae0 f i RTreeCooking.obj
 0001:00010b00       ?isInUserMemory@?$Array@VPxVec3@physx@@VNamedAllocator@shdfnd@2@@shdfnd@physx@@QEBAIXZ 0000000180011b00 f i RTreeCooking.obj
 0001:00010b20       ?isInside@PxBounds3@physx@@QEBA_NAEBV12@@Z 0000000180011b20 f i RTreeCooking.obj
 0001:00010c80       ?isLeaf@RTreeNodeQ@Gu@physx@@QEBAIXZ 0000000180011c80 f i RTreeCooking.obj
 0001:00010ca0       ?isValid@PxBounds3@physx@@QEBA_NXZ 0000000180011ca0 f i RTreeCooking.obj
 0001:00010dd0       ?memCopy@intrinsics@physx@@YAPEAXPEIAXPEIBXI@Z 0000000180011dd0 f i RTreeCooking.obj
 0001:00010e10       ?pop@?$Stack@VNamedAllocator@shdfnd@physx@@@internal@shdfnd@physx@@QEAAXAEAH0@Z 0000000180011e10 f i RTreeCooking.obj
 0001:00010f20       ?popBack@?$Array@IVNamedAllocator@shdfnd@physx@@@shdfnd@physx@@QEAAIXZ 0000000180011f20 f i RTreeCooking.obj
 0001:00010fe0       ?push@?$Stack@VNamedAllocator@shdfnd@physx@@@internal@shdfnd@physx@@QEAAXHH@Z 0000000180011fe0 f i RTreeCooking.obj
 0001:00011090       ?pushBack@?$Array@IVNamedAllocator@shdfnd@physx@@@shdfnd@physx@@QEAAAEAIAEBI@Z 0000000180012090 f i RTreeCooking.obj
 0001:00011180       ?pushBack@?$Array@UInterval@physx@@V?$InlineAllocator@$0CA@VNamedAllocator@shdfnd@physx@@@shdfnd@2@@shdfnd@physx@@QEAAAEAUInterval@3@AEBU43@@Z 0000000180012180 f i RTreeCooking.obj
 0001:00011270       ?pushBack@?$Array@UPxBounds3V@physx@@VNamedAllocator@shdfnd@2@@shdfnd@physx@@QEAAAEAUPxBounds3V@3@AEBU43@@Z 0000000180012270 f i RTreeCooking.obj
 0001:00011370       ?pushBack@?$Array@URTreeNodeNQ@physx@@VNamedAllocator@shdfnd@2@@shdfnd@physx@@QEAAAEAURTreeNodeNQ@3@AEBU43@@Z 0000000180012370 f i RTreeCooking.obj
 0001:00011460       ?pushBack@?$Array@URTreeNodeQ@Gu@physx@@VNamedAllocator@shdfnd@3@@shdfnd@physx@@QEAAAEAURTreeNodeQ@Gu@3@AEBU453@@Z 0000000180012460 f i RTreeCooking.obj
 0001:00011560       ?pushBack@?$Array@VPxVec3@physx@@VNamedAllocator@shdfnd@2@@shdfnd@physx@@QEAAAEAVPxVec3@3@AEBV43@@Z 0000000180012560 f i RTreeCooking.obj
 0001:00011650       ?recreate@?$Array@IVNamedAllocator@shdfnd@physx@@@shdfnd@physx@@IEAAXI@Z 0000000180012650 f i RTreeCooking.obj
 0001:000117b0       ?recreate@?$Array@UPxBounds3V@physx@@VNamedAllocator@shdfnd@2@@shdfnd@physx@@IEAAXI@Z 00000001800127b0 f i RTreeCooking.obj
 0001:00011910       ?recreate@?$Array@URTreeNodeNQ@physx@@VNamedAllocator@shdfnd@2@@shdfnd@physx@@IEAAXI@Z 0000000180012910 f i RTreeCooking.obj
 0001:00011a70       ?recreate@?$Array@URTreeNodeQ@Gu@physx@@VNamedAllocator@shdfnd@3@@shdfnd@physx@@IEAAXI@Z 0000000180012a70 f i RTreeCooking.obj
 0001:00011bd0       ?recreate@?$Array@VPxVec3@physx@@VNamedAllocator@shdfnd@2@@shdfnd@physx@@IEAAXI@Z 0000000180012bd0 f i RTreeCooking.obj
 0001:00011d30       ?replaceWithLast@?$Array@UInterval@physx@@V?$InlineAllocator@$0CA@VNamedAllocator@shdfnd@physx@@@shdfnd@2@@shdfnd@physx@@QEAAXI@Z 0000000180012d30 f i RTreeCooking.obj
 0001:00011e00       ?reserve@?$Array@IVNamedAllocator@shdfnd@physx@@@shdfnd@physx@@QEAAXI@Z 0000000180012e00 f i RTreeCooking.obj
 0001:00011e40       ?reserve@?$Array@UPxBounds3V@physx@@VNamedAllocator@shdfnd@2@@shdfnd@physx@@QEAAXI@Z 0000000180012e40 f i RTreeCooking.obj
 0001:00011e80       ?reserve@?$Array@URTreeNodeNQ@physx@@VNamedAllocator@shdfnd@2@@shdfnd@physx@@QEAAXI@Z 0000000180012e80 f i RTreeCooking.obj
 0001:00011ec0       ?reserve@?$Array@URTreeNodeQ@Gu@physx@@VNamedAllocator@shdfnd@3@@shdfnd@physx@@QEAAXI@Z 0000000180012ec0 f i RTreeCooking.obj
 0001:00011f00       ?reserve@?$Array@VPxVec3@physx@@VNamedAllocator@shdfnd@2@@shdfnd@physx@@QEAAXI@Z 0000000180012f00 f i RTreeCooking.obj
 0001:00011f40       ?resize@?$Array@IVNamedAllocator@shdfnd@physx@@@shdfnd@physx@@QEAAXIAEBI@Z 0000000180012f40 f i RTreeCooking.obj
 0001:00012000       ?resizeUninitialized@?$Array@URTreeNodeNQ@physx@@VNamedAllocator@shdfnd@2@@shdfnd@physx@@QEAAXI@Z 0000000180013000 f i RTreeCooking.obj
 0001:00012040       ?selectMax@intrinsics@physx@@YAMMM@Z 0000000180013040 f i RTreeCooking.obj
 0001:00012090       ?selectMin@intrinsics@physx@@YAMMM@Z 0000000180013090 f i RTreeCooking.obj
 0001:000120e0       ?setEmpty@PxBounds3@physx@@QEAAXXZ 00000001800130e0 f i RTreeCooking.obj
 0001:00012150       ?setLeaf@RTreeNodeQ@Gu@physx@@QEAAX_N@Z 0000000180013150 f i RTreeCooking.obj
 0001:000121a0       ?size@?$Array@IVNamedAllocator@shdfnd@physx@@@shdfnd@physx@@QEBAIXZ 00000001800131a0 f i RTreeCooking.obj
 0001:000121c0       ?size@?$Array@UInterval@physx@@V?$InlineAllocator@$0CA@VNamedAllocator@shdfnd@physx@@@shdfnd@2@@shdfnd@physx@@QEBAIXZ 00000001800131c0 f i RTreeCooking.obj
 0001:000121e0       ?size@?$Array@URTreeNodeNQ@physx@@VNamedAllocator@shdfnd@2@@shdfnd@physx@@QEBAIXZ 00000001800131e0 f i RTreeCooking.obj
 0001:00012200       ?size@?$Array@URTreeNodeQ@Gu@physx@@VNamedAllocator@shdfnd@3@@shdfnd@physx@@QEBAIXZ 0000000180013200 f i RTreeCooking.obj
 0001:00012220       ?size@?$Array@VPxVec3@physx@@VNamedAllocator@shdfnd@2@@shdfnd@physx@@QEBAIXZ 0000000180013220 f i RTreeCooking.obj
 0001:00012240       ?sort4@SubSortQuick@physx@@QEAAXPEIAIIAEAV?$Array@URTreeNodeNQ@physx@@VNamedAllocator@shdfnd@2@@shdfnd@2@AEAIAEAUPxBounds3V@2@I@Z 0000000180013240 f i RTreeCooking.obj
 0001:00012ee0       ?sort4@SubSortSAH@physx@@QEAAXPEAIIAEAV?$Array@URTreeNodeNQ@physx@@VNamedAllocator@shdfnd@2@@shdfnd@2@AEAIIPEAURTreeNodeNQ@2@@Z 0000000180013ee0 f i RTreeCooking.obj
 0001:00014080       ?split@SubSortSAH@physx@@QEAAIPEAII@Z 0000000180015080 f i RTreeCooking.obj
 0001:00015320       ?loadFromDesc@TriangleMeshBuilder@physx@@QEAA_NAEBVPxTriangleMeshDesc@2@AEBUPxCookingParams@2@_N@Z 0000000180016320 f   TriangleMeshBuilder.obj
 0001:00015630       ?save@TriangleMeshBuilder@physx@@QEBA_NAEAVPxOutputStream@2@_NAEBUPxCookingParams@2@@Z 0000000180016630 f   TriangleMeshBuilder.obj
 0001:00015e40       ?computeLocalBounds@TriangleMeshBuilder@physx@@IEAAXXZ 0000000180016e40 f   TriangleMeshBuilder.obj
 0001:00015f60       ?importMesh@TriangleMeshBuilder@physx@@IEAA_NAEBVPxTriangleMeshDesc@2@AEBUPxCookingParams@2@_N@Z 0000000180016f60 f   TriangleMeshBuilder.obj
 0001:000169f0       ??$?_UI@@YAPEAX_KV?$ReflectionAllocator@I@shdfnd@physx@@PEBDH@Z 00000001800179f0 f i TriangleMeshBuilder.obj
 0001:00016a40       ??0?$PxFlags@W4Enum@PxMeshFlag@physx@@G@physx@@QEAA@AEBV01@@Z 0000000180017a40 f i TriangleMeshBuilder.obj
 0001:00016a70       ??0?$PxFlags@W4Enum@PxMeshFlag@physx@@G@physx@@QEAA@W4Enum@PxMeshFlag@1@@Z 0000000180017a70 f i TriangleMeshBuilder.obj
 0001:00016aa0       ??0?$PxFlags@W4Enum@PxMeshFlag@physx@@G@physx@@QEAA@XZ 0000000180017aa0 f i TriangleMeshBuilder.obj
 0001:00016ac0       ??0?$PxFlags@W4Enum@PxMeshPreprocessingFlag@physx@@I@physx@@QEAA@AEBV01@@Z 0000000180017ac0 f i TriangleMeshBuilder.obj
 0001:00016af0       ??0?$ReflectionAllocator@I@shdfnd@physx@@QEAA@PEBD@Z 0000000180017af0 f i TriangleMeshBuilder.obj
 0001:00016b10       ??0PxSimpleTriangleMesh@physx@@QEAA@AEBV01@@Z 0000000180017b10 f i TriangleMeshBuilder.obj
 0001:00016b90       ??0PxTriangleMeshDesc@physx@@QEAA@AEBV01@@Z 0000000180017b90 f i TriangleMeshBuilder.obj
 0001:00016c00       ??APxVec3@physx@@QEAAAEAMI@Z 0000000180017c00 f i TriangleMeshBuilder.obj
 0001:00016c90       ??B?$PxFlags@W4Enum@PxMeshFlag@physx@@G@physx@@QEBA_NXZ 0000000180017c90 f i TriangleMeshBuilder.obj
 0001:00016cd0       ??B?$PxFlags@W4Enum@PxMeshPreprocessingFlag@physx@@I@physx@@QEBA_NXZ 0000000180017cd0 f i TriangleMeshBuilder.obj
 0001:00016d00       ??I?$PxFlags@W4Enum@PxMeshFlag@physx@@G@physx@@QEBA?AV01@W4Enum@PxMeshFlag@1@@Z 0000000180017d00 f i TriangleMeshBuilder.obj
 0001:00016d70       ??I?$PxFlags@W4Enum@PxMeshPreprocessingFlag@physx@@I@physx@@QEBA?AV01@W4Enum@PxMeshPreprocessingFlag@1@@Z 0000000180017d70 f i TriangleMeshBuilder.obj
 0001:00016dd0       ??S?$PxFlags@W4Enum@PxMeshFlag@physx@@G@physx@@QEBA?AV01@XZ 0000000180017dd0 f i TriangleMeshBuilder.obj
 0001:00016e20       ??Sphysx@@YA?AV?$PxFlags@W4Enum@PxMeshFlag@physx@@G@0@W4Enum@PxMeshFlag@0@@Z 0000000180017e20 f i TriangleMeshBuilder.obj
 0001:00016e60       ??_4?$PxFlags@W4Enum@PxMeshFlag@physx@@G@physx@@QEAAAEAV01@AEBV01@@Z 0000000180017e60 f i TriangleMeshBuilder.obj
 0001:00016ea0       ??_H@YAXPEAX_K1P6APEAX0@Z@Z 0000000180017ea0 f i TriangleMeshBuilder.obj
 0001:00016f40       ?PxAbs@physx@@YAMM@Z       0000000180017f40 f i TriangleMeshBuilder.obj
 0001:00016f60       ?abs@intrinsics@physx@@YAMM@Z 0000000180017f60 f i TriangleMeshBuilder.obj
 0001:00016f80       ?allocate@?$ReflectionAllocator@I@shdfnd@physx@@QEAAPEAX_KPEBDH@Z 0000000180017f80 f i TriangleMeshBuilder.obj
 0001:00017020       ?gatherStrided@shdfnd@physx@@YAXPEBXPEAXIII@Z 0000000180018020 f i TriangleMeshBuilder.obj
 0001:000170d0       ?getFoundation@shdfnd@physx@@YAAEAVFoundation@12@XZ 00000001800180d0 f i TriangleMeshBuilder.obj
 0001:000170f0       ?getName@?$ReflectionAllocator@I@shdfnd@physx@@CAPEBDXZ 00000001800180f0 f i TriangleMeshBuilder.obj
 0001:00017140       ?isValid@PxSimpleTriangleMesh@physx@@QEBA_NXZ 0000000180018140 f i TriangleMeshBuilder.obj
 0001:00017250       ?isValid@PxTriangleMeshDesc@physx@@QEBA_NXZ 0000000180018250 f i TriangleMeshBuilder.obj
 0001:000172e0       ?name@type_info@@QEBAPEBDXZ 00000001800182e0 f i TriangleMeshBuilder.obj
 0001:00017310       ?to16@shdfnd@physx@@YAGI@Z 0000000180018310 f i TriangleMeshBuilder.obj
 0001:00017390       ?writeIntBuffer@physx@@YAXPEBII_NAEAVPxOutputStream@1@@Z 0000000180018390 f i TriangleMeshBuilder.obj
 0001:000173e0       fabsf                      00000001800183e0 f i TriangleMeshBuilder.obj
 0001:00017410       ??0BigConvexDataBuilder@physx@@QEAA@PEBUConvexHullData@Gu@1@PEAVBigConvexData@1@PEBVPxVec3@1@@Z 0000000180018410 f   BigConvexDataBuilder.obj
 0001:00017460       ??1BigConvexDataBuilder@physx@@QEAA@XZ 0000000180018460 f   BigConvexDataBuilder.obj
 0001:00017470       ?Precompute@BigConvexDataBuilder@physx@@QEAA_NI@Z 0000000180018470 f   BigConvexDataBuilder.obj
 0001:00017810       ?Initialize@BigConvexDataBuilder@physx@@QEAA_NXZ 0000000180018810 f   BigConvexDataBuilder.obj
 0001:00017880       ?PrecomputeSample@BigConvexDataBuilder@physx@@QEAA_NIAEBVPxVec3@2@@Z 0000000180018880 f   BigConvexDataBuilder.obj
 0001:000179d0       ?Save@BigConvexDataBuilder@physx@@QEBA_NAEAVPxOutputStream@2@_NIPEBUHullTriangleData@2@@Z 00000001800189d0 f   BigConvexDataBuilder.obj
 0001:00017b20       ?ComputeValencies@BigConvexDataBuilder@physx@@QEBA_NIPEBUHullTriangleData@2@@Z 0000000180018b20 f   BigConvexDataBuilder.obj
 0001:00017b90       ?Compute@BigConvexDataBuilder@physx@@QEBA_NAEBUVALENCIESCREATE@2@@Z 0000000180018b90 f   BigConvexDataBuilder.obj
 0001:00018240       ?Save@BigConvexDataBuilder@physx@@QEBA_NAEAVPxOutputStream@2@_N@Z 0000000180019240 f   BigConvexDataBuilder.obj
 0001:000188b0       ??$?_UE@@YAPEAX_KV?$ReflectionAllocator@E@shdfnd@physx@@PEBDH@Z 00000001800198b0 f i BigConvexDataBuilder.obj
 0001:00018900       ??$?_UG@@YAPEAX_KV?$ReflectionAllocator@G@shdfnd@physx@@PEBDH@Z 0000000180019900 f i BigConvexDataBuilder.obj
 0001:00018950       ??$?_UUValency@Gu@physx@@@@YAPEAX_KV?$ReflectionAllocator@UValency@Gu@physx@@@shdfnd@physx@@PEBDH@Z 0000000180019950 f i BigConvexDataBuilder.obj
 0001:000189a0       ??0?$ReflectionAllocator@E@shdfnd@physx@@QEAA@PEBD@Z 00000001800199a0 f i BigConvexDataBuilder.obj
 0001:000189c0       ??0?$ReflectionAllocator@G@shdfnd@physx@@QEAA@PEBD@Z 00000001800199c0 f i BigConvexDataBuilder.obj
 0001:000189e0       ??0?$ReflectionAllocator@UValency@Gu@physx@@@shdfnd@physx@@QEAA@PEBD@Z 00000001800199e0 f i BigConvexDataBuilder.obj
 0001:00018a00       ??0EDGELISTCREATE@Gu@physx@@QEAA@XZ 0000000180019a00 f i BigConvexDataBuilder.obj
 0001:00018a80       ??0PxVec3@physx@@QEAA@XZ   0000000180019a80 f i BigConvexDataBuilder.obj
 0001:00018a90       ??0VALENCIESCREATE@physx@@QEAA@XZ 0000000180019a90 f i BigConvexDataBuilder.obj
 0001:00018ac0       ??_0PxVec3@physx@@QEAAAEAV01@M@Z 0000000180019ac0 f i BigConvexDataBuilder.obj
 0001:00018b50       ?GetEdge@EdgeList@Gu@physx@@QEBAAEBUEdgeData@23@I@Z 0000000180019b50 f i BigConvexDataBuilder.obj
 0001:00018b80       ?GetNbEdges@EdgeList@Gu@physx@@QEBAIXZ 0000000180019b80 f i BigConvexDataBuilder.obj
 0001:00018b90       ?PxMemZero@physx@@YAPEAXPEIAXI@Z 0000000180019b90 f i BigConvexDataBuilder.obj
 0001:00018bc0       ?PxSqrt@physx@@YAMM@Z      0000000180019bc0 f i BigConvexDataBuilder.obj
 0001:00018be0       ?allocate@?$ReflectionAllocator@E@shdfnd@physx@@QEAAPEAX_KPEBDH@Z 0000000180019be0 f i BigConvexDataBuilder.obj
 0001:00018c80       ?allocate@?$ReflectionAllocator@G@shdfnd@physx@@QEAAPEAX_KPEBDH@Z 0000000180019c80 f i BigConvexDataBuilder.obj
 0001:00018d20       ?allocate@?$ReflectionAllocator@UValency@Gu@physx@@@shdfnd@physx@@QEAAPEAX_KPEBDH@Z 0000000180019d20 f i BigConvexDataBuilder.obj
 0001:00018dc0       ?dot@PxVec3@physx@@QEBAMAEBV12@@Z 0000000180019dc0 f i BigConvexDataBuilder.obj
 0001:00018e20       ?getName@?$ReflectionAllocator@E@shdfnd@physx@@CAPEBDXZ 0000000180019e20 f i BigConvexDataBuilder.obj
 0001:00018e70       ?getName@?$ReflectionAllocator@G@shdfnd@physx@@CAPEBDXZ 0000000180019e70 f i BigConvexDataBuilder.obj
 0001:00018ec0       ?getName@?$ReflectionAllocator@UValency@Gu@physx@@@shdfnd@physx@@CAPEBDXZ 0000000180019ec0 f i BigConvexDataBuilder.obj
 0001:00018f10       ?magnitude@PxVec3@physx@@QEBAMXZ 0000000180019f10 f i BigConvexDataBuilder.obj
 0001:00018f40       ?magnitudeSquared@PxVec3@physx@@QEBAMXZ 0000000180019f40 f i BigConvexDataBuilder.obj
 0001:00018fa0       ?memZero@intrinsics@physx@@YAPEAXPEIAXI@Z 0000000180019fa0 f i BigConvexDataBuilder.obj
 0001:00018fe0       ?normalize@PxVec3@physx@@QEAAMXZ 0000000180019fe0 f i BigConvexDataBuilder.obj
 0001:00019040       ?sqrt@intrinsics@physx@@YAMM@Z 000000018001a040 f i BigConvexDataBuilder.obj
 0001:000190e0       ??0ConvexHullBuilder@physx@@QEAA@PEAUConvexHullData@Gu@1@@Z 000000018001a0e0 f   ConvexHullBuilder.obj
 0001:00019180       ??1ConvexHullBuilder@physx@@QEAA@XZ 000000018001a180 f   ConvexHullBuilder.obj
 0001:000192d0       ?Init@ConvexHullBuilder@physx@@QEAA_NIPEBVPxVec3@2@IPEBIIPEBUPxHullPolygon@2@@Z 000000018001a2d0 f   ConvexHullBuilder.obj
 0001:00019f50       ?Save@ConvexHullBuilder@physx@@QEBA_NAEAVPxOutputStream@2@_N@Z 000000018001af50 f   ConvexHullBuilder.obj
 0001:0001a290       ?CreateEdgeList@ConvexHullBuilder@physx@@QEAA_NXZ 000000018001b290 f   ConvexHullBuilder.obj
 0001:0001b260       ?CreatePolygonData@ConvexHullBuilder@physx@@QEAA_NXZ 000000018001c260 f   ConvexHullBuilder.obj
 0001:0001c350       ?CheckHullPolygons@ConvexHullBuilder@physx@@QEBA_NXZ 000000018001d350 f   ConvexHullBuilder.obj
 0001:0001cb00       ?CreateTrianglesFromPolygons@ConvexHullBuilder@physx@@QEAA_NXZ 000000018001db00 f   ConvexHullBuilder.obj
 0001:0001d1c0       ?ComputeGeomCenter@ConvexHullBuilder@physx@@QEBA_NAEAVPxVec3@2@@Z 000000018001e1c0 f   ConvexHullBuilder.obj
 0001:0001d380       ?CalculateVertexMapTable@ConvexHullBuilder@physx@@QEAA_NI_N@Z 000000018001e380 f   ConvexHullBuilder.obj
 0001:0001d660       ?ComputeHullPolygons@ConvexHullBuilder@physx@@QEAA_NAEBIPEBVPxVec3@2@0PEBI@Z 000000018001e660 f   ConvexHullBuilder.obj
 0001:000213f0       ??$?_UUEdgeDescData@Gu@physx@@@@YAPEAX_KV?$ReflectionAllocator@UEdgeDescData@Gu@physx@@@shdfnd@physx@@PEBDH@Z 00000001800223f0 f i ConvexHullBuilder.obj
 0001:00021440       ??$?_UUHullTriangleData@physx@@@@YAPEAX_KV?$ReflectionAllocator@UHullTriangleData@physx@@@shdfnd@physx@@PEBDH@Z 0000000180022440 f i ConvexHullBuilder.obj
 0001:00021490       ??$PX_UNUSED@H@@YAXAEBH@Z  0000000180022490 f i ConvexHullBuilder.obj
 0001:000214a0       ??$PlaneEquation@U?$TriangleT@I@Gu@physx@@@@YA?AVPxPlane@physx@@AEBU?$TriangleT@I@Gu@1@PEBVPxVec3@1@@Z 00000001800224a0 f i ConvexHullBuilder.obj
 0001:00021570       ??$swap@E@shdfnd@physx@@YAXAEAE0@Z 0000000180022570 f i ConvexHullBuilder.obj
 0001:000215c0       ??0?$ReflectionAllocator@UEdgeDescData@Gu@physx@@@shdfnd@physx@@QEAA@PEBD@Z 00000001800225c0 f i ConvexHullBuilder.obj
 0001:000215e0       ??0?$ReflectionAllocator@UHullTriangleData@physx@@@shdfnd@physx@@QEAA@PEBD@Z 00000001800225e0 f i ConvexHullBuilder.obj
 0001:00021600       ??0?$TriangleT@I@Gu@physx@@QEAA@III@Z 0000000180022600 f i ConvexHullBuilder.obj
 0001:00021670       ??0ADJACENCIESCREATE@physx@@QEAA@XZ 0000000180022670 f i ConvexHullBuilder.obj
 0001:000216e0       ??0HullPolygonData@Gu@physx@@QEAA@AEBU012@@Z 00000001800226e0 f i ConvexHullBuilder.obj
 0001:00021760       ??0PxPlane@physx@@QEAA@AEBV01@@Z 0000000180022760 f i ConvexHullBuilder.obj
 0001:000217b0       ??0PxPlane@physx@@QEAA@AEBVPxVec3@1@00@Z 00000001800227b0 f i ConvexHullBuilder.obj
 0001:000218a0       ??0PxPlane@physx@@QEAA@MMMM@Z 00000001800228a0 f i ConvexHullBuilder.obj
 0001:00021910       ??4PxPlane@physx@@QEAAAEAV01@$$QEAV01@@Z 0000000180022910 f i ConvexHullBuilder.obj
 0001:00021960       ??DPxVec3@physx@@QEBA?AV01@M@Z 0000000180022960 f i ConvexHullBuilder.obj
 0001:000219f0       ??GPxVec3@physx@@QEBA?AV01@AEBV01@@Z 00000001800229f0 f i ConvexHullBuilder.obj
 0001:00021a90       ??GPxVec3@physx@@QEBA?AV01@XZ 0000000180022a90 f i ConvexHullBuilder.obj
 0001:00021b20       ??YPxVec3@physx@@QEAAAEAV01@AEBV01@@Z 0000000180022b20 f i ConvexHullBuilder.obj
 0001:00022220       ?ComputeNbPolygons@ConvexHullBuilder@physx@@QEBAIXZ 0000000180023220 f i ConvexHullBuilder.obj
 0001:00022270       ?Flip@physx@@YAXAEAUHullTriangleData@1@@Z 0000000180023270 f i ConvexHullBuilder.obj
 0001:00022420       ?GetAdjTri@AdjTriangle@physx@@QEBAIW4SharedEdgeIndex@2@@Z 0000000180023420 f i ConvexHullBuilder.obj
 0001:00022450       ?GetFaces@ConvexHullBuilder@physx@@QEBAPEBUHullTriangleData@2@XZ 0000000180023450 f i ConvexHullBuilder.obj
 0001:00022470       ?GetNbFaces@ConvexHullBuilder@physx@@QEBAIXZ 0000000180023470 f i ConvexHullBuilder.obj
 0001:00022870       ?HasActiveEdge01@AdjTriangle@physx@@QEBAHXZ 0000000180023870 f i ConvexHullBuilder.obj
 0001:000228a0       ?HasActiveEdge12@AdjTriangle@physx@@QEBAHXZ 00000001800238a0 f i ConvexHullBuilder.obj
 0001:000228d0       ?HasActiveEdge20@AdjTriangle@physx@@QEBAHXZ 00000001800238d0 f i ConvexHullBuilder.obj
 0001:00022900       ?HasActiveEdge@AdjTriangle@physx@@QEBAHI@Z 0000000180023900 f i ConvexHullBuilder.obj
 0001:00022930       ?PxRecipSqrt@physx@@YAMM@Z 0000000180023930 f i ConvexHullBuilder.obj
 0001:00022950       ?allocate@?$ReflectionAllocator@UEdgeDescData@Gu@physx@@@shdfnd@physx@@QEAAPEAX_KPEBDH@Z 0000000180023950 f i ConvexHullBuilder.obj
 0001:000229f0       ?allocate@?$ReflectionAllocator@UHullTriangleData@physx@@@shdfnd@physx@@QEAAPEAX_KPEBDH@Z 00000001800239f0 f i ConvexHullBuilder.obj
 0001:00022a90       ?area@?$TriangleT@I@Gu@physx@@QEBAMPEBVPxVec3@3@@Z 0000000180023a90 f i ConvexHullBuilder.obj
 0001:00022bb0       ?center@?$TriangleT@I@Gu@physx@@QEBAXPEBVPxVec3@3@AEAV43@@Z 0000000180023bb0 f i ConvexHullBuilder.obj
 0001:00022cc0       ?cross@PxVec3@physx@@QEBA?AV12@AEBV12@@Z 0000000180023cc0 f i ConvexHullBuilder.obj
 0001:00022db0       ?distance@PxPlane@physx@@QEBAMAEBVPxVec3@2@@Z 0000000180023db0 f i ConvexHullBuilder.obj
 0001:00022df0       ?flip@?$TriangleT@I@Gu@physx@@QEAAXXZ 0000000180023df0 f i ConvexHullBuilder.obj
 0001:00022e40       ?flip@physx@@YAXAEAG@Z     0000000180023e40 f i ConvexHullBuilder.obj
 0001:00022ec0       ?flip@physx@@YAXAEAM@Z     0000000180023ec0 f i ConvexHullBuilder.obj
 0001:00022fb0       ?flipData@Gu@physx@@YAXAEAUHullPolygonData@12@@Z 0000000180023fb0 f i ConvexHullBuilder.obj
 0001:00023030       ?getName@?$ReflectionAllocator@UEdgeDescData@Gu@physx@@@shdfnd@physx@@CAPEBDXZ 0000000180024030 f i ConvexHullBuilder.obj
 0001:00023080       ?getName@?$ReflectionAllocator@UHullTriangleData@physx@@@shdfnd@physx@@CAPEBDXZ 0000000180024080 f i ConvexHullBuilder.obj
 0001:000230d0       ?getNormalized@PxVec3@physx@@QEBA?AV12@XZ 00000001800240d0 f i ConvexHullBuilder.obj
 0001:00023180       ?recipSqrt@intrinsics@physx@@YAMM@Z 0000000180024180 f i ConvexHullBuilder.obj
 0001:000231c0       ?to8@shdfnd@physx@@YAEI@Z  00000001800241c0 f i ConvexHullBuilder.obj
 0001:00023240       ??0ConvexMeshBuilder@physx@@QEAA@XZ 0000000180024240 f   ConvexMeshBuilder.obj
 0001:000232a0       ??1ConvexMeshBuilder@physx@@UEAA@XZ 00000001800242a0 f   ConvexMeshBuilder.obj
 0001:00023300       ?loadFromDesc@ConvexMeshBuilder@physx@@QEAA_NAEBVPxConvexMeshDesc@2@W4Enum@PxPlatform@2@@Z 0000000180024300 f   ConvexMeshBuilder.obj
 0001:000233e0       ?save@ConvexMeshBuilder@physx@@QEBA_NAEAVPxOutputStream@2@_N@Z 00000001800243e0 f   ConvexMeshBuilder.obj
 0001:00023790       ?loadConvexHull@ConvexMeshBuilder@physx@@QEAA_NAEBVPxConvexMeshDesc@2@@Z 0000000180024790 f   ConvexMeshBuilder.obj
 0001:00023c20       ?computeHullPolygons@ConvexMeshBuilder@physx@@QEAA_NAEBIPEBVPxVec3@2@0PEBIAEAVPxAllocatorCallback@2@AEAIAEAPEAV32@4AEAPEAI4AEAPEAUPxHullPolygon@2@@Z 0000000180024c20 f   ConvexMeshBuilder.obj
 0001:00024080       ?computeGaussMaps@ConvexMeshBuilder@physx@@QEAA_NXZ 0000000180025080 f   ConvexMeshBuilder.obj
 0001:000241c0       ?computeMassInfo@ConvexMeshBuilder@physx@@QEAAXXZ 00000001800251c0 f   ConvexMeshBuilder.obj
 0001:000244c0       ?computeInternalObjects@ConvexMeshBuilder@physx@@QEAAXXZ 00000001800254c0 f   ConvexMeshBuilder.obj
 0001:00025850       ??0?$PxFlags@W4Enum@PxBaseFlag@physx@@G@physx@@QEAA@AEBV01@@Z 0000000180026850 f i ConvexMeshBuilder.obj
 0001:00025880       ??0?$PxFlags@W4Enum@PxConvexFlag@physx@@G@physx@@QEAA@AEBV01@@Z 0000000180026880 f i ConvexMeshBuilder.obj
 0001:000258b0       ??0?$ReflectionAllocator@VBigConvexData@physx@@@shdfnd@physx@@QEAA@PEBD@Z 00000001800268b0 f i ConvexMeshBuilder.obj
 0001:000258d0       ??0PxBoundedData@physx@@QEAA@XZ 00000001800268d0 f i ConvexMeshBuilder.obj
 0001:00025910       ??0PxIntegrals@physx@@QEAA@XZ 0000000180026910 f i ConvexMeshBuilder.obj
 0001:00025940       ??0PxMat33@physx@@QEAA@AEBVPxVec3@1@00@Z 0000000180026940 f i ConvexMeshBuilder.obj
 0001:000259c0       ??0PxSimpleTriangleMesh@physx@@QEAA@XZ 00000001800269c0 f i ConvexMeshBuilder.obj
 0001:00025a20       ??0PxStridedData@physx@@QEAA@XZ 0000000180026a20 f i ConvexMeshBuilder.obj
 0001:00025a50       ??2UserAllocated@shdfnd@physx@@SAPEAX_KPEAX@Z 0000000180026a50 f i ConvexMeshBuilder.obj
 0001:00025a70       ??3UserAllocated@shdfnd@physx@@SAXPEAX@Z 0000000180026a70 f i ConvexMeshBuilder.obj
 0001:00025ab0       ??4PxMat33@physx@@QEAAAEAV01@AEBV01@@Z 0000000180026ab0 f i ConvexMeshBuilder.obj
 0001:00025b30       ??APxMat33@physx@@QEAAAEAVPxVec3@1@I@Z 0000000180026b30 f i ConvexMeshBuilder.obj
 0001:00025b60       ??B?$PxFlags@W4Enum@PxBaseFlag@physx@@G@physx@@QEBA_NXZ 0000000180026b60 f i ConvexMeshBuilder.obj
 0001:00025ba0       ??B?$PxFlags@W4Enum@PxConvexFlag@physx@@G@physx@@QEBA_NXZ 0000000180026ba0 f i ConvexMeshBuilder.obj
 0001:00025be0       ??GPxMat33@physx@@QEBA?AV01@XZ 0000000180026be0 f i ConvexMeshBuilder.obj
 0001:00025c80       ??I?$PxFlags@W4Enum@PxBaseFlag@physx@@G@physx@@QEBA?AV01@W4Enum@PxBaseFlag@1@@Z 0000000180026c80 f i ConvexMeshBuilder.obj
 0001:00025cf0       ??I?$PxFlags@W4Enum@PxConvexFlag@physx@@G@physx@@QEBA?AV01@W4Enum@PxConvexFlag@1@@Z 0000000180026cf0 f i ConvexMeshBuilder.obj
 0001:00025d60       ??RPxMat33@physx@@QEAAAEAMII@Z 0000000180026d60 f i ConvexMeshBuilder.obj
 0001:00025da0       ??XPxVec3@physx@@QEAAAEAV01@M@Z 0000000180026da0 f i ConvexMeshBuilder.obj
 0001:00025e14       ??_EConvexMeshBuilder@physx@@WBA@EAAPEAXI@Z 0000000180026e14 f i ConvexMeshBuilder.obj
 0001:00025e20       ??_GBigConvexData@physx@@QEAAPEAXI@Z 0000000180026e20 f i ConvexMeshBuilder.obj
 0001:00025e90       ??_GConvexMeshBuilder@physx@@UEAAPEAXI@Z 0000000180026e90 f i ConvexMeshBuilder.obj
 0001:00025e90       ??_EConvexMeshBuilder@physx@@UEAAPEAXI@Z 0000000180026e90 f i ConvexMeshBuilder.obj
 0001:00025f00       ?PxGetGaussMapVertexLimitForPlatform@physx@@YAIW4Enum@PxPlatform@1@@Z 0000000180026f00 f i ConvexMeshBuilder.obj
 0001:00025fd0       ?allocate@?$ReflectionAllocator@VBigConvexData@physx@@@shdfnd@physx@@QEAAPEAX_KPEBDH@Z 0000000180026fd0 f i ConvexMeshBuilder.obj
 0001:00026070       ?getName@?$ReflectionAllocator@VBigConvexData@physx@@@shdfnd@physx@@CAPEBDXZ 0000000180027070 f i ConvexMeshBuilder.obj
 0001:000260c0       ?getOriginInertia@PxIntegrals@physx@@QEAAXAEAVPxMat33@2@@Z 00000001800270c0 f i ConvexMeshBuilder.obj
 0001:00026170       ?isReleasable@PxBase@physx@@UEBA_NXZ 0000000180027170 f i ConvexMeshBuilder.obj
 0001:000261b0       ?isValid@PxConvexMeshDesc@physx@@QEBA_NXZ 00000001800271b0 f i ConvexMeshBuilder.obj
 0001:00026430       ?largestAxis@shdfnd@physx@@YAIAEBVPxVec3@2@@Z 0000000180027430 f i ConvexMeshBuilder.obj
 0001:000264c0       ?markSerializedMem@Cm@physx@@YAXPEAXI@Z 00000001800274c0 f i ConvexMeshBuilder.obj
 0001:00026510       ?requires@ConvexMesh@Gu@physx@@UEAAXAEAVPxProcessPxBaseCallback@3@@Z 0000000180027510 f i ConvexMeshBuilder.obj
 0001:00026520       ??0HullLibrary@physx@@QEAA@XZ 0000000180027520 f   hulllib.obj
 0001:000265c0       ??1HullLibrary@physx@@QEAA@XZ 00000001800275c0 f   hulllib.obj
 0001:00026610       ?CreateConvexHull@HullLibrary@physx@@QEAA?AW4HullError@2@AEBVHullDesc@2@AEAVHullResult@2@@Z 0000000180027610 f   hulllib.obj
 0001:00026f90       ?ReleaseResult@HullLibrary@physx@@QEAA?AW4HullError@2@AEAVHullResult@2@@Z 0000000180027f90 f   hulllib.obj
 0001:00027040       ?CreateTriangleMesh@HullLibrary@physx@@QEAA?AW4HullError@2@AEAVHullResult@2@PEAVConvexHullTriangleInterface@2@@Z 0000000180028040 f   hulllib.obj
 0001:00027220       ?b2bfix@HullLibrary@physx@@AEAAXPEAVTri@2@0@Z 0000000180028220 f   hulllib.obj
 0001:000274a0       ?removeb2b@HullLibrary@physx@@AEAAXPEAVTri@2@0@Z 00000001800284a0 f   hulllib.obj
 0001:00027500       ?checkit@HullLibrary@physx@@AEBAXPEAVTri@2@@Z 0000000180028500 f   hulllib.obj
 0001:000276f0       ?extrude@HullLibrary@physx@@AEAAXPEAVTri@2@H@Z 00000001800286f0 f   hulllib.obj
 0001:00027db0       ?extrudable@HullLibrary@physx@@AEBAPEAVTri@2@M@Z 0000000180028db0 f   hulllib.obj
 0001:00027e90       ?calchullgen@HullLibrary@physx@@AEAA?AW4HullError@2@PEAVfloat3@2@HHM@Z 0000000180028e90 f   hulllib.obj
 0001:000292e0       ?calchull@HullLibrary@physx@@AEAA?AW4HullError@2@PEAVfloat3@2@HAEAPEAHAEAHAEAPEAV42@2HM@Z 000000018002a2e0 f   hulllib.obj
 0001:00029650       ?expandhull@HullLibrary@physx@@AEAA?AW4HullError@2@PEAVfloat3@2@HAEAPEAV42@AEAHM@Z 000000018002a650 f   hulllib.obj
 0001:0002a410       ?calchullpbev@HullLibrary@physx@@AEAA?AW4HullError@2@PEAVfloat3@2@HHAEAV?$Array@VPlane@physx@@@hullLibArray@2@M@Z 000000018002b410 f   hulllib.obj
 0001:0002b110       ?ComputeHull@HullLibrary@physx@@AEAA?AW4HullError@2@IPEBMAEAVPHullResult@2@IMM@Z 000000018002c110 f   hulllib.obj
 0001:0002b5c0       ?overhullv@HullLibrary@physx@@AEAA?AW4HullError@2@PEAVfloat3@2@HHAEAPEAV42@AEAHAEAPEAH2MMHM@Z 000000018002c5c0 f   hulllib.obj
 0001:0002c750       ??0ConvexH@physx@@QEAA@HHH@Z 000000018002d750 f   hulllib.obj
 0001:0002fcf0       ?neib@Tri@physx@@QEAAAEAHHH@Z 0000000180030cf0 f   hulllib.obj
 0001:00036510       ??$?2V?$ReflectionAllocator@VConvexH@physx@@@shdfnd@physx@@@UserAllocated@shdfnd@physx@@SAPEAX_KV?$ReflectionAllocator@VConvexH@physx@@@12@PEBDH@Z 0000000180037510 f i hulllib.obj
 0001:00036560       ??$?2V?$ReflectionAllocator@VTri@physx@@@shdfnd@physx@@@UserAllocated@shdfnd@physx@@SAPEAX_KV?$ReflectionAllocator@VTri@physx@@@12@PEBDH@Z 0000000180037560 f i hulllib.obj
 0001:000365b0       ??$?_UM@@YAPEAX_KV?$ReflectionAllocator@M@shdfnd@physx@@PEBDH@Z 00000001800375b0 f i hulllib.obj
 0001:00036600       ??$Max@M@physx@@YAMAEBM0@Z 0000000180037600 f i hulllib.obj
 0001:00036660       ??$Min@H@physx@@YAHAEBH0@Z 0000000180037660 f i hulllib.obj
 0001:000366b0       ??$Min@M@physx@@YAMAEBM0@Z 00000001800376b0 f i hulllib.obj
 0001:00036710       ??$Swap@H@physx@@YAXAEAH0@Z 0000000180037710 f i hulllib.obj
 0001:00036760       ??$__vcrt_va_start_verify_argument_type@QEBD@@YAXXZ 0000000180037760 f i hulllib.obj
 0001:00036770       ??$maxdir@Vfloat3@physx@@@physx@@YAHPEBVfloat3@0@HAEBV10@@Z 0000000180037770 f i hulllib.obj
 0001:000368a0       ??$maxdirfiltered@Vfloat3@physx@@@physx@@YAHPEBVfloat3@0@HAEBV10@PEA_N@Z 00000001800378a0 f i hulllib.obj
 0001:00036a60       ??$maxdirsterid@Vfloat3@physx@@@physx@@YAHPEBVfloat3@0@HAEBV10@AEAV?$Array@H@hullLibArray@0@@Z 0000000180037a60 f i hulllib.obj
 0001:00037040       ??0?$Array@H@hullLibArray@physx@@QEAA@H@Z 0000000180038040 f i hulllib.obj
 0001:000370b0       ??0?$Array@PEAVTri@physx@@@hullLibArray@physx@@QEAA@H@Z 00000001800380b0 f i hulllib.obj
 0001:00037120       ??0?$Array@UExpandPlane@physx@@@hullLibArray@physx@@QEAA@H@Z 0000000180038120 f i hulllib.obj
 0001:00037190       ??0?$Array@VHalfEdge@ConvexH@physx@@@hullLibArray@physx@@QEAA@H@Z 0000000180038190 f i hulllib.obj
 0001:00037200       ??0?$Array@VPlane@physx@@@hullLibArray@physx@@QEAA@H@Z 0000000180038200 f i hulllib.obj
 0001:00037270       ??0?$Array@Vfloat3@physx@@@hullLibArray@physx@@QEAA@H@Z 0000000180038270 f i hulllib.obj
 0001:000372e0       ??0?$Array@Vint3@physx@@@hullLibArray@physx@@QEAA@H@Z 00000001800382e0 f i hulllib.obj
 0001:00037350       ??0?$ReflectionAllocator@M@shdfnd@physx@@QEAA@PEBD@Z 0000000180038350 f i hulllib.obj
 0001:00037370       ??0?$ReflectionAllocator@VConvexH@physx@@@shdfnd@physx@@QEAA@PEBD@Z 0000000180038370 f i hulllib.obj
 0001:00037390       ??0?$ReflectionAllocator@VTri@physx@@@shdfnd@physx@@QEAA@PEBD@Z 0000000180038390 f i hulllib.obj
 0001:000373b0       ??0?$ScopedPointer@_NVTempAllocator@shdfnd@physx@@@shdfnd@physx@@QEAA@XZ 00000001800383b0 f i hulllib.obj
 0001:000373e0       ??0ExpandPlane@physx@@QEAA@XZ 00000001800383e0 f i hulllib.obj
 0001:00037490       ??0HalfEdge@ConvexH@physx@@QEAA@FEE@Z 0000000180038490 f i hulllib.obj
 0001:000374f0       ??0HalfEdge@ConvexH@physx@@QEAA@XZ 00000001800384f0 f i hulllib.obj
 0001:00037500       ??0PHullResult@physx@@QEAA@XZ 0000000180038500 f i hulllib.obj
 0001:00037560       ??0Plane@physx@@QEAA@AEBVfloat3@1@M@Z 0000000180038560 f i hulllib.obj
 0001:000375b0       ??0Plane@physx@@QEAA@XZ    00000001800385b0 f i hulllib.obj
 0001:000375f0       ??0Tri@physx@@QEAA@HHHPEAV?$Array@PEAVTri@physx@@@hullLibArray@1@@Z 00000001800385f0 f i hulllib.obj
 0001:000376b0       ??0float3@physx@@QEAA@MMM@Z 00000001800386b0 f i hulllib.obj
 0001:00037710       ??0float3@physx@@QEAA@XZ   0000000180038710 f i hulllib.obj
 0001:00037750       ??0float3x3@physx@@QEAA@Vfloat3@1@00@Z 0000000180038750 f i hulllib.obj
 0001:000377c0       ??0float3x3@physx@@QEAA@XZ 00000001800387c0 f i hulllib.obj
 0001:00037820       ??0int3@physx@@QEAA@HHH@Z  0000000180038820 f i hulllib.obj
 0001:00037870       ??0int4@physx@@QEAA@HHHH@Z 0000000180038870 f i hulllib.obj
 0001:000378d0       ??1?$Array@H@hullLibArray@physx@@QEAA@XZ 00000001800388d0 f i hulllib.obj
 0001:00037950       ??1?$Array@PEAVTri@physx@@@hullLibArray@physx@@QEAA@XZ 0000000180038950 f i hulllib.obj
 0001:000379d0       ??1?$Array@UExpandPlane@physx@@@hullLibArray@physx@@QEAA@XZ 00000001800389d0 f i hulllib.obj
 0001:00037a50       ??1?$Array@VHalfEdge@ConvexH@physx@@@hullLibArray@physx@@QEAA@XZ 0000000180038a50 f i hulllib.obj
 0001:00037ad0       ??1?$Array@VPlane@physx@@@hullLibArray@physx@@QEAA@XZ 0000000180038ad0 f i hulllib.obj
 0001:00037b50       ??1?$Array@Vfloat3@physx@@@hullLibArray@physx@@QEAA@XZ 0000000180038b50 f i hulllib.obj
 0001:00037bd0       ??1?$Array@Vint3@physx@@@hullLibArray@physx@@QEAA@XZ 0000000180038bd0 f i hulllib.obj
 0001:00037c50       ??1?$ScopedPointer@_NVTempAllocator@shdfnd@physx@@@shdfnd@physx@@QEAA@XZ 0000000180038c50 f i hulllib.obj
 0001:00037c90       ??1ConvexH@physx@@QEAA@XZ  0000000180038c90 f i hulllib.obj
 0001:00037ce0       ??1Tri@physx@@IEAA@XZ      0000000180038ce0 f i hulllib.obj
 0001:00037cf0       ??8physx@@YAHAEBVPlane@0@0@Z 0000000180038cf0 f i hulllib.obj
 0001:00037d60       ??8physx@@YAHAEBVfloat3@0@0@Z 0000000180038d60 f i hulllib.obj
 0001:00037de0       ??9physx@@YAHAEBVfloat3@0@0@Z 0000000180038de0 f i hulllib.obj
 0001:00037e60       ??A?$Array@H@hullLibArray@physx@@QEAAAEAHH@Z 0000000180038e60 f i hulllib.obj
 0001:00037f00       ??A?$Array@PEAVTri@physx@@@hullLibArray@physx@@QEAAAEAPEAVTri@2@H@Z 0000000180038f00 f i hulllib.obj
 0001:00037fa0       ??A?$Array@UExpandPlane@physx@@@hullLibArray@physx@@QEAAAEAUExpandPlane@2@H@Z 0000000180038fa0 f i hulllib.obj
 0001:00038040       ??A?$Array@VHalfEdge@ConvexH@physx@@@hullLibArray@physx@@QEAAAEAVHalfEdge@ConvexH@2@H@Z 0000000180039040 f i hulllib.obj
 0001:000380e0       ??A?$Array@VPlane@physx@@@hullLibArray@physx@@QEAAAEAVPlane@2@H@Z 00000001800390e0 f i hulllib.obj
 0001:00038180       ??A?$Array@Vfloat3@physx@@@hullLibArray@physx@@QEAAAEAVfloat3@2@H@Z 0000000180039180 f i hulllib.obj
 0001:00038220       ??Afloat3@physx@@QEAAAEAMH@Z 0000000180039220 f i hulllib.obj
 0001:000382c0       ??Afloat3@physx@@QEBAAEBMH@Z 00000001800392c0 f i hulllib.obj
 0001:00038360       ??Afloat3x3@physx@@QEAAAEAVfloat3@1@H@Z 0000000180039360 f i hulllib.obj
 0001:00038400       ??Afloat3x3@physx@@QEBAAEBVfloat3@1@H@Z 0000000180039400 f i hulllib.obj
 0001:000384a0       ??Aint3@physx@@QEAAAEAHH@Z 00000001800394a0 f i hulllib.obj
 0001:000384c0       ??Aint3@physx@@QEBAAEBHH@Z 00000001800394c0 f i hulllib.obj
 0001:000384e0       ??Aint4@physx@@QEAAAEAHH@Z 00000001800394e0 f i hulllib.obj
 0001:00038500       ??B?$ScopedPointer@_NVTempAllocator@shdfnd@physx@@@shdfnd@physx@@QEBAPEA_NXZ 0000000180039500 f i hulllib.obj
 0001:00038520       ??_G?$Array@PEAVTri@physx@@@hullLibArray@physx@@QEAAPEAXI@Z 0000000180039520 f i hulllib.obj
 0001:00038570       ??_GConvexH@physx@@QEAAPEAXI@Z 0000000180039570 f i hulllib.obj
 0001:000385e0       ??_GTri@physx@@IEAAPEAXI@Z 00000001800395e0 f i hulllib.obj
 0001:00038650       ?Add@?$Array@H@hullLibArray@physx@@QEAAAEAHH@Z 0000000180039650 f i hulllib.obj
 0001:00038780       ?Add@?$Array@PEAVTri@physx@@@hullLibArray@physx@@QEAAAEAPEAVTri@3@PEAV43@@Z 0000000180039780 f i hulllib.obj
 0001:000388c0       ?Add@?$Array@UExpandPlane@physx@@@hullLibArray@physx@@QEAAAEAUExpandPlane@3@U43@@Z 00000001800398c0 f i hulllib.obj
 0001:00038a10       ?Add@?$Array@VPlane@physx@@@hullLibArray@physx@@QEAAAEAVPlane@3@V43@@Z 0000000180039a10 f i hulllib.obj
 0001:00038b60       ?Add@?$Array@Vfloat3@physx@@@hullLibArray@physx@@QEAAAEAVfloat3@3@V43@@Z 0000000180039b60 f i hulllib.obj
 0001:00038cb0       ?Add@?$Array@Vint3@physx@@@hullLibArray@physx@@QEAAAEAVint3@3@V43@@Z 0000000180039cb0 f i hulllib.obj
 0001:00038e00       ?HasHullFlag@HullDesc@physx@@QEBA_NW4HullFlag@2@@Z 0000000180039e00 f i hulllib.obj
 0001:00038fd0       ?PxMemSet@physx@@YAPEAXPEIAXHI@Z 0000000180039fd0 f i hulllib.obj
 0001:00039010       ?SetSize@?$Array@PEAVTri@physx@@@hullLibArray@physx@@QEAAXH@Z 000000018003a010 f i hulllib.obj
 0001:000390c0       ?SetSize@?$Array@Vint3@physx@@@hullLibArray@physx@@QEAAXH@Z 000000018003a0c0 f i hulllib.obj
 0001:00039170       ?allocate@?$Array@H@hullLibArray@physx@@QEAAXH@Z 000000018003a170 f i hulllib.obj
 0001:000393f0       ?allocate@?$Array@PEAVTri@physx@@@hullLibArray@physx@@QEAAXH@Z 000000018003a3f0 f i hulllib.obj
 0001:00039670       ?allocate@?$Array@UExpandPlane@physx@@@hullLibArray@physx@@QEAAXH@Z 000000018003a670 f i hulllib.obj
 0001:00039930       ?allocate@?$Array@VHalfEdge@ConvexH@physx@@@hullLibArray@physx@@QEAAXH@Z 000000018003a930 f i hulllib.obj
 0001:00039bb0       ?allocate@?$Array@VPlane@physx@@@hullLibArray@physx@@QEAAXH@Z 000000018003abb0 f i hulllib.obj
 0001:00039e70       ?allocate@?$Array@Vfloat3@physx@@@hullLibArray@physx@@QEAAXH@Z 000000018003ae70 f i hulllib.obj
 0001:0003a130       ?allocate@?$Array@Vint3@physx@@@hullLibArray@physx@@QEAAXH@Z 000000018003b130 f i hulllib.obj
 0001:0003a3f0       ?allocate@?$ReflectionAllocator@M@shdfnd@physx@@QEAAPEAX_KPEBDH@Z 000000018003b3f0 f i hulllib.obj
 0001:0003a490       ?allocate@?$ReflectionAllocator@VConvexH@physx@@@shdfnd@physx@@QEAAPEAX_KPEBDH@Z 000000018003b490 f i hulllib.obj
 0001:0003a530       ?allocate@?$ReflectionAllocator@VTri@physx@@@shdfnd@physx@@QEAAPEAX_KPEBDH@Z 000000018003b530 f i hulllib.obj
 0001:0003a5d0       ?distance@Plane@physx@@QEBAMAEBVfloat3@2@@Z 000000018003b5d0 f i hulllib.obj
 0001:0003a640       ?getName@?$ReflectionAllocator@M@shdfnd@physx@@CAPEBDXZ 000000018003b640 f i hulllib.obj
 0001:0003a690       ?getName@?$ReflectionAllocator@VConvexH@physx@@@shdfnd@physx@@CAPEBDXZ 000000018003b690 f i hulllib.obj
 0001:0003a6e0       ?getName@?$ReflectionAllocator@VTri@physx@@@shdfnd@physx@@CAPEBDXZ 000000018003b6e0 f i hulllib.obj
 0001:0003a730       ?memSet@intrinsics@physx@@YAPEAXPEIAXHI@Z 000000018003b730 f i hulllib.obj
 0001:0003a780       ?to8@shdfnd@physx@@YAEG@Z  000000018003b780 f i hulllib.obj
 0001:0003a800       __local_stdio_printf_options 000000018003b800 f i hulllib.obj
 0001:0003a810       _vfprintf_l                000000018003b810 f i hulllib.obj
 0001:0003a870       printf                     000000018003b870 f i hulllib.obj
 0001:0003a970       ?computeVolumeIntegrals@physx@@YA_NAEBVPxSimpleTriangleMesh@1@MAEAUPxIntegrals@1@@Z 000000018003b970 f   VolumeIntegration.obj
 0001:0003aa00       ?computeVolumeIntegralsEberly@physx@@YA_NAEBVPxSimpleTriangleMesh@1@MAEAUPxIntegrals@1@AEBVPxVec3@1@@Z 000000018003ba00 f   VolumeIntegration.obj
 0001:0003f640       ??4?$PxFlags@W4Enum@PxMeshFlag@physx@@G@physx@@QEAAAEAV01@AEBV01@@Z 0000000180040640 f i VolumeIntegration.obj
 0001:0003f670       ??4PxSimpleTriangleMesh@physx@@QEAAAEAV01@AEBV01@@Z 0000000180040670 f i VolumeIntegration.obj
 0001:0003f6f0       ?isZero@PxVec3@physx@@QEBA_NXZ 00000001800406f0 f i VolumeIntegration.obj
 0001:0003f750       ?ComputeNbBoundaryEdges@AdjTriangle@physx@@QEBAIXZ 0000000180040750 f   Adjacencies.obj
 0001:0003f7e0       ?ComputeNbNeighbors@AdjTriangle@physx@@QEBAIXZ 00000001800407e0 f   Adjacencies.obj
 0001:0003f870       ?HasNeighbor@AdjTriangle@physx@@QEBA_NIPEAI@Z 0000000180040870 f   Adjacencies.obj
 0001:0003f980       ?Flip@AdjTriangle@physx@@QEAAXXZ 0000000180040980 f   Adjacencies.obj
 0001:0003f9d0       ??0Adjacencies@physx@@QEAA@XZ 00000001800409d0 f   Adjacencies.obj
 0001:0003fa00       ??1Adjacencies@physx@@QEAA@XZ 0000000180040a00 f   Adjacencies.obj
 0001:0003fa60       ?Load@Adjacencies@physx@@QEAA_NAEAVPxInputStream@2@@Z 0000000180040a60 f   Adjacencies.obj
 0001:0003fbf0       ?Walk@Adjacencies@physx@@QEAA_NP6AXAEBUCommonWalkParams@2@IIII@ZPEAX@Z 0000000180040bf0 f   Adjacencies.obj
 0001:0003fd90       ?Walk2@Adjacencies@physx@@QEAA_NP6AXAEBUCommonWalkParams@2@IIII@ZPEAXPEBVPxVec3@2@PEBU?$TriangleT@I@Gu@2@@Z 0000000180040d90 f   Adjacencies.obj
 0001:0003ff90       ?ComputeNbBoundaryEdges@Adjacencies@physx@@QEBAIXZ 0000000180040f90 f   Adjacencies.obj
 0001:00040010       ?GetBoundaryVertices@Adjacencies@physx@@QEBA_NIPEA_NPEBU?$TriangleT@I@Gu@2@@Z 0000000180041010 f   Adjacencies.obj
 0001:00040320       ?MakeLastRef@Adjacencies@physx@@QEAA_NAEAVAdjTriangle@2@IPEAU?$TriangleT@I@Gu@2@@Z 0000000180041320 f   Adjacencies.obj
 0001:00040680       ?AssignNewEdgeCode@Adjacencies@physx@@AEAAXIE@Z 0000000180041680 f   Adjacencies.obj
 0001:00040720       ??0AdjacenciesBuilder@physx@@QEAA@XZ 0000000180041720 f   Adjacencies.obj
 0001:00040750       ??1AdjacenciesBuilder@physx@@QEAA@XZ 0000000180041750 f   Adjacencies.obj
 0001:00040770       ?Init@AdjacenciesBuilder@physx@@QEAA_NAEBUADJACENCIESCREATE@2@@Z 0000000180041770 f   Adjacencies.obj
 0001:00042340       ??$?_UV?$ReflectionAllocator@VAdjEdge@@@shdfnd@physx@@@UserAllocated@shdfnd@physx@@SAPEAX_KV?$ReflectionAllocator@VAdjEdge@@@12@PEBDH@Z 0000000180043340 f i Adjacencies.obj
 0001:00042390       ??$?_UV?$ReflectionAllocator@VAdjTriangle@physx@@@shdfnd@physx@@@UserAllocated@shdfnd@physx@@SAPEAX_KV?$ReflectionAllocator@VAdjTriangle@physx@@@12@PEBDH@Z 0000000180043390 f i Adjacencies.obj
 0001:000423e0       ??$swap@M@shdfnd@physx@@YAXAEAM0@Z 00000001800433e0 f i Adjacencies.obj
 0001:00042440       ??0?$ReflectionAllocator@VAdjEdge@@@shdfnd@physx@@QEAA@PEBD@Z 0000000180043440 f i Adjacencies.obj
 0001:00042460       ??0?$ReflectionAllocator@VAdjTriangle@physx@@@shdfnd@physx@@QEAA@PEBD@Z 0000000180043460 f i Adjacencies.obj
 0001:00042480       ??0?$TriangleT@I@Gu@physx@@QEAA@XZ 0000000180043480 f i Adjacencies.obj
 0001:00042490       ??0AdjEdge@@QEAA@XZ        0000000180043490 f i Adjacencies.obj
 0001:000424a0       ??0AdjTriangle@physx@@QEAA@XZ 00000001800434a0 f i Adjacencies.obj
 0001:000424e0       ??1AdjEdge@@QEAA@XZ        00000001800434e0 f i Adjacencies.obj
 0001:000424f0       ??1AdjTriangle@physx@@QEAA@XZ 00000001800434f0 f i Adjacencies.obj
 0001:00042500       ??_EAdjEdge@@QEAAPEAXI@Z   0000000180043500 f i Adjacencies.obj
 0001:00042610       ??_EAdjTriangle@physx@@QEAAPEAXI@Z 0000000180043610 f i Adjacencies.obj
 0001:00042720       ??_I@YAXPEAX_K1P6AX0@Z@Z   0000000180043720 f i Adjacencies.obj
 0001:000427e0       ??_VUserAllocated@shdfnd@physx@@SAXPEAX@Z 00000001800437e0 f i Adjacencies.obj
 0001:00042820       ?GetEdgeTriangle@EdgeList@Gu@physx@@QEBAAEBUEdgeTriangleData@23@I@Z 0000000180043820 f i Adjacencies.obj
 0001:00042850       ?HasActiveEdge01@EdgeTriangleAC@Gu@physx@@SAHAEBUEdgeTriangleData@23@@Z 0000000180043850 f i Adjacencies.obj
 0001:00042880       ?HasActiveEdge12@EdgeTriangleAC@Gu@physx@@SAHAEBUEdgeTriangleData@23@@Z 0000000180043880 f i Adjacencies.obj
 0001:000428b0       ?HasActiveEdge20@EdgeTriangleAC@Gu@physx@@SAHAEBUEdgeTriangleData@23@@Z 00000001800438b0 f i Adjacencies.obj
 0001:00043140       ?allocate@?$ReflectionAllocator@VAdjEdge@@@shdfnd@physx@@QEAAPEAX_KPEBDH@Z 0000000180044140 f i Adjacencies.obj
 0001:000431e0       ?allocate@?$ReflectionAllocator@VAdjTriangle@physx@@@shdfnd@physx@@QEAAPEAX_KPEBDH@Z 00000001800441e0 f i Adjacencies.obj
 0001:00043280       ?findEdge@?$TriangleT@I@Gu@physx@@QEBAEII@Z 0000000180044280 f i Adjacencies.obj
 0001:00043430       ?getName@?$ReflectionAllocator@VAdjEdge@@@shdfnd@physx@@CAPEBDXZ 0000000180044430 f i Adjacencies.obj
 0001:00043480       ?getName@?$ReflectionAllocator@VAdjTriangle@physx@@@shdfnd@physx@@CAPEBDXZ 0000000180044480 f i Adjacencies.obj
 0001:000434d0       PxCreateCooking            00000001800444d0 f   Cooking.obj
 0001:000435c0       ?release@Cooking@physx@@UEAAXXZ 00000001800445c0 f   Cooking.obj
 0001:00043620       ?setParams@Cooking@physx@@UEAAXAEBUPxCookingParams@2@@Z 0000000180044620 f   Cooking.obj
 0001:00043650       ?getParams@Cooking@physx@@UEAAAEBUPxCookingParams@2@XZ 0000000180044650 f   Cooking.obj
 0001:00043670       ?platformMismatch@Cooking@physx@@UEAA_NXZ 0000000180044670 f   Cooking.obj
 0001:000437f0       ?cookTriangleMesh@Cooking@physx@@UEAA_NAEBVPxTriangleMeshDesc@2@AEAVPxOutputStream@2@@Z 00000001800447f0 f   Cooking.obj
 0001:00043a00       ?createTriangleMesh@Cooking@physx@@UEAAPEAVPxTriangleMesh@2@AEBVPxTriangleMeshDesc@2@AEAVPxPhysicsInsertionCallback@2@@Z 0000000180044a00 f   Cooking.obj
 0001:00043c60       ?validateTriangleMesh@Cooking@physx@@UEAA_NAEBVPxTriangleMeshDesc@2@@Z 0000000180044c60 f   Cooking.obj
 0001:00043d20       ?cookConvexMesh@Cooking@physx@@UEAA_NAEBVPxConvexMeshDesc@2@AEAVPxOutputStream@2@PEAW4Enum@PxConvexMeshCookingResult@2@@Z 0000000180044d20 f   Cooking.obj
 0001:00044350       ?computeHullPolygons@Cooking@physx@@UEAA_NAEBVPxSimpleTriangleMesh@2@AEAVPxAllocatorCallback@2@AEAIAEAPEAVPxVec3@2@2AEAPEAI2AEAPEAUPxHullPolygon@2@@Z 0000000180045350 f   Cooking.obj
 0001:00044620       ?cookHeightField@Cooking@physx@@UEAA_NAEBVPxHeightFieldDesc@2@AEAVPxOutputStream@2@@Z 0000000180045620 f   Cooking.obj
 0001:000448e0       ?createHeightField@Cooking@physx@@UEAAPEAVPxHeightField@2@AEBVPxHeightFieldDesc@2@AEAVPxPhysicsInsertionCallback@2@@Z 00000001800458e0 f   Cooking.obj
 0001:00044b90       ?loadTriangleMeshDesc@Cooking@physx@@AEAA_NAEBVPxTriangleMeshDesc@2@AEAVTriangleMeshBuilder@2@@Z 0000000180045b90 f   Cooking.obj
 0001:00045290       ??$?2V?$ReflectionAllocator@VCooking@physx@@@shdfnd@physx@@@UserAllocated@shdfnd@physx@@SAPEAX_KV?$ReflectionAllocator@VCooking@physx@@@12@PEBDH@Z 0000000180046290 f i Cooking.obj
 0001:000452e0       ??$PX_UNUSED@VPxFoundation@physx@@@@YAXAEBVPxFoundation@physx@@@Z 00000001800462e0 f i Cooking.obj
 0001:000452f0       ??0?$PxFlags@W4Enum@PxConvexFlag@physx@@G@physx@@QEAA@W4Enum@PxConvexFlag@1@@Z 00000001800462f0 f i Cooking.obj
 0001:00045320       ??0?$PxFlags@W4Enum@PxConvexFlag@physx@@G@physx@@QEAA@XZ 0000000180046320 f i Cooking.obj
 0001:00045340       ??0?$PxFlags@W4Enum@PxHeightFieldFlag@physx@@G@physx@@QEAA@AEBV01@@Z 0000000180046340 f i Cooking.obj
 0001:00045370       ??0?$ReflectionAllocator@VCooking@physx@@@shdfnd@physx@@QEAA@PEBD@Z 0000000180046370 f i Cooking.obj
 0001:00045390       ??0?$ReflectionAllocator@VHeightField@Gu@physx@@@shdfnd@physx@@QEAA@PEBD@Z 0000000180046390 f i Cooking.obj
 0001:000453b0       ??0?$ReflectionAllocator@VTriangleMeshBuilder@physx@@@shdfnd@physx@@QEAA@PEBD@Z 00000001800463b0 f i Cooking.obj
 0001:000453d0       ??0Cooking@physx@@QEAA@AEBUPxCookingParams@1@@Z 00000001800463d0 f i Cooking.obj
 0001:00045430       ??0HullDesc@physx@@QEAA@XZ 0000000180046430 f i Cooking.obj
 0001:000454c0       ??0HullResult@physx@@QEAA@XZ 00000001800464c0 f i Cooking.obj
 0001:00045530       ??0PxConvexMeshDesc@physx@@QEAA@AEBV01@@Z 0000000180046530 f i Cooking.obj
 0001:00045600       ??0PxCooking@physx@@QEAA@XZ 0000000180046600 f i Cooking.obj
 0001:00045620       ??0PxCookingParams@physx@@QEAA@AEBU01@@Z 0000000180046620 f i Cooking.obj
 0001:00045740       ??0TriangleMeshBuilder@physx@@QEAA@XZ 0000000180046740 f i Cooking.obj
 0001:00045790       ??1Cooking@physx@@UEAA@XZ  0000000180046790 f i Cooking.obj
 0001:000457b0       ??1PxCooking@physx@@MEAA@XZ 00000001800467b0 f i Cooking.obj
 0001:000457d0       ??1TriangleMeshBuilder@physx@@UEAA@XZ 00000001800467d0 f i Cooking.obj
 0001:000457f0       ??4?$PxFlags@W4Enum@PxMeshPreprocessingFlag@physx@@I@physx@@QEAAAEAV01@AEBV01@@Z 00000001800467f0 f i Cooking.obj
 0001:00045820       ??4PxCookingParams@physx@@QEAAAEAU01@AEBU01@@Z 0000000180046820 f i Cooking.obj
 0001:00045940       ??9?$PxFlags@W4Enum@PxHeightFieldFlag@physx@@G@physx@@QEBA_NAEBV01@@Z 0000000180046940 f i Cooking.obj
 0001:00045990       ??I?$PxFlags@W4Enum@PxHeightFieldFlag@physx@@G@physx@@QEBA?AV01@W4Enum@PxHeightFieldFlag@1@@Z 0000000180046990 f i Cooking.obj
 0001:00045a00       ??S?$PxFlags@W4Enum@PxConvexFlag@physx@@G@physx@@QEBA?AV01@XZ 0000000180046a00 f i Cooking.obj
 0001:00045a50       ??Sphysx@@YA?AV?$PxFlags@W4Enum@PxConvexFlag@physx@@G@0@W4Enum@PxConvexFlag@0@@Z 0000000180046a50 f i Cooking.obj
 0001:00045a90       ??_4?$PxFlags@W4Enum@PxConvexFlag@physx@@G@physx@@QEAAAEAV01@AEBV01@@Z 0000000180046a90 f i Cooking.obj
 0001:00045ac8       ??_ETriangleMeshBuilder@physx@@WBA@EAAPEAXI@Z 0000000180046ac8 f i Cooking.obj
 0001:00045ae0       ??_ECooking@physx@@UEAAPEAXI@Z 0000000180046ae0 f i Cooking.obj
 0001:00045ae0       ??_GCooking@physx@@UEAAPEAXI@Z 0000000180046ae0 f i Cooking.obj
 0001:00045b50       ??_EPxCooking@physx@@MEAAPEAXI@Z 0000000180046b50 f i Cooking.obj
 0001:00045b50       ??_GPxCooking@physx@@MEAAPEAXI@Z 0000000180046b50 f i Cooking.obj
 0001:00045ba0       ??_GTriangleMeshBuilder@physx@@UEAAPEAXI@Z 0000000180046ba0 f i Cooking.obj
 0001:00045ba0       ??_ETriangleMeshBuilder@physx@@UEAAPEAXI@Z 0000000180046ba0 f i Cooking.obj
 0001:00045c10       ?allocate@?$ReflectionAllocator@VCooking@physx@@@shdfnd@physx@@QEAAPEAX_KPEBDH@Z 0000000180046c10 f i Cooking.obj
 0001:00045cb0       ?allocate@?$ReflectionAllocator@VHeightField@Gu@physx@@@shdfnd@physx@@QEAAPEAX_KPEBDH@Z 0000000180046cb0 f i Cooking.obj
 0001:00045d50       ?allocate@?$ReflectionAllocator@VTriangleMeshBuilder@physx@@@shdfnd@physx@@QEAAPEAX_KPEBDH@Z 0000000180046d50 f i Cooking.obj
 0001:00045df0       ?getName@?$ReflectionAllocator@VCooking@physx@@@shdfnd@physx@@CAPEBDXZ 0000000180046df0 f i Cooking.obj
 0001:00045e40       ?getName@?$ReflectionAllocator@VHeightField@Gu@physx@@@shdfnd@physx@@CAPEBDXZ 0000000180046e40 f i Cooking.obj
 0001:00045e90       ?getName@?$ReflectionAllocator@VTriangleMeshBuilder@physx@@@shdfnd@physx@@CAPEBDXZ 0000000180046e90 f i Cooking.obj
 0001:00045ee0       ?isValid@PxHeightFieldDesc@physx@@QEBA_NXZ 0000000180046ee0 f i Cooking.obj
 0001:00046000       ?littleEndian@shdfnd@physx@@YADXZ 0000000180047000 f i Cooking.obj
 0001:00046020       ?requires@TriangleMesh@Gu@physx@@UEAAXAEAVPxProcessPxBaseCallback@3@@Z 0000000180047020 f i Cooking.obj
 0001:00046030       ??0ReducedVertexCloud@physx@@QEAA@PEBVPxVec3@1@I@Z 0000000180047030 f   CookingUtils.obj
 0001:00046090       ??1ReducedVertexCloud@physx@@QEAA@XZ 0000000180047090 f   CookingUtils.obj
 0001:000460b0       ?Clean@ReducedVertexCloud@physx@@QEAAAEAV12@XZ 00000001800470b0 f   CookingUtils.obj
 0001:00046130       ?Reduce@ReducedVertexCloud@physx@@QEAA_NPEAUREDUCEDCLOUD@2@@Z 0000000180047130 f   CookingUtils.obj
 0001:00046790       ??0EdgeList@Gu@physx@@QEAA@XZ 0000000180047790 f   EdgeList.obj
 0001:000467e0       ??1EdgeList@Gu@physx@@QEAA@XZ 00000001800477e0 f   EdgeList.obj
 0001:000468b0       ?Load@EdgeList@Gu@physx@@QEAA_NAEAVPxInputStream@3@@Z 00000001800478b0 f   EdgeList.obj
 0001:00046bf0       ??0EdgeListBuilder@Gu@physx@@QEAA@XZ 0000000180047bf0 f   EdgeList.obj
 0001:00046c20       ??1EdgeListBuilder@Gu@physx@@QEAA@XZ 0000000180047c20 f   EdgeList.obj
 0001:00046c40       ?Init@EdgeListBuilder@Gu@physx@@QEAA_NAEBUEDGELISTCREATE@23@@Z 0000000180047c40 f   EdgeList.obj
 0001:00046e20       ?CreateFacesToEdges@EdgeListBuilder@Gu@physx@@AEAA_NIPEBIPEBG@Z 0000000180047e20 f   EdgeList.obj
 0001:00047600       ?CreateEdgesToFaces@EdgeListBuilder@Gu@physx@@AEAA_NIPEBIPEBG@Z 0000000180048600 f   EdgeList.obj
 0001:00047ba0       ?ComputeActiveEdges@EdgeListBuilder@Gu@physx@@AEAA_NIPEBIPEBGPEBVPxVec3@3@M@Z 0000000180048ba0 f   EdgeList.obj
 0001:0004a1c0       ??$?_UUEdgeData@Gu@physx@@@@YAPEAX_KV?$ReflectionAllocator@UEdgeData@Gu@physx@@@shdfnd@physx@@PEBDH@Z 000000018004b1c0 f i EdgeList.obj
 0001:0004a210       ??$?_UUEdgeTriangleData@Gu@physx@@@@YAPEAX_KV?$ReflectionAllocator@UEdgeTriangleData@Gu@physx@@@shdfnd@physx@@PEBDH@Z 000000018004b210 f i EdgeList.obj
 0001:0004a260       ??0?$ReflectionAllocator@UEdgeData@Gu@physx@@@shdfnd@physx@@QEAA@PEBD@Z 000000018004b260 f i EdgeList.obj
 0001:0004a280       ??0?$ReflectionAllocator@UEdgeTriangleData@Gu@physx@@@shdfnd@physx@@QEAA@PEBD@Z 000000018004b280 f i EdgeList.obj
 0001:0004a2a0       ??0PxTriangle@physx@@QEAA@AEBVPxVec3@1@00@Z 000000018004b2a0 f i EdgeList.obj
 0001:0004a370       ??1PxTriangle@physx@@QEAA@XZ 000000018004b370 f i EdgeList.obj
 0001:0004a380       ?GetEdgeToTriangles@EdgeList@Gu@physx@@QEBAPEBUEdgeDescData@23@XZ 000000018004b380 f i EdgeList.obj
 0001:0004a3a0       ?GetEdges@EdgeList@Gu@physx@@QEBAPEBUEdgeData@23@XZ 000000018004b3a0 f i EdgeList.obj
 0001:0004a3c0       ?GetFacesByEdges@EdgeList@Gu@physx@@QEBAPEBIXZ 000000018004b3c0 f i EdgeList.obj
 0001:0004a3e0       ?OppositeVertex@@YAIIIIII@Z 000000018004b3e0 f i EdgeList.obj
 0001:0004a4b0       ?PxAtan2@physx@@YAMMM@Z    000000018004b4b0 f i EdgeList.obj
 0001:0004a4e0       ?allocate@?$ReflectionAllocator@UEdgeData@Gu@physx@@@shdfnd@physx@@QEAAPEAX_KPEBDH@Z 000000018004b4e0 f i EdgeList.obj
 0001:0004a580       ?allocate@?$ReflectionAllocator@UEdgeTriangleData@Gu@physx@@@shdfnd@physx@@QEAAPEAX_KPEBDH@Z 000000018004b580 f i EdgeList.obj
 0001:0004a620       ?angle@shdfnd@physx@@YAMAEBVPxVec3@2@0@Z 000000018004b620 f i EdgeList.obj
 0001:0004a6a0       ?getName@?$ReflectionAllocator@UEdgeData@Gu@physx@@@shdfnd@physx@@CAPEBDXZ 000000018004b6a0 f i EdgeList.obj
 0001:0004a6f0       ?getName@?$ReflectionAllocator@UEdgeTriangleData@Gu@physx@@@shdfnd@physx@@CAPEBDXZ 000000018004b6f0 f i EdgeList.obj
 0001:0004a740       ?normal@PxTriangle@physx@@QEBAXAEAVPxVec3@2@@Z 000000018004b740 f i EdgeList.obj
[...]
 0005:000001f0       __imp_WriteFile            000000018014e1f0     kernel32:KERNEL32.dll
 0005:000001f8       __imp_OutputDebugStringA   000000018014e1f8     kernel32:KERNEL32.dll
 0005:00000200       __imp_OutputDebugStringW   000000018014e200     kernel32:KERNEL32.dll
 0005:00000208       __imp_WriteConsoleW        000000018014e208     kernel32:KERNEL32.dll
 0005:00000210       __imp_CloseHandle          000000018014e210     kernel32:KERNEL32.dll
 0005:00000218       __imp_WaitForSingleObjectEx 000000018014e218     kernel32:KERNEL32.dll
 0005:00000220       __imp_CreateThread         000000018014e220     kernel32:KERNEL32.dll
 0005:00000228       __imp_SetConsoleCtrlHandler 000000018014e228     kernel32:KERNEL32.dll
 0005:00000230       __imp_HeapReAlloc          000000018014e230     kernel32:KERNEL32.dll
 0005:00000238       __imp_HeapQueryInformation 000000018014e238     kernel32:KERNEL32.dll
 0005:00000240       __imp_FindClose            000000018014e240     kernel32:KERNEL32.dll
 0005:00000248       __imp_FindFirstFileExA     000000018014e248     kernel32:KERNEL32.dll
 0005:00000250       __imp_FindFirstFileExW     000000018014e250     kernel32:KERNEL32.dll
 0005:00000258       __imp_FindNextFileA        000000018014e258     kernel32:KERNEL32.dll
 0005:00000260       __imp_FindNextFileW        000000018014e260     kernel32:KERNEL32.dll
 0005:00000268       __imp_IsValidCodePage      000000018014e268     kernel32:KERNEL32.dll
 0005:00000270       __imp_GetOEMCP             000000018014e270     kernel32:KERNEL32.dll
 0005:00000278       __imp_GetCPInfo            000000018014e278     kernel32:KERNEL32.dll
 0005:00000280       __imp_GetCommandLineA      000000018014e280     kernel32:KERNEL32.dll
 0005:00000288       __imp_GetCommandLineW      000000018014e288     kernel32:KERNEL32.dll
 0005:00000290       __imp_GetEnvironmentStringsW 000000018014e290     kernel32:KERNEL32.dll
 0005:00000298       __imp_FreeEnvironmentStringsW 000000018014e298     kernel32:KERNEL32.dll
 0005:000002a0       __imp_SetEnvironmentVariableA 000000018014e2a0     kernel32:KERNEL32.dll
 0005:000002a8       __imp_SetEnvironmentVariableW 000000018014e2a8     kernel32:KERNEL32.dll
 0005:000002b0       __imp_GetStringTypeW       000000018014e2b0     kernel32:KERNEL32.dll
 0005:000002b8       __imp_FlushFileBuffers     000000018014e2b8     kernel32:KERNEL32.dll
 0005:000002c0       __imp_GetConsoleCP         000000018014e2c0     kernel32:KERNEL32.dll
 0005:000002c8       __imp_GetConsoleMode       000000018014e2c8     kernel32:KERNEL32.dll
 0005:000002d0       __imp_SetStdHandle         000000018014e2d0     kernel32:KERNEL32.dll
 0005:000002d8       __imp_SetFilePointerEx     000000018014e2d8     kernel32:KERNEL32.dll
 0005:000002e0       __imp_CreateFileW          000000018014e2e0     kernel32:KERNEL32.dll
 0005:000002e8       __imp_EncodePointer        000000018014e2e8     kernel32:KERNEL32.dll
 0005:000002f0       \177KERNEL32_NULL_THUNK_DATA 000000018014e2f0     kernel32:KERNEL32.dll
 0005:000003d8       __IMPORT_DESCRIPTOR_KERNEL32 000000018014e3d8     kernel32:KERNEL32.dll
 0005:000003ec       __NULL_IMPORT_DESCRIPTOR   000000018014e3ec     kernel32:KERNEL32.dll
 0006:00000000       __DELAY_IMPORT_DESCRIPTOR_PhysX3CommonDEBUG_x64_dll 0000000180150000     PhysX3CommonDEBUG_x64:PhysX3CommonDEBUG_x64.dll
 0006:00000020       __NULL_DELAY_IMPORT_DESCRIPTOR 0000000180150020     PhysX3CommonDEBUG_x64:PhysX3CommonDEBUG_x64.dll
 0006:000003a8       \177PhysX3CommonDEBUG_x64_NULL_THUNK_DATA_DLN 00000001801503a8     PhysX3CommonDEBUG_x64:PhysX3CommonDEBUG_x64.dll
 0006:000004a8       __imp_?writeWord@physx@@YAXG_NAEAVPxOutputStream@1@@Z 00000001801504a8     PhysX3CommonDEBUG_x64:PhysX3CommonDEBUG_x64.dll
 0006:000004b0       __imp_?writeDword@physx@@YAXI_NAEAVPxOutputStream@1@@Z 00000001801504b0     PhysX3CommonDEBUG_x64:PhysX3CommonDEBUG_x64.dll
 0006:000004b8       __imp_?writeFloat@physx@@YAXM_NAEAVPxOutputStream@1@@Z 00000001801504b8     PhysX3CommonDEBUG_x64:PhysX3CommonDEBUG_x64.dll
 0006:000004c0       __imp_?writeHeader@physx@@YA_NCCCCI_NAEAVPxOutputStream@1@@Z 00000001801504c0     PhysX3CommonDEBUG_x64:PhysX3CommonDEBUG_x64.dll
 0006:000004c8       __imp_??0Allocator@shdfnd@physx@@QEAA@PEBD@Z 00000001801504c8     PhysX3CommonDEBUG_x64:PhysX3CommonDEBUG_x64.dll
 0006:000004d0       __imp_?allocate@Allocator@shdfnd@physx@@QEAAPEAX_KPEBDH@Z 00000001801504d0     PhysX3CommonDEBUG_x64:PhysX3CommonDEBUG_x64.dll
 0006:000004d8       __imp_??0NamedAllocator@shdfnd@physx@@QEAA@PEBD@Z 00000001801504d8     PhysX3CommonDEBUG_x64:PhysX3CommonDEBUG_x64.dll
 0006:000004e0       __imp_??0NamedAllocator@shdfnd@physx@@QEAA@AEBV012@@Z 00000001801504e0     PhysX3CommonDEBUG_x64:PhysX3CommonDEBUG_x64.dll
 0006:000004e8       __imp_??1NamedAllocator@shdfnd@physx@@QEAA@XZ 00000001801504e8     PhysX3CommonDEBUG_x64:PhysX3CommonDEBUG_x64.dll
 0006:000004f0       __imp_?allocate@NamedAllocator@shdfnd@physx@@QEAAPEAX_KPEBDH@Z 00000001801504f0     PhysX3CommonDEBUG_x64:PhysX3CommonDEBUG_x64.dll
 0006:000004f8       __imp_?deallocate@NamedAllocator@shdfnd@physx@@QEAAXPEAX@Z 00000001801504f8     PhysX3CommonDEBUG_x64:PhysX3CommonDEBUG_x64.dll
 0006:00000500       __imp_?PxGetAssertHandler@physx@@YAAEAVPxAssertHandler@1@XZ 0000000180150500     PhysX3CommonDEBUG_x64:PhysX3CommonDEBUG_x64.dll
 0006:00000508       __imp_?validate@RTree@Gu@physx@@QEAAXXZ 0000000180150508     PhysX3CommonDEBUG_x64:PhysX3CommonDEBUG_x64.dll
 0006:00000510       __imp_??0TempAllocator@shdfnd@physx@@QEAA@PEBD@Z 0000000180150510     PhysX3CommonDEBUG_x64:PhysX3CommonDEBUG_x64.dll
 0006:00000518       __imp_?allocate@TempAllocator@shdfnd@physx@@QEAAPEAX_KPEBDH@Z 0000000180150518     PhysX3CommonDEBUG_x64:PhysX3CommonDEBUG_x64.dll
 0006:00000520       __imp_?deallocate@TempAllocator@shdfnd@physx@@QEAAXPEAX@Z 0000000180150520     PhysX3CommonDEBUG_x64:PhysX3CommonDEBUG_x64.dll
 0006:00000528       __imp_?computeBoundsAroundVertices@Gu@physx@@YAXAEAVPxBounds3@2@IPEIBVPxVec3@2@@Z 0000000180150528     PhysX3CommonDEBUG_x64:PhysX3CommonDEBUG_x64.dll
 0006:00000530       __imp_PxGetFoundation      0000000180150530     PhysX3CommonDEBUG_x64:PhysX3CommonDEBUG_x64.dll
 0006:00000538       __imp_?getAllocator@shdfnd@physx@@YAAEAVPxAllocatorCallback@2@XZ 0000000180150538     PhysX3CommonDEBUG_x64:PhysX3CommonDEBUG_x64.dll
 0006:00000540       __imp_?deallocate@Allocator@shdfnd@physx@@QEAAXPEAX@Z 0000000180150540     PhysX3CommonDEBUG_x64:PhysX3CommonDEBUG_x64.dll
 0006:00000548       __imp_?getInstance@Foundation@shdfnd@physx@@SAAEAV123@XZ 0000000180150548     PhysX3CommonDEBUG_x64:PhysX3CommonDEBUG_x64.dll
 0006:00000550       __imp_?error@Foundation@shdfnd@physx@@QEAAXW4Enum@PxErrorCode@3@PEBDH1ZZ 0000000180150550     PhysX3CommonDEBUG_x64:PhysX3CommonDEBUG_x64.dll
 0006:00000558       __imp_?save@RTree@Gu@physx@@QEBA_NAEAVPxOutputStream@3@@Z 0000000180150558     PhysX3CommonDEBUG_x64:PhysX3CommonDEBUG_x64.dll
 0006:00000560       __imp_?release@InternalTriangleMesh@physx@@QEAAXXZ 0000000180150560     PhysX3CommonDEBUG_x64:PhysX3CommonDEBUG_x64.dll
 0006:00000568       __imp_?allocateVertices@InternalTriangleMesh@physx@@QEAAPEAVPxVec3@2@I@Z 0000000180150568     PhysX3CommonDEBUG_x64:PhysX3CommonDEBUG_x64.dll
 0006:00000570       __imp_?allocateTriangles@InternalTriangleMesh@physx@@QEAAPEAXI_N@Z 0000000180150570     PhysX3CommonDEBUG_x64:PhysX3CommonDEBUG_x64.dll
 0006:00000578       __imp_?allocateMaterials@InternalTriangleMesh@physx@@QEAAPEAGXZ 0000000180150578     PhysX3CommonDEBUG_x64:PhysX3CommonDEBUG_x64.dll
 0006:00000580       __imp_?getNumVertices@InternalTriangleMesh@physx@@QEBAIXZ 0000000180150580     PhysX3CommonDEBUG_x64:PhysX3CommonDEBUG_x64.dll
 0006:00000588       __imp_?getNumTriangles@InternalTriangleMesh@physx@@QEBAIXZ 0000000180150588     PhysX3CommonDEBUG_x64:PhysX3CommonDEBUG_x64.dll
 0006:00000590       __imp_?getVertices@InternalTriangleMesh@physx@@QEBAPEBVPxVec3@2@XZ 0000000180150590     PhysX3CommonDEBUG_x64:PhysX3CommonDEBUG_x64.dll
 0006:00000598       __imp_?getTriangles@InternalTriangleMesh@physx@@QEBAPEBXXZ 0000000180150598     PhysX3CommonDEBUG_x64:PhysX3CommonDEBUG_x64.dll
 0006:000005a0       __imp_?getMaterials@InternalTriangleMesh@physx@@QEBAPEBGXZ 00000001801505a0     PhysX3CommonDEBUG_x64:PhysX3CommonDEBUG_x64.dll
 0006:000005a8       __imp_?getFaceRemap@InternalTriangleMesh@physx@@QEBAPEBIXZ 00000001801505a8     PhysX3CommonDEBUG_x64:PhysX3CommonDEBUG_x64.dll
 0006:000005b0       __imp_?getAdjacencies@InternalTriangleMesh@physx@@QEBAPEBIXZ 00000001801505b0     PhysX3CommonDEBUG_x64:PhysX3CommonDEBUG_x64.dll
 0006:000005b8       __imp_?getCollisionModel@InternalTriangleMesh@physx@@QEBAAEBVRTreeMidphase@Gu@2@XZ 00000001801505b8     PhysX3CommonDEBUG_x64:PhysX3CommonDEBUG_x64.dll
 0006:000005c0       __imp_?writeWordBuffer@physx@@YAXPEBGI_NAEAVPxOutputStream@1@@Z 00000001801505c0     PhysX3CommonDEBUG_x64:PhysX3CommonDEBUG_x64.dll
 0006:000005c8       __imp_?writeFloatBuffer@physx@@YAXPEBMI_NAEAVPxOutputStream@1@@Z 00000001801505c8     PhysX3CommonDEBUG_x64:PhysX3CommonDEBUG_x64.dll
 0006:000005d0       __imp_?computeMaxIndex@physx@@YAIPEBII@Z 00000001801505d0     PhysX3CommonDEBUG_x64:PhysX3CommonDEBUG_x64.dll
 0006:000005d8       __imp_?storeIndices@physx@@YAXIIPEBIAEAVPxOutputStream@1@_N@Z 00000001801505d8     PhysX3CommonDEBUG_x64:PhysX3CommonDEBUG_x64.dll
 0006:000005e0       __imp_?computeMaxIndex@physx@@YAGPEBGI@Z 00000001801505e0     PhysX3CommonDEBUG_x64:PhysX3CommonDEBUG_x64.dll
 0006:000005e8       __imp_?WriteHeader@Gu@physx@@YA_NEEEEI_NAEAVPxOutputStream@2@@Z 00000001801505e8     PhysX3CommonDEBUG_x64:PhysX3CommonDEBUG_x64.dll
 0006:000005f0       __imp_?StoreIndices@Gu@physx@@YAXGIPEBGAEAVPxOutputStream@2@_N@Z 00000001801505f0     PhysX3CommonDEBUG_x64:PhysX3CommonDEBUG_x64.dll
 0006:000005f8       __imp_?CreateOffsets@BigConvexData@physx@@IEAAXXZ 00000001801505f8     PhysX3CommonDEBUG_x64:PhysX3CommonDEBUG_x64.dll
 0006:00000600       __imp_?GetRanks@RadixSort@Gu@physx@@QEBAPEBIXZ 0000000180150600     PhysX3CommonDEBUG_x64:PhysX3CommonDEBUG_x64.dll
 0006:00000608       __imp_??0RadixSortBuffered@Gu@physx@@QEAA@XZ 0000000180150608     PhysX3CommonDEBUG_x64:PhysX3CommonDEBUG_x64.dll
 0006:00000610       __imp_??1RadixSortBuffered@Gu@physx@@UEAA@XZ 0000000180150610     PhysX3CommonDEBUG_x64:PhysX3CommonDEBUG_x64.dll
 0006:00000618       __imp_?Sort@RadixSortBuffered@Gu@physx@@QEAAAEAV123@PEBIIW4RadixHint@23@@Z 0000000180150618     PhysX3CommonDEBUG_x64:PhysX3CommonDEBUG_x64.dll
 0006:00000620       __imp_??0Container@Gu@physx@@QEAA@XZ 0000000180150620     PhysX3CommonDEBUG_x64:PhysX3CommonDEBUG_x64.dll
 0006:00000628       __imp_??0Container@Gu@physx@@QEAA@AEBV012@@Z 0000000180150628     PhysX3CommonDEBUG_x64:PhysX3CommonDEBUG_x64.dll
 0006:00000630       __imp_??1Container@Gu@physx@@QEAA@XZ 0000000180150630     PhysX3CommonDEBUG_x64:PhysX3CommonDEBUG_x64.dll
 0006:00000638       __imp_?Add@Container@Gu@physx@@QEAAAEAV123@I@Z 0000000180150638     PhysX3CommonDEBUG_x64:PhysX3CommonDEBUG_x64.dll
 0006:00000640       __imp_?Add@Container@Gu@physx@@QEAAAEAV123@PEBII@Z 0000000180150640     PhysX3CommonDEBUG_x64:PhysX3CommonDEBUG_x64.dll
 0006:00000648       __imp_?Add@Container@Gu@physx@@QEAAAEAV123@AEBV123@@Z 0000000180150648     PhysX3CommonDEBUG_x64:PhysX3CommonDEBUG_x64.dll
 0006:00000650       __imp_?AddUnique@Container@Gu@physx@@QEAAAEAV123@I@Z 0000000180150650     PhysX3CommonDEBUG_x64:PhysX3CommonDEBUG_x64.dll
 0006:00000658       __imp_?Empty@Container@Gu@physx@@QEAAAEAV123@XZ 0000000180150658     PhysX3CommonDEBUG_x64:PhysX3CommonDEBUG_x64.dll
 0006:00000660       __imp_?Reset@Container@Gu@physx@@QEAAXXZ 0000000180150660     PhysX3CommonDEBUG_x64:PhysX3CommonDEBUG_x64.dll
 0006:00000668       __imp_?Contains@Container@Gu@physx@@QEBA_NIPEAI@Z 0000000180150668     PhysX3CommonDEBUG_x64:PhysX3CommonDEBUG_x64.dll
 0006:00000670       __imp_?DeleteIndex@Container@Gu@physx@@QEAAXI@Z 0000000180150670     PhysX3CommonDEBUG_x64:PhysX3CommonDEBUG_x64.dll
 0006:00000678       __imp_?GetNbEntries@Container@Gu@physx@@QEBAIXZ 0000000180150678     PhysX3CommonDEBUG_x64:PhysX3CommonDEBUG_x64.dll
 0006:00000680       __imp_?GetEntry@Container@Gu@physx@@QEBAII@Z 0000000180150680     PhysX3CommonDEBUG_x64:PhysX3CommonDEBUG_x64.dll
 0006:00000688       __imp_?GetEntries@Container@Gu@physx@@QEBAPEAIXZ 0000000180150688     PhysX3CommonDEBUG_x64:PhysX3CommonDEBUG_x64.dll
 0006:00000690       __imp_??AContainer@Gu@physx@@QEAAAEAII@Z 0000000180150690     PhysX3CommonDEBUG_x64:PhysX3CommonDEBUG_x64.dll
 0006:00000698       __imp_??4Container@Gu@physx@@QEAAXAEBV012@@Z 0000000180150698     PhysX3CommonDEBUG_x64:PhysX3CommonDEBUG_x64.dll
 0006:000006a0       __imp_??0ConvexMesh@Gu@physx@@QEAA@XZ 00000001801506a0     PhysX3CommonDEBUG_x64:PhysX3CommonDEBUG_x64.dll
 0006:000006a8       __imp_??1ConvexMesh@Gu@physx@@UEAA@XZ 00000001801506a8     PhysX3CommonDEBUG_x64:PhysX3CommonDEBUG_x64.dll
 0006:000006b0       __imp_??0BigConvexData@physx@@QEAA@XZ 00000001801506b0     PhysX3CommonDEBUG_x64:PhysX3CommonDEBUG_x64.dll
 0006:000006b8       __imp_??1BigConvexData@physx@@QEAA@XZ 00000001801506b8     PhysX3CommonDEBUG_x64:PhysX3CommonDEBUG_x64.dll
 0006:000006c0       __imp_?exportExtraData@ConvexMesh@Gu@physx@@UEAAXAEAVPxSerializationContext@3@@Z 00000001801506c0     PhysX3CommonDEBUG_x64:PhysX3CommonDEBUG_x64.dll
 0006:000006c8       __imp_?getConcreteTypeName@PxConvexMesh@physx@@UEBAPEBDXZ 00000001801506c8     PhysX3CommonDEBUG_x64:PhysX3CommonDEBUG_x64.dll
 0006:000006d0       __imp_?getIndexBuffer@ConvexMesh@Gu@physx@@UEBAPEBEXZ 00000001801506d0     PhysX3CommonDEBUG_x64:PhysX3CommonDEBUG_x64.dll
 0006:000006d8       __imp_?getLocalBounds@ConvexMesh@Gu@physx@@UEBA?AVPxBounds3@3@XZ 00000001801506d8     PhysX3CommonDEBUG_x64:PhysX3CommonDEBUG_x64.dll
 0006:000006e0       __imp_?getMassInformation@ConvexMesh@Gu@physx@@UEBAXAEAMAEAVPxMat33@3@AEAVPxVec3@3@@Z 00000001801506e0     PhysX3CommonDEBUG_x64:PhysX3CommonDEBUG_x64.dll
 0006:000006e8       __imp_?getNbPolygons@ConvexMesh@Gu@physx@@UEBAIXZ 00000001801506e8     PhysX3CommonDEBUG_x64:PhysX3CommonDEBUG_x64.dll
 0006:000006f0       __imp_?getNbVertices@ConvexMesh@Gu@physx@@UEBAIXZ 00000001801506f0     PhysX3CommonDEBUG_x64:PhysX3CommonDEBUG_x64.dll
 0006:000006f8       __imp_?getPolygonData@ConvexMesh@Gu@physx@@UEBA_NIAEAUPxHullPolygon@3@@Z 00000001801506f8     PhysX3CommonDEBUG_x64:PhysX3CommonDEBUG_x64.dll
 0006:00000700       __imp_?getReferenceCount@ConvexMesh@Gu@physx@@UEBAIXZ 0000000180150700     PhysX3CommonDEBUG_x64:PhysX3CommonDEBUG_x64.dll
 0006:00000708       __imp_?getVertices@ConvexMesh@Gu@physx@@UEBAPEBVPxVec3@3@XZ 0000000180150708     PhysX3CommonDEBUG_x64:PhysX3CommonDEBUG_x64.dll
 0006:00000710       __imp_?isKindOf@PxConvexMesh@physx@@MEBA_NPEBD@Z 0000000180150710     PhysX3CommonDEBUG_x64:PhysX3CommonDEBUG_x64.dll
 0006:00000718       __imp_?onRefCountZero@ConvexMesh@Gu@physx@@UEAAXXZ 0000000180150718     PhysX3CommonDEBUG_x64:PhysX3CommonDEBUG_x64.dll
 0006:00000720       __imp_?release@ConvexMesh@Gu@physx@@UEAAXXZ 0000000180150720     PhysX3CommonDEBUG_x64:PhysX3CommonDEBUG_x64.dll
 0006:00000728       __imp_?readDword@physx@@YAI_NAEAVPxInputStream@1@@Z 0000000180150728     PhysX3CommonDEBUG_x64:PhysX3CommonDEBUG_x64.dll
 0006:00000730       __imp_?ReadHeader@Gu@physx@@YA_NEEEEAEAIAEA_NAEAVPxInputStream@2@@Z 0000000180150730     PhysX3CommonDEBUG_x64:PhysX3CommonDEBUG_x64.dll
 0006:00000738       __imp_??0FPUGuard@shdfnd@physx@@QEAA@XZ 0000000180150738     PhysX3CommonDEBUG_x64:PhysX3CommonDEBUG_x64.dll
 0006:00000740       __imp_??1FPUGuard@shdfnd@physx@@QEAA@XZ 0000000180150740     PhysX3CommonDEBUG_x64:PhysX3CommonDEBUG_x64.dll
 0006:00000748       __imp_?incRefCount@Foundation@shdfnd@physx@@SAXXZ 0000000180150748     PhysX3CommonDEBUG_x64:PhysX3CommonDEBUG_x64.dll
 0006:00000750       __imp_?decRefCount@Foundation@shdfnd@physx@@SAXXZ 0000000180150750     PhysX3CommonDEBUG_x64:PhysX3CommonDEBUG_x64.dll
 0006:00000758       __imp_??0TriangleMesh@Gu@physx@@QEAA@XZ 0000000180150758     PhysX3CommonDEBUG_x64:PhysX3CommonDEBUG_x64.dll
 0006:00000760       __imp_?checkMeshIndicesSize@TriangleMesh@Gu@physx@@QEAAXXZ 0000000180150760     PhysX3CommonDEBUG_x64:PhysX3CommonDEBUG_x64.dll
 0006:00000768       __imp_??1TriangleMesh@Gu@physx@@UEAA@XZ 0000000180150768     PhysX3CommonDEBUG_x64:PhysX3CommonDEBUG_x64.dll
 0006:00000770       __imp_??0HeightField@Gu@physx@@QEAA@PEAVGuMeshFactory@2@@Z 0000000180150770     PhysX3CommonDEBUG_x64:PhysX3CommonDEBUG_x64.dll
 0006:00000778       __imp_?loadFromDesc@HeightField@Gu@physx@@QEAA_NAEBVPxHeightFieldDesc@3@_N@Z 0000000180150778     PhysX3CommonDEBUG_x64:PhysX3CommonDEBUG_x64.dll
 0006:00000780       __imp_?releaseMemory@HeightField@Gu@physx@@QEAAX_N@Z 0000000180150780     PhysX3CommonDEBUG_x64:PhysX3CommonDEBUG_x64.dll
 0006:00000788       __imp_?exportExtraData@TriangleMesh@Gu@physx@@UEAAXAEAVPxSerializationContext@3@@Z 0000000180150788     PhysX3CommonDEBUG_x64:PhysX3CommonDEBUG_x64.dll
 0006:00000790       __imp_?getConcreteTypeName@PxTriangleMesh@physx@@UEBAPEBDXZ 0000000180150790     PhysX3CommonDEBUG_x64:PhysX3CommonDEBUG_x64.dll
 0006:00000798       __imp_?getLocalBounds@TriangleMesh@Gu@physx@@UEBA?AVPxBounds3@3@XZ 0000000180150798     PhysX3CommonDEBUG_x64:PhysX3CommonDEBUG_x64.dll
 0006:000007a0       __imp_?getNbTriangles@TriangleMesh@Gu@physx@@UEBAIXZ 00000001801507a0     PhysX3CommonDEBUG_x64:PhysX3CommonDEBUG_x64.dll
 0006:000007a8       __imp_?getNbVertices@TriangleMesh@Gu@physx@@UEBAIXZ 00000001801507a8     PhysX3CommonDEBUG_x64:PhysX3CommonDEBUG_x64.dll
 0006:000007b0       __imp_?getReferenceCount@TriangleMesh@Gu@physx@@UEBAIXZ 00000001801507b0     PhysX3CommonDEBUG_x64:PhysX3CommonDEBUG_x64.dll
 0006:000007b8       __imp_?getTriangleMaterialIndex@TriangleMesh@Gu@physx@@UEBAGI@Z 00000001801507b8     PhysX3CommonDEBUG_x64:PhysX3CommonDEBUG_x64.dll
 0006:000007c0       __imp_?getTriangleMeshFlags@TriangleMesh@Gu@physx@@UEBA?AV?$PxFlags@W4Enum@PxTriangleMeshFlag@physx@@E@3@XZ 00000001801507c0     PhysX3CommonDEBUG_x64:PhysX3CommonDEBUG_x64.dll
 0006:000007c8       __imp_?getTriangles@TriangleMesh@Gu@physx@@UEBAPEBXXZ 00000001801507c8     PhysX3CommonDEBUG_x64:PhysX3CommonDEBUG_x64.dll
 0006:000007d0       __imp_?getTrianglesRemap@TriangleMesh@Gu@physx@@UEBAPEBIXZ 00000001801507d0     PhysX3CommonDEBUG_x64:PhysX3CommonDEBUG_x64.dll
 0006:000007d8       __imp_?getVertices@TriangleMesh@Gu@physx@@UEBAPEBVPxVec3@3@XZ 00000001801507d8     PhysX3CommonDEBUG_x64:PhysX3CommonDEBUG_x64.dll
 0006:000007e0       __imp_?isKindOf@PxTriangleMesh@physx@@MEBA_NPEBD@Z 00000001801507e0     PhysX3CommonDEBUG_x64:PhysX3CommonDEBUG_x64.dll
 0006:000007e8       __imp_?onRefCountZero@TriangleMesh@Gu@physx@@UEAAXXZ 00000001801507e8     PhysX3CommonDEBUG_x64:PhysX3CommonDEBUG_x64.dll
 0006:000007f0       __imp_?release@TriangleMesh@Gu@physx@@UEAAXXZ 00000001801507f0     PhysX3CommonDEBUG_x64:PhysX3CommonDEBUG_x64.dll
 0006:000007f8       __imp_?has16BitIndices@InternalTriangleMesh@physx@@QEBA_NXZ 00000001801507f8     PhysX3CommonDEBUG_x64:PhysX3CommonDEBUG_x64.dll
 0006:00000800       __imp_?setTriangleAdjacency@InternalTriangleMesh@physx@@QEAAXIII@Z 0000000180150800     PhysX3CommonDEBUG_x64:PhysX3CommonDEBUG_x64.dll
 0006:00000808       __imp_?setupMeshInterface@InternalTriangleMesh@physx@@QEAAXXZ 0000000180150808     PhysX3CommonDEBUG_x64:PhysX3CommonDEBUG_x64.dll
 0006:00000810       \177PhysX3CommonDEBUG_x64_NULL_THUNK_DATA_DLA 0000000180150810     PhysX3CommonDEBUG_x64:PhysX3CommonDEBUG_x64.dll
 0006:00002280       \177PhysX3CommonDEBUG_x64_NULL_THUNK_DATA_DLB 0000000180152280     PhysX3CommonDEBUG_x64:PhysX3CommonDEBUG_x64.dll
 0008:00000000       __guard_check_icall_fptr   0000000180154000     LIBCMTD:guard_support.obj
 0008:00000010       __guard_dispatch_icall_fptr 0000000180154010     LIBCMTD:guard_support.obj
