 PhysX3CharacterKinematicDEBUG_x86

 Timestamp is 5810aa49 (Wed Oct 26 22:06:17 2016)

 Preferred load address is 10000000

 Start         Length     Name                   Class
 0001:00000000 00008aa0H .text$di                CODE
 0001:00008aa0 000b9120H .text$mn                CODE
 0001:000c1bc0 000010e8H .text$x                 CODE
 0002:00000000 00000104H .CRT$XCA                DATA
 0002:00000104 0000013cH .CRT$XCU                DATA
 0002:00000240 00000104H .CRT$XCZ                DATA
 0002:00000344 00000104H .CRT$XIA                DATA
 0002:00000448 00000110H .CRT$XIC                DATA
 0002:00000558 00000104H .CRT$XIZ                DATA
 0002:0000065c 00000104H .CRT$XPA                DATA
 0002:00000760 0000010cH .CRT$XPX                DATA
 0002:0000086c 00000104H .CRT$XPXA               DATA
 0002:00000970 00000104H .CRT$XPZ                DATA
 0002:00000a74 00000104H .CRT$XTA                DATA
 0002:00000b78 00000108H .CRT$XTZ                DATA
 0002:00000c80 00022ec8H .rdata                  DATA
 0002:00023b48 00000448H .rdata$r                DATA
 0002:00023f90 0000012cH .rdata$sxdata           DATA
 0002:000240bc 000001b4H .rdata$zzzdbg           DATA
 0002:00024270 00000104H .rtc$IAA                DATA
 0002:00024374 0000013cH .rtc$IMZ                DATA
 0002:000244b0 00000104H .rtc$IZZ                DATA
 0002:000245b4 00000104H .rtc$TAA                DATA
 0002:000246b8 0000013cH .rtc$TMZ                DATA
 0002:000247f4 00000104H .rtc$TZZ                DATA
 0002:000248f8 00000e38H .xdata$x                DATA
 0002:00025730 0000034fH .edata                  DATA
 0003:00000000 00000ae0H .data                   DATA
 0003:00000ae0 00000380H .data$r                 DATA
 0003:00000e60 000018e4H .bss                    DATA
 0004:00000000 000002ccH .idata$5                DATA
 0004:000002cc 00000028H .idata$2                DATA
 0004:000002f4 00000014H .idata$3                DATA
 0004:00000308 000002ccH .idata$4                DATA
 0004:000005d4 0000151eH .idata$6                DATA
 0005:00000000 00000208H .gfids$x                DATA
 0005:00000208 000001d4H .gfids$y                DATA
 0006:00000000 00000104H .00cfg                  DATA
 0007:00000000 000001c0H .rsrc$01                DATA
 0007:000001c0 00000700H .rsrc$02                DATA

  Address         Publics by Value              Rva+Base       Lib:Object

 0000:00000000       ___guard_longjmp_table     00000000     <absolute>
 0000:00000000       __except_list              00000000     <absolute>
 0000:00000000       ___guard_fids_count        00000000     <absolute>
 0000:00000000       ___guard_iat_count         00000000     <absolute>
 0000:00000000       ___dynamic_value_reloc_table 00000000     <absolute>
 0000:00000000       ___guard_fids_table        00000000     <absolute>
 0000:00000000       ___guard_longjmp_count     00000000     <absolute>
 0000:00000000       ___guard_iat_table         00000000     <absolute>
 0000:00000009       ___safe_se_handler_count   00000009     <absolute>
 0000:00000100       ___guard_flags             00000100     <absolute>
 0000:00000000       ___ImageBase               10000000     <linker-defined>
 0001:00008aa0       ??0BoxController@Cct@physx@@QAE@ABVPxControllerDesc@2@AAVPxPhysics@2@PAVPxScene@2@@Z 10009aa0 f   CctBoxController.obj
 0001:00008b90       ??1BoxController@Cct@physx@@UAE@XZ 10009b90 f   CctBoxController.obj
 0001:00008bd0       ?getWorldBox@BoxController@Cct@physx@@UBE_NAAUPxExtendedBounds3@3@@Z 10009bd0 f   CctBoxController.obj
 0001:00008c40       ?setFootPosition@BoxController@Cct@physx@@UAE_NABUPxExtendedVec3@3@@Z 10009c40 f   CctBoxController.obj
 0001:00008cc0       ?getFootPosition@BoxController@Cct@physx@@UBE?AUPxExtendedVec3@3@XZ 10009cc0 f   CctBoxController.obj
 0001:00008d60       ?invalidateCache@BoxController@Cct@physx@@UAEXXZ 10009d60 f   CctBoxController.obj
 0001:00008dc0       ?resize@BoxController@Cct@physx@@UAEXM@Z 10009dc0 f   CctBoxController.obj
 0001:00008e70       ?getHalfHeight@BoxController@Cct@physx@@UBEMXZ 10009e70 f   CctBoxController.obj
 0001:00008e90       ?getHalfSideExtent@BoxController@Cct@physx@@UBEMXZ 10009e90 f   CctBoxController.obj
 0001:00008eb0       ?getHalfForwardExtent@BoxController@Cct@physx@@UBEMXZ 10009eb0 f   CctBoxController.obj
 0001:00008ed0       ?setHalfHeight@BoxController@Cct@physx@@UAE_NM@Z 10009ed0 f   CctBoxController.obj
 0001:00008f10       ?setHalfSideExtent@BoxController@Cct@physx@@UAE_NM@Z 10009f10 f   CctBoxController.obj
 0001:00008f50       ?setHalfForwardExtent@BoxController@Cct@physx@@UAE_NM@Z 10009f50 f   CctBoxController.obj
 0001:00008f90       ?updateKinematicProxy@BoxController@Cct@physx@@QAE_NXZ 10009f90 f   CctBoxController.obj
 0001:00009090       ?getOBB@BoxController@Cct@physx@@QBEXAAVPxExtendedBox@3@@Z 1000a090 f   CctBoxController.obj
 0001:000092f0       ??0PxBoxController@physx@@IAE@XZ 1000a2f0 f i CctBoxController.obj
 0001:00009320       ??0PxBoxGeometry@physx@@QAE@XZ 1000a320 f i CctBoxController.obj
 0001:00009370       ??0PxController@physx@@IAE@XZ 1000a370 f i CctBoxController.obj
 0001:00009390       ??0PxControllerManager@physx@@IAE@XZ 1000a390 f i CctBoxController.obj
 0001:000093b0       ??0PxControllerManager@physx@@QAE@ABV01@@Z 1000a3b0 f i CctBoxController.obj
 0001:000093d0       ??0PxExtendedBounds3@physx@@QAE@XZ 1000a3d0 f i CctBoxController.obj
 0001:00009400       ??0PxExtendedVec3@physx@@QAE@NNN@Z 1000a400 f i CctBoxController.obj
 0001:00009450       ??0PxExtendedVec3@physx@@QAE@XZ 1000a450 f i CctBoxController.obj
 0001:00009470       ??0PxGeometry@physx@@IAE@W4Enum@PxGeometryType@1@@Z 1000a470 f i CctBoxController.obj
 0001:00009490       ??0PxVec3@physx@@QAE@ABV01@@Z 1000a490 f i CctBoxController.obj
 0001:000094d0       ??0PxVec3@physx@@QAE@MMM@Z 1000a4d0 f i CctBoxController.obj
 0001:00009520       ??1PxBoxController@physx@@MAE@XZ 1000a520 f i CctBoxController.obj
 0001:00009550       ??1PxController@physx@@MAE@XZ 1000a550 f i CctBoxController.obj
 0001:00009570       ??1PxControllerManager@physx@@MAE@XZ 1000a570 f i CctBoxController.obj
 0001:00009590       ??3UserAllocated@shdfnd@physx@@SAXPAX@Z 1000a590 f i CctBoxController.obj
 0001:000095c0       ??4PxControllerManager@physx@@QAEAAV01@ABV01@@Z 1000a5c0 f i CctBoxController.obj
 0001:000095e0       ??4PxQuat@physx@@QAEAAV01@ABV01@@Z 1000a5e0 f i CctBoxController.obj
 0001:00009630       ??4PxVec3@physx@@QAEAAV01@ABV01@@Z 1000a630 f i CctBoxController.obj
 0001:00009670       ??DPxVec3@physx@@QBE?AV01@M@Z 1000a670 f i CctBoxController.obj
 0001:000096e0       ??GPxExtendedVec3@physx@@QBE?AVPxVec3@1@ABU01@@Z 1000a6e0 f i CctBoxController.obj
 0001:00009760       ??HPxExtendedVec3@physx@@QBE?AU01@ABU01@@Z 1000a760 f i CctBoxController.obj
 0001:000097e0       ??XPxExtendedVec3@physx@@QAEAAU01@ABM@Z 1000a7e0 f i CctBoxController.obj
 0001:00009850       ??XPxVec3@physx@@QAEAAV01@M@Z 1000a850 f i CctBoxController.obj
 0001:000098b0       ??YPxExtendedVec3@physx@@QAEAAU01@ABVPxVec3@1@@Z 1000a8b0 f i CctBoxController.obj
 0001:00009920       ??ZPxExtendedVec3@physx@@QAEAAU01@ABVPxVec3@1@@Z 1000a920 f i CctBoxController.obj
 0001:00009999       ??_EBoxController@Cct@physx@@W7AEPAXI@Z 1000a999 f i CctBoxController.obj
 0001:000099b0       ??_EPxControllerManager@physx@@MAEPAXI@Z 1000a9b0 f i CctBoxController.obj
 0001:00009a50       ??_EBoxController@Cct@physx@@UAEPAXI@Z 1000aa50 f i CctBoxController.obj
 0001:00009a50       ??_GBoxController@Cct@physx@@UAEPAXI@Z 1000aa50 f i CctBoxController.obj
 0001:00009ab0       ??_GPxBoxController@physx@@MAEPAXI@Z 1000aab0 f i CctBoxController.obj
 0001:00009ab0       ??_EPxBoxController@physx@@MAEPAXI@Z 1000aab0 f i CctBoxController.obj
 0001:00009af0       ??_GPxController@physx@@MAEPAXI@Z 1000aaf0 f i CctBoxController.obj
 0001:00009af0       ??_EPxController@physx@@MAEPAXI@Z 1000aaf0 f i CctBoxController.obj
 0001:00009b30       ??_GPxControllerManager@physx@@MAEPAXI@Z 1000ab30 f i CctBoxController.obj
 0001:00009b70       ??_H@YGXPAXIIP6EPAX0@Z@Z   1000ab70 f i CctBoxController.obj
 0001:00009bd0       ??_I@YGXPAXIIP6EX0@Z@Z     1000abd0 f i CctBoxController.obj
 0001:00009c40       ?__empty_global_delete@@YAXPAX@Z 1000ac40 f i CctBoxController.obj
 0001:00009c50       ?__empty_global_delete@@YAXPAXI@Z 1000ac50 f i CctBoxController.obj
 0001:00009c50       ?__global_delete@@YAXPAXI@Z 1000ac50 f i CctBoxController.obj
 0001:00009c60       ?createController@PxControllerManager@physx@@UAEPAVPxController@2@AAVPxPhysics@2@PAVPxScene@2@ABVPxControllerDesc@2@@Z 1000ac60 f i CctBoxController.obj
 0001:00009cd0       ?getActor@BoxController@Cct@physx@@UBEPAVPxRigidDynamic@3@XZ 1000acd0 f i CctBoxController.obj
 0001:00009cf0       ?getCenter@physx@@YAXABUPxExtendedBounds3@1@AAUPxExtendedVec3@1@@Z 1000acf0 f i CctBoxController.obj
 0001:00009d70       ?getContactOffset@BoxController@Cct@physx@@UBEMXZ 1000ad70 f i CctBoxController.obj
 0001:00009d90       ?getExtents@physx@@YAXABUPxExtendedBounds3@1@AAVPxVec3@1@@Z 1000ad90 f i CctBoxController.obj
 0001:00009de0       ?getHalfHeightInternal@BoxController@Cct@physx@@UBEMXZ 1000ade0 f i CctBoxController.obj
 0001:00009e00       ?getNonWalkableMode@BoxController@Cct@physx@@UBE?AW4Enum@PxControllerNonWalkableMode@3@XZ 1000ae00 f i CctBoxController.obj
 0001:00009e20       ?getPosition@BoxController@Cct@physx@@UBEABUPxExtendedVec3@3@XZ 1000ae20 f i CctBoxController.obj
 0001:00009e40       ?getPxController@BoxController@Cct@physx@@UAEPAVPxController@3@XZ 1000ae40 f i CctBoxController.obj
 0001:00009e60       ?getScene@BoxController@Cct@physx@@UAEPAVPxScene@3@XZ 1000ae60 f i CctBoxController.obj
 0001:00009e80       ?getSlopeLimit@BoxController@Cct@physx@@UBEMXZ 1000ae80 f i CctBoxController.obj
 0001:00009ea0       ?getState@BoxController@Cct@physx@@UBEXAAUPxControllerState@3@@Z 1000aea0 f i CctBoxController.obj
 0001:00009ed0       ?getStats@BoxController@Cct@physx@@UBEXAAUPxControllerStats@3@@Z 1000aed0 f i CctBoxController.obj
 0001:00009f00       ?getStepOffset@BoxController@Cct@physx@@UBEMXZ 1000af00 f i CctBoxController.obj
 0001:00009f20       ?getType@BoxController@Cct@physx@@UBE?AW4Enum@PxControllerShapeType@3@XZ 1000af20 f i CctBoxController.obj
 0001:00009f40       ?getUpDirection@BoxController@Cct@physx@@UBE?AVPxVec3@3@XZ 1000af40 f i CctBoxController.obj
 0001:00009f70       ?getUserData@BoxController@Cct@physx@@UBEPAXXZ 1000af70 f i CctBoxController.obj
 0001:00009f90       ?lock@?$MutexT@V?$ReflectionAllocator@VMutexImpl@shdfnd@physx@@@shdfnd@physx@@@shdfnd@physx@@QBEXXZ 1000af90 f i CctBoxController.obj
 0001:00009fb0       ?release@BoxController@Cct@physx@@UAEXXZ 1000afb0 f i CctBoxController.obj
 0001:00009fd0       ?setCenterExtents@physx@@YAXAAUPxExtendedBounds3@1@ABUPxExtendedVec3@1@ABVPxVec3@1@@Z 1000afd0 f i CctBoxController.obj
 0001:0000a060       ?setContactOffset@BoxController@Cct@physx@@UAEXM@Z 1000b060 f i CctBoxController.obj
 0001:0000a0a0       ?setNonWalkableMode@BoxController@Cct@physx@@UAEXW4Enum@PxControllerNonWalkableMode@3@@Z 1000b0a0 f i CctBoxController.obj
 0001:0000a0c0       ?setPosition@BoxController@Cct@physx@@UAE_NABUPxExtendedVec3@3@@Z 1000b0c0 f i CctBoxController.obj
 0001:0000a0f0       ?setSlopeLimit@BoxController@Cct@physx@@UAEXM@Z 1000b0f0 f i CctBoxController.obj
 0001:0000a130       ?setStepOffset@BoxController@Cct@physx@@UAEXM@Z 1000b130 f i CctBoxController.obj
 0001:0000a170       ?setUpDirection@BoxController@Cct@physx@@UAEXABVPxVec3@3@@Z 1000b170 f i CctBoxController.obj
 0001:0000a1a0       ?setUserData@BoxController@Cct@physx@@UAEXPAX@Z 1000b1a0 f i CctBoxController.obj
 0001:0000a1c0       ?unlock@?$MutexT@V?$ReflectionAllocator@VMutexImpl@shdfnd@physx@@@shdfnd@physx@@@shdfnd@physx@@QBEXXZ 1000b1c0 f i CctBoxController.obj
 0001:0000a1e0       ??0CapsuleController@Cct@physx@@QAE@ABVPxControllerDesc@2@AAVPxPhysics@2@PAVPxScene@2@@Z 1000b1e0 f   CctCapsuleController.obj
 0001:0000a2e0       ??1CapsuleController@Cct@physx@@UAE@XZ 1000b2e0 f   CctCapsuleController.obj
 0001:0000a320       ?getWorldBox@CapsuleController@Cct@physx@@UBE_NAAUPxExtendedBounds3@3@@Z 1000b320 f   CctCapsuleController.obj
 0001:0000a3a0       ?setFootPosition@CapsuleController@Cct@physx@@UAE_NABUPxExtendedVec3@3@@Z 1000b3a0 f   CctCapsuleController.obj
 0001:0000a430       ?getFootPosition@CapsuleController@Cct@physx@@UBE?AUPxExtendedVec3@3@XZ 1000b430 f   CctCapsuleController.obj
 0001:0000a4e0       ?invalidateCache@CapsuleController@Cct@physx@@UAEXXZ 1000b4e0 f   CctCapsuleController.obj
 0001:0000a540       ?resize@CapsuleController@Cct@physx@@UAEXM@Z 1000b540 f   CctCapsuleController.obj
 0001:0000a610       ?getClimbingMode@CapsuleController@Cct@physx@@UBE?AW4Enum@PxCapsuleClimbingMode@3@XZ 1000b610 f   CctCapsuleController.obj
 0001:0000a630       ?setRadius@CapsuleController@Cct@physx@@UAE_NM@Z 1000b630 f   CctCapsuleController.obj
 0001:0000a710       ?setHeight@CapsuleController@Cct@physx@@UAE_NM@Z 1000b710 f   CctCapsuleController.obj
 0001:0000a7f0       ?setClimbingMode@CapsuleController@Cct@physx@@UAE_NW4Enum@PxCapsuleClimbingMode@3@@Z 1000b7f0 f   CctCapsuleController.obj
 0001:0000a820       ?getCapsule@CapsuleController@Cct@physx@@QBEXAAUPxExtendedCapsule@3@@Z 1000b820 f   CctCapsuleController.obj
 0001:0000ab70       ??0PxCapsuleController@physx@@IAE@XZ 1000bb70 f i CctCapsuleController.obj
 0001:0000aba0       ??0PxCapsuleGeometry@physx@@QAE@XZ 1000bba0 f i CctCapsuleController.obj
 0001:0000abe0       ??1PxCapsuleController@physx@@MAE@XZ 1000bbe0 f i CctCapsuleController.obj
 0001:0000ac03       ??_ECapsuleController@Cct@physx@@W7AEPAXI@Z 1000bc03 f i CctCapsuleController.obj
 0001:0000ac10       ??_ECapsuleController@Cct@physx@@UAEPAXI@Z 1000bc10 f i CctCapsuleController.obj
 0001:0000ac10       ??_GCapsuleController@Cct@physx@@UAEPAXI@Z 1000bc10 f i CctCapsuleController.obj
 0001:0000ac70       ??_GPxCapsuleController@physx@@MAEPAXI@Z 1000bc70 f i CctCapsuleController.obj
 0001:0000ac70       ??_EPxCapsuleController@physx@@MAEPAXI@Z 1000bc70 f i CctCapsuleController.obj
 0001:0000acb0       ?getActor@CapsuleController@Cct@physx@@UBEPAVPxRigidDynamic@3@XZ 1000bcb0 f i CctCapsuleController.obj
 0001:0000acd0       ?getContactOffset@CapsuleController@Cct@physx@@UBEMXZ 1000bcd0 f i CctCapsuleController.obj
 0001:0000acf0       ?getHalfHeightInternal@CapsuleController@Cct@physx@@UBEMXZ 1000bcf0 f i CctCapsuleController.obj
 0001:0000ad30       ?getHeight@CapsuleController@Cct@physx@@UBEMXZ 1000bd30 f i CctCapsuleController.obj
 0001:0000ad50       ?getNonWalkableMode@CapsuleController@Cct@physx@@UBE?AW4Enum@PxControllerNonWalkableMode@3@XZ 1000bd50 f i CctCapsuleController.obj
 0001:0000ad70       ?getPosition@CapsuleController@Cct@physx@@UBEABUPxExtendedVec3@3@XZ 1000bd70 f i CctCapsuleController.obj
 0001:0000ad90       ?getPxController@CapsuleController@Cct@physx@@UAEPAVPxController@3@XZ 1000bd90 f i CctCapsuleController.obj
 0001:0000adb0       ?getRadius@CapsuleController@Cct@physx@@UBEMXZ 1000bdb0 f i CctCapsuleController.obj
 0001:0000add0       ?getScene@CapsuleController@Cct@physx@@UAEPAVPxScene@3@XZ 1000bdd0 f i CctCapsuleController.obj
 0001:0000adf0       ?getSlopeLimit@CapsuleController@Cct@physx@@UBEMXZ 1000bdf0 f i CctCapsuleController.obj
 0001:0000ae10       ?getState@CapsuleController@Cct@physx@@UBEXAAUPxControllerState@3@@Z 1000be10 f i CctCapsuleController.obj
 0001:0000ae40       ?getStats@CapsuleController@Cct@physx@@UBEXAAUPxControllerStats@3@@Z 1000be40 f i CctCapsuleController.obj
 0001:0000ae70       ?getStepOffset@CapsuleController@Cct@physx@@UBEMXZ 1000be70 f i CctCapsuleController.obj
 0001:0000ae90       ?getType@CapsuleController@Cct@physx@@UBE?AW4Enum@PxControllerShapeType@3@XZ 1000be90 f i CctCapsuleController.obj
 0001:0000aeb0       ?getUpDirection@CapsuleController@Cct@physx@@UBE?AVPxVec3@3@XZ 1000beb0 f i CctCapsuleController.obj
 0001:0000aee0       ?getUserData@CapsuleController@Cct@physx@@UBEPAXXZ 1000bee0 f i CctCapsuleController.obj
 0001:0000af00       ?release@CapsuleController@Cct@physx@@UAEXXZ 1000bf00 f i CctCapsuleController.obj
 0001:0000af20       ?setContactOffset@CapsuleController@Cct@physx@@UAEXM@Z 1000bf20 f i CctCapsuleController.obj
 0001:0000af60       ?setNonWalkableMode@CapsuleController@Cct@physx@@UAEXW4Enum@PxControllerNonWalkableMode@3@@Z 1000bf60 f i CctCapsuleController.obj
 0001:0000af80       ?setPosition@CapsuleController@Cct@physx@@UAE_NABUPxExtendedVec3@3@@Z 1000bf80 f i CctCapsuleController.obj
 0001:0000afb0       ?setSlopeLimit@CapsuleController@Cct@physx@@UAEXM@Z 1000bfb0 f i CctCapsuleController.obj
 0001:0000aff0       ?setStepOffset@CapsuleController@Cct@physx@@UAEXM@Z 1000bff0 f i CctCapsuleController.obj
 0001:0000b030       ?setUpDirection@CapsuleController@Cct@physx@@UAEXABVPxVec3@3@@Z 1000c030 f i CctCapsuleController.obj
 0001:0000b060       ?setUserData@CapsuleController@Cct@physx@@UAEXPAX@Z 1000c060 f i CctCapsuleController.obj
 0001:0000b080       ??0CCTParams@Cct@physx@@QAE@XZ 1000c080 f   CctCharacterController.obj
 0001:0000b120       ??0SweepTest@Cct@physx@@QAE@XZ 1000c120 f   CctCharacterController.obj
 0001:0000b410       ??1SweepTest@Cct@physx@@QAE@XZ 1000c410 f   CctCharacterController.obj
 0001:0000b440       ?moveCharacter@SweepTest@Cct@physx@@QAE?AV?$PxFlags@W4Enum@PxControllerCollisionFlag@physx@@E@3@PBUInternalCBData_FindTouchedGeom@23@PBUInternalCBData_OnHit@23@AAVSweptVolume@23@ABVPxVec3@3@ABUUserObstacles@23@MABVPxControllerFilters@3@_N6@Z 1000c440 f   CctCharacterController.obj
 0001:0000be10       ?doSweepTest@SweepTest@Cct@physx@@QAE_NPBUInternalCBData_FindTouchedGeom@23@PBUInternalCBData_OnHit@23@ABUUserObstacles@23@AAVSweptVolume@23@ABVPxVec3@3@4IPAIMABVPxControllerFilters@3@W4SweepPass@23@@Z 1000ce10 f   CctCharacterController.obj
 0001:0000c8a0       ?findTouchedObstacles@SweepTest@Cct@physx@@QAEXABUUserObstacles@23@ABUPxExtendedBounds3@3@@Z 1000d8a0 f   CctCharacterController.obj
 0001:0000cd80       ?voidTestCache@SweepTest@Cct@physx@@QAEXXZ 1000dd80 f   CctCharacterController.obj
 0001:0000cdc0       ?onRelease@SweepTest@Cct@physx@@QAEXABVPxBase@3@@Z 1000ddc0 f   CctCharacterController.obj
 0001:0000ce70       ?onObstacleRemoved@SweepTest@Cct@physx@@QAEXI@Z 1000de70 f   CctCharacterController.obj
 0001:0000cea0       ?onObstacleUpdated@SweepTest@Cct@physx@@QAEXIPBVPxObstacleContext@3@ABVPxVec3@3@1M@Z 1000dea0 f   CctCharacterController.obj
 0001:0000d000       ?onObstacleAdded@SweepTest@Cct@physx@@QAEXIPBVPxObstacleContext@3@ABVPxVec3@3@1M@Z 1000e000 f   CctCharacterController.obj
 0001:0000d180       ?onOriginShift@SweepTest@Cct@physx@@QAEXABVPxVec3@3@@Z 1000e180 f   CctCharacterController.obj
 0001:0000d280       ?updateTouchedGeoms@SweepTest@Cct@physx@@AAEXPBUInternalCBData_FindTouchedGeom@23@ABUUserObstacles@23@ABUPxExtendedBounds3@3@ABVPxControllerFilters@3@ABVPxVec3@3@@Z 1000e280 f   CctCharacterController.obj
 0001:0000d880       ?findTouchedObject@Controller@Cct@physx@@IAEXABVPxControllerFilters@3@PBVPxObstacleContext@3@ABVPxVec3@3@@Z 1000e880 f   CctCharacterController.obj
 0001:0000de30       ?rideOnTouchedObject@Controller@Cct@physx@@IAE_NAAVSweptVolume@23@ABVPxVec3@3@AAV53@PBVPxObstacleContext@3@@Z 1000ee30 f   CctCharacterController.obj
 0001:0000e2e0       ?move@Controller@Cct@physx@@IAE?AV?$PxFlags@W4Enum@PxControllerCollisionFlag@physx@@E@3@AAVSweptVolume@23@ABVPxVec3@3@MMABVPxControllerFilters@3@PBVPxObstacleContext@3@_N@Z 1000f2e0 f   CctCharacterController.obj
 0001:0000f260       ?filterTouchedShape@Controller@Cct@physx@@IAE_NABVPxControllerFilters@3@@Z 10010260 f   CctCharacterController.obj
 0001:00011520       ?move@BoxController@Cct@physx@@UAE?AV?$PxFlags@W4Enum@PxControllerCollisionFlag@physx@@E@3@ABVPxVec3@3@MMABVPxControllerFilters@3@PBVPxObstacleContext@3@@Z 10012520 f   CctCharacterController.obj
 0001:00011610       ?move@CapsuleController@Cct@physx@@UAE?AV?$PxFlags@W4Enum@PxControllerCollisionFlag@physx@@E@3@ABVPxVec3@3@MMABVPxControllerFilters@3@PBVPxObstacleContext@3@@Z 10012610 f   CctCharacterController.obj
 0001:000130a0       ??$PX_UNUSED@I@@YAXABI@Z   100140a0 f i CctCharacterController.obj
 0001:000130b0       ??$PX_UNUSED@PBUPxRaycastHit@physx@@@@YAXABQBUPxRaycastHit@physx@@@Z 100140b0 f i CctCharacterController.obj
 0001:000130c0       ??$PX_UNUSED@W4PxIDENTITY@physx@@@@YAXABW4PxIDENTITY@physx@@@Z 100140c0 f i CctCharacterController.obj
 0001:000130d0       ??$PxMax@N@physx@@YANNN@Z  100140d0 f i CctCharacterController.obj
 0001:00013110       ??$PxMin@N@physx@@YANNN@Z  10014110 f i CctCharacterController.obj
 0001:00013150       ??$PxUnionCast@PBVPxGeometry@physx@@PAY03$$CBE@physx@@YAPBVPxGeometry@0@PAY03$$CBE@Z 10014150 f i CctCharacterController.obj
 0001:00013170       ??$reserve@IVNamedAllocator@shdfnd@physx@@@Cct@physx@@YAPAIAAV?$Array@IVNamedAllocator@shdfnd@physx@@@shdfnd@1@I@Z 10014170 f i CctCharacterController.obj
 0001:000131c0       ??0?$Array@IVNamedAllocator@shdfnd@physx@@@shdfnd@physx@@QAE@ABVNamedAllocator@12@@Z 100141c0 f i CctCharacterController.obj
 0001:00013210       ??0?$Array@VPxTriangle@physx@@VNamedAllocator@shdfnd@2@@shdfnd@physx@@QAE@ABVNamedAllocator@12@@Z 10014210 f i CctCharacterController.obj
 0001:00013260       ??0?$PxFlags@W4Enum@PxControllerCollisionFlag@physx@@E@physx@@QAE@ABV01@@Z 10014260 f i CctCharacterController.obj
 0001:00013280       ??0?$PxFlags@W4Enum@PxControllerCollisionFlag@physx@@E@physx@@QAE@E@Z 10014280 f i CctCharacterController.obj
 0001:000132a0       ??0?$PxFlags@W4Enum@PxHitFlag@physx@@G@physx@@QAE@ABV01@@Z 100142a0 f i CctCharacterController.obj
 0001:000132d0       ??0?$PxFlags@W4Enum@PxHitFlag@physx@@G@physx@@QAE@G@Z 100142d0 f i CctCharacterController.obj
 0001:000132f0       ??0?$PxFlags@W4Enum@PxHitFlag@physx@@G@physx@@QAE@W4Enum@PxHitFlag@1@@Z 100142f0 f i CctCharacterController.obj
 0001:00013310       ??0?$PxFlags@W4Enum@PxQueryFlag@physx@@G@physx@@QAE@ABV01@@Z 10014310 f i CctCharacterController.obj
 0001:00013340       ??0?$PxFlags@W4Enum@PxQueryFlag@physx@@G@physx@@QAE@W4Enum@PxQueryFlag@1@@Z 10014340 f i CctCharacterController.obj
 0001:00013360       ??0?$PxFlags@W4Enum@PxQueryFlag@physx@@G@physx@@QAE@XZ 10014360 f i CctCharacterController.obj
 0001:00013380       ??0?$PxFlags@W4Enum@PxShapeFlag@physx@@E@physx@@QAE@ABV01@@Z 10014380 f i CctCharacterController.obj
 0001:000133a0       ??0?$PxHitBuffer@UPxRaycastHit@physx@@@physx@@QAE@PAUPxRaycastHit@1@I@Z 100143a0 f i CctCharacterController.obj
 0001:000133e0       ??0?$PxHitCallback@UPxRaycastHit@physx@@@physx@@QAE@PAUPxRaycastHit@1@I@Z 100143e0 f i CctCharacterController.obj
 0001:00013460       ??0CCTFilter@Cct@physx@@QAE@XZ 10014460 f i CctCharacterController.obj
 0001:000134c0       ??0ControllerFilter@@QAE@XZ 100144c0 f i CctCharacterController.obj
 0001:00013500       ??0DebugBox@Cm@physx@@QAE@ABVPxBounds3@2@_N@Z 10014500 f i CctCharacterController.obj
 0001:00013550       ??0DebugBox@Cm@physx@@QAE@ABVPxVec3@2@_N@Z 10014550 f i CctCharacterController.obj
 0001:000135a0       ??0Matrix34@Cm@physx@@QAE@XZ 100145a0 f i CctCharacterController.obj
 0001:000135f0       ??0PxActorShape@physx@@QAE@XZ 100145f0 f i CctCharacterController.obj
 0001:00013620       ??0PxBounds3@physx@@QAE@ABVPxVec3@1@0@Z 10014620 f i CctCharacterController.obj
 0001:00013660       ??0PxBoxGeometry@physx@@QAE@VPxVec3@1@@Z 10014660 f i CctCharacterController.obj
 0001:000136a0       ??0PxCapsuleGeometry@physx@@QAE@MM@Z 100146a0 f i CctCharacterController.obj
 0001:000136f0       ??0PxExtendedBox@physx@@QAE@ABV01@@Z 100146f0 f i CctCharacterController.obj
 0001:00013770       ??0PxExtendedBox@physx@@QAE@XZ 10014770 f i CctCharacterController.obj
 0001:000137b0       ??0PxExtendedCapsule@physx@@QAE@XZ 100147b0 f i CctCharacterController.obj
 0001:000137d0       ??0PxExtendedSegment@physx@@QAE@XZ 100147d0 f i CctCharacterController.obj
 0001:00013800       ??0PxFilterData@physx@@QAE@XZ 10014800 f i CctCharacterController.obj
 0001:00013850       ??0PxLocationHit@physx@@QAE@XZ 10014850 f i CctCharacterController.obj
 0001:000138d0       ??0PxMat33@physx@@QAE@ABVPxQuat@1@@Z 100148d0 f i CctCharacterController.obj
 0001:00013b50       ??0PxMat33@physx@@QAE@W4PxIDENTITY@1@@Z 10014b50 f i CctCharacterController.obj
 0001:00013c10       ??0PxQuat@physx@@QAE@ABV01@@Z 10014c10 f i CctCharacterController.obj
 0001:00013c60       ??0PxQuat@physx@@QAE@MMMM@Z 10014c60 f i CctCharacterController.obj
 0001:00013cc0       ??0PxQuat@physx@@QAE@W4PxIDENTITY@1@@Z 10014cc0 f i CctCharacterController.obj
 0001:00013d20       ??0PxQuat@physx@@QAE@XZ    10014d20 f i CctCharacterController.obj
 0001:00013d40       ??0PxQueryFilterCallback@physx@@QAE@XZ 10014d40 f i CctCharacterController.obj
 0001:00013d60       ??0PxQueryFilterData@physx@@QAE@ABUPxFilterData@1@V?$PxFlags@W4Enum@PxQueryFlag@physx@@G@1@@Z 10014d60 f i CctCharacterController.obj
 0001:00013dc0       ??0PxQueryHit@physx@@QAE@XZ 10014dc0 f i CctCharacterController.obj
 0001:00013df0       ??0PxRaycastHit@physx@@QAE@XZ 10014df0 f i CctCharacterController.obj
 0001:00013e30       ??0PxSphereGeometry@physx@@QAE@XZ 10014e30 f i CctCharacterController.obj
 0001:00013e60       ??0PxSweepHit@physx@@QAE@XZ 10014e60 f i CctCharacterController.obj
 0001:00013e80       ??0PxTransform@physx@@QAE@ABVPxVec3@1@ABVPxQuat@1@@Z 10014e80 f i CctCharacterController.obj
 0001:00013f10       ??0PxTransform@physx@@QAE@XZ 10014f10 f i CctCharacterController.obj
 0001:00013f40       ??0PxVec3@physx@@QAE@M@Z   10014f40 f i CctCharacterController.obj
 0001:00013f90       ??0PxVec3@physx@@QAE@XZ    10014f90 f i CctCharacterController.obj
 0001:00013fb0       ??0SIMDGuard@shdfnd@physx@@QAE@XZ 10014fb0 f i CctCharacterController.obj
 0001:00013fe0       ??0SweptContact@Cct@physx@@QAE@XZ 10014fe0 f i CctCharacterController.obj
 0001:00014010       ??1?$Array@IVNamedAllocator@shdfnd@physx@@@shdfnd@physx@@QAE@XZ 10015010 f i CctCharacterController.obj
 0001:00014080       ??1?$Array@VPxTriangle@physx@@VNamedAllocator@shdfnd@2@@shdfnd@physx@@QAE@XZ 10015080 f i CctCharacterController.obj
 0001:000140f0       ??1?$PxHitBuffer@UPxRaycastHit@physx@@@physx@@UAE@XZ 100150f0 f i CctCharacterController.obj
 0001:00014120       ??1?$PxHitCallback@UPxRaycastHit@physx@@@physx@@UAE@XZ 10015120 f i CctCharacterController.obj
 0001:00014140       ??1ControllerFilter@@UAE@XZ 10015140 f i CctCharacterController.obj
 0001:00014160       ??1PxExtendedBox@physx@@QAE@XZ 10015160 f i CctCharacterController.obj
 0001:00014170       ??1PxQueryFilterCallback@physx@@UAE@XZ 10015170 f i CctCharacterController.obj
 0001:00014190       ??1PxTriangle@physx@@QAE@XZ 10015190 f i CctCharacterController.obj
 0001:000141a0       ??1SIMDGuard@shdfnd@physx@@QAE@XZ 100151a0 f i CctCharacterController.obj
 0001:000141d0       ??2@YAPAXIPAX@Z            100151d0 f i CctCharacterController.obj
 0001:000141e0       ??4?$PxFlags@W4Enum@PxControllerCollisionFlag@physx@@E@physx@@QAEAAV01@ABV01@@Z 100151e0 f i CctCharacterController.obj
 0001:00014200       ??4?$PxFlags@W4Enum@PxHitFlag@physx@@G@physx@@QAEAAV01@ABV01@@Z 10015200 f i CctCharacterController.obj
 0001:00014230       ??4?$PxFlags@W4Enum@PxQueryFlag@physx@@G@physx@@QAEAAV01@ABV01@@Z 10015230 f i CctCharacterController.obj
 0001:00014260       ??4CCTParams@Cct@physx@@QAEAAU012@ABU012@@Z 10015260 f i CctCharacterController.obj
 0001:00014360       ??4PxExtendedBox@physx@@QAEAAV01@ABV01@@Z 10015360 f i CctCharacterController.obj
 0001:000143e0       ??4PxLocationHit@physx@@QAEAAU01@ABU01@@Z 100153e0 f i CctCharacterController.obj
 0001:00014470       ??4PxRaycastHit@physx@@QAEAAU01@ABU01@@Z 10015470 f i CctCharacterController.obj
 0001:000144f0       ??4PxTransform@physx@@QAEAAV01@$$QAV01@@Z 100154f0 f i CctCharacterController.obj
 0001:00014530       ??4SweptContact@Cct@physx@@QAEAAU012@ABU012@@Z 10015530 f i CctCharacterController.obj
 0001:000145d0       ??A?$Array@IVNamedAllocator@shdfnd@physx@@@shdfnd@physx@@QBEABII@Z 100155d0 f i CctCharacterController.obj
 0001:00014640       ??A?$Array@UInternalBoxObstacle@ObstacleContext@Cct@physx@@VNamedAllocator@shdfnd@4@@shdfnd@physx@@QBEABUInternalBoxObstacle@ObstacleContext@Cct@2@I@Z 10015640 f i CctCharacterController.obj
 0001:000146b0       ??A?$Array@UInternalCapsuleObstacle@ObstacleContext@Cct@physx@@VNamedAllocator@shdfnd@4@@shdfnd@physx@@QBEABUInternalCapsuleObstacle@ObstacleContext@Cct@2@I@Z 100156b0 f i CctCharacterController.obj
 0001:00014720       ??A?$Array@VPxTriangle@physx@@VNamedAllocator@shdfnd@2@@shdfnd@physx@@QAEAAVPxTriangle@2@I@Z 10015720 f i CctCharacterController.obj
 0001:00014790       ??A?$Array@VPxTriangle@physx@@VNamedAllocator@shdfnd@2@@shdfnd@physx@@QBEABVPxTriangle@2@I@Z 10015790 f i CctCharacterController.obj
 0001:00014800       ??B?$PxFlags@W4Enum@PxControllerBehaviorFlag@physx@@E@physx@@QBEIXZ 10015800 f i CctCharacterController.obj
 0001:00014820       ??B?$PxFlags@W4Enum@PxControllerDebugRenderFlag@physx@@I@physx@@QBEIXZ 10015820 f i CctCharacterController.obj
 0001:00014840       ??B?$PxFlags@W4Enum@PxQueryFlag@physx@@G@physx@@QBE_NXZ 10015840 f i CctCharacterController.obj
 0001:00014870       ??B?$PxFlags@W4Enum@PxShapeFlag@physx@@E@physx@@QBE_NXZ 10015870 f i CctCharacterController.obj
 0001:000148a0       ??DPxQuat@physx@@QBE?AV01@ABV01@@Z 100158a0 f i CctCharacterController.obj
 0001:00014a50       ??DPxTransform@physx@@QBE?AV01@ABV01@@Z 10015a50 f i CctCharacterController.obj
 0001:00014ad0       ??GPxVec3@physx@@QBE?AV01@ABV01@@Z 10015ad0 f i CctCharacterController.obj
 0001:00014b40       ??GPxVec3@physx@@QBE?AV01@XZ 10015b40 f i CctCharacterController.obj
 0001:00014bb0       ??HPxVec3@physx@@QBE?AV01@ABV01@@Z 10015bb0 f i CctCharacterController.obj
 0001:00014c20       ??I?$PxFlags@W4Enum@PxQueryFlag@physx@@G@physx@@QBE?AV01@W4Enum@PxQueryFlag@1@@Z 10015c20 f i CctCharacterController.obj
 0001:00014c70       ??I?$PxFlags@W4Enum@PxShapeFlag@physx@@E@physx@@QBE?AV01@W4Enum@PxShapeFlag@1@@Z 10015c70 f i CctCharacterController.obj
 0001:00014cc0       ??R?$Hash@PAVPxShape@physx@@@shdfnd@physx@@QBEIABQAVPxShape@2@@Z 10015cc0 f i CctCharacterController.obj
 0001:00014cf0       ??R?$Hash@PAVPxShape@physx@@@shdfnd@physx@@QBE_NABQAVPxShape@2@0@Z 10015cf0 f i CctCharacterController.obj
 0001:00014d30       ??RGetKey@?$HashSetBase@PAVPxShape@physx@@U?$Hash@PAVPxShape@physx@@@shdfnd@2@VAllocator@42@$0A@@internal@shdfnd@physx@@QAEABQAVPxShape@4@ABQAV54@@Z 10015d30 f i CctCharacterController.obj
 0001:00014d50       ??U?$PxFlags@W4Enum@PxHitFlag@physx@@G@physx@@QBE?AV01@W4Enum@PxHitFlag@1@@Z 10015d50 f i CctCharacterController.obj
 0001:00014da0       ??U?$PxFlags@W4Enum@PxQueryFlag@physx@@G@physx@@QBE?AV01@W4Enum@PxQueryFlag@1@@Z 10015da0 f i CctCharacterController.obj
 0001:00014df0       ??Uphysx@@YA?AV?$PxFlags@W4Enum@PxHitFlag@physx@@G@0@W4Enum@PxHitFlag@0@0@Z 10015df0 f i CctCharacterController.obj
 0001:00014e30       ??Uphysx@@YA?AV?$PxFlags@W4Enum@PxQueryFlag@physx@@G@0@W4Enum@PxQueryFlag@0@0@Z 10015e30 f i CctCharacterController.obj
 0001:00014e70       ??YPxVec3@physx@@QAEAAV01@ABV01@@Z 10015e70 f i CctCharacterController.obj
 0001:00014ee0       ??ZPxVec3@physx@@QAEAAV01@ABV01@@Z 10015ee0 f i CctCharacterController.obj
 0001:00014f50       ??_0PxVec3@physx@@QAEAAV01@M@Z 10015f50 f i CctCharacterController.obj
 0001:00014fd0       ??_5?$PxFlags@W4Enum@PxControllerCollisionFlag@physx@@E@physx@@QAEAAV01@W4Enum@PxControllerCollisionFlag@1@@Z 10015fd0 f i CctCharacterController.obj
 0001:00015000       ??_5?$PxFlags@W4Enum@PxHitFlag@physx@@G@physx@@QAEAAV01@W4Enum@PxHitFlag@1@@Z 10016000 f i CctCharacterController.obj
 0001:00015030       ??_5?$PxFlags@W4Enum@PxQueryFlag@physx@@G@physx@@QAEAAV01@W4Enum@PxQueryFlag@1@@Z 10016030 f i CctCharacterController.obj
 0001:00015060       ??_G?$PxHitBuffer@UPxRaycastHit@physx@@@physx@@UAEPAXI@Z 10016060 f i CctCharacterController.obj
 0001:00015060       ??_E?$PxHitBuffer@UPxRaycastHit@physx@@@physx@@UAEPAXI@Z 10016060 f i CctCharacterController.obj
 0001:000150a0       ??_E?$PxHitCallback@UPxRaycastHit@physx@@@physx@@UAEPAXI@Z 100160a0 f i CctCharacterController.obj
 0001:000150a0       ??_G?$PxHitCallback@UPxRaycastHit@physx@@@physx@@UAEPAXI@Z 100160a0 f i CctCharacterController.obj
 0001:000150e0       ??_GControllerFilter@@UAEPAXI@Z 100160e0 f i CctCharacterController.obj
 0001:000150e0       ??_EControllerFilter@@UAEPAXI@Z 100160e0 f i CctCharacterController.obj
 0001:00015120       ??_GPxExtendedBox@physx@@QAEPAXI@Z 10016120 f i CctCharacterController.obj
 0001:00015160       ??_GPxQueryFilterCallback@physx@@UAEPAXI@Z 10016160 f i CctCharacterController.obj
 0001:00015160       ??_EPxQueryFilterCallback@physx@@UAEPAXI@Z 10016160 f i CctCharacterController.obj
 0001:000151a0       ??_GPxTriangle@physx@@QAEPAXI@Z 100161a0 f i CctCharacterController.obj
 0001:000151e0       ?FLoad@aos@shdfnd@physx@@YA?AT__m128@@M@Z 100161e0 f i CctCharacterController.obj
 0001:00015220       ?PxAbs@physx@@YAMM@Z       10016220 f i CctCharacterController.obj
 0001:00015240       ?PxIsFinite@physx@@YA_NM@Z 10016240 f i CctCharacterController.obj
 0001:00015260       ?PxRecipSqrt@physx@@YAMM@Z 10016260 f i CctCharacterController.obj
 0001:00015280       ?PxSqrt@physx@@YAMM@Z      10016280 f i CctCharacterController.obj
 0001:000152a0       ?PxSqrt@physx@@YANN@Z      100162a0 f i CctCharacterController.obj
 0001:000152c0       ?V3Load@aos@shdfnd@physx@@YA?AT__m128@@M@Z 100162c0 f i CctCharacterController.obj
 0001:00015320       ?V4Load@aos@shdfnd@physx@@YA?AT__m128@@M@Z 10016320 f i CctCharacterController.obj
 0001:00015360       ?abs@intrinsics@physx@@YAMM@Z 10016360 f i CctCharacterController.obj
 0001:00015380       ?add@physx@@YAXAAUPxExtendedBounds3@1@ABU21@@Z 10016380 f i CctCharacterController.obj
 0001:000153b0       ?allocate@?$Array@IVNamedAllocator@shdfnd@physx@@@shdfnd@physx@@IAEPAII@Z 100163b0 f i CctCharacterController.obj
 0001:00015430       ?allocate@?$Array@PBXVNamedAllocator@shdfnd@physx@@@shdfnd@physx@@IAEPAPBXI@Z 10016430 f i CctCharacterController.obj
 0001:000154b0       ?allocate@?$Array@UPxExtendedCapsule@physx@@VNamedAllocator@shdfnd@2@@shdfnd@physx@@IAEPAUPxExtendedCapsule@3@I@Z 100164b0 f i CctCharacterController.obj
 0001:00015530       ?allocate@?$Array@VPxExtendedBox@physx@@VNamedAllocator@shdfnd@2@@shdfnd@physx@@IAEPAVPxExtendedBox@3@I@Z 10016530 f i CctCharacterController.obj
 0001:000155b0       ?any@PxGeometryHolder@physx@@QBEABVPxGeometry@2@XZ 100165b0 f i CctCharacterController.obj
 0001:000155d0       ?begin@?$Array@IVNamedAllocator@shdfnd@physx@@@shdfnd@physx@@QAEPAIXZ 100165d0 f i CctCharacterController.obj
 0001:000155f0       ?begin@?$Array@IVNamedAllocator@shdfnd@physx@@@shdfnd@physx@@QBEPBIXZ 100165f0 f i CctCharacterController.obj
 0001:00015610       ?begin@?$Array@PBXVNamedAllocator@shdfnd@physx@@@shdfnd@physx@@QAEPAPBXXZ 10016610 f i CctCharacterController.obj
 0001:00015630       ?begin@?$Array@UPxExtendedCapsule@physx@@VNamedAllocator@shdfnd@2@@shdfnd@physx@@QAEPAUPxExtendedCapsule@3@XZ 10016630 f i CctCharacterController.obj
 0001:00015650       ?begin@?$Array@VPxExtendedBox@physx@@VNamedAllocator@shdfnd@2@@shdfnd@physx@@QAEPAVPxExtendedBox@3@XZ 10016650 f i CctCharacterController.obj
 0001:00015670       ?capacity@?$Array@IVNamedAllocator@shdfnd@physx@@@shdfnd@physx@@QBEIXZ 10016670 f i CctCharacterController.obj
 0001:00015690       ?capacity@?$Array@PBXVNamedAllocator@shdfnd@physx@@@shdfnd@physx@@QBEIXZ 10016690 f i CctCharacterController.obj
 0001:000156b0       ?capacity@?$Array@UPxExtendedCapsule@physx@@VNamedAllocator@shdfnd@2@@shdfnd@physx@@QBEIXZ 100166b0 f i CctCharacterController.obj
 0001:000156d0       ?capacity@?$Array@VPxExtendedBox@physx@@VNamedAllocator@shdfnd@2@@shdfnd@physx@@QBEIXZ 100166d0 f i CctCharacterController.obj
 0001:000156f0       ?capacity@?$Array@VPxTriangle@physx@@VNamedAllocator@shdfnd@2@@shdfnd@physx@@QBEIXZ 100166f0 f i CctCharacterController.obj
 0001:00015710       ?capacityIncrement@?$Array@PBXVNamedAllocator@shdfnd@physx@@@shdfnd@physx@@IBEIXZ 10016710 f i CctCharacterController.obj
 0001:00015750       ?capacityIncrement@?$Array@UPxExtendedCapsule@physx@@VNamedAllocator@shdfnd@2@@shdfnd@physx@@IBEIXZ 10016750 f i CctCharacterController.obj
 0001:00015790       ?capacityIncrement@?$Array@VPxExtendedBox@physx@@VNamedAllocator@shdfnd@2@@shdfnd@physx@@IBEIXZ 10016790 f i CctCharacterController.obj
 0001:000157d0       ?clear@?$Array@IVNamedAllocator@shdfnd@physx@@@shdfnd@physx@@QAEXXZ 100167d0 f i CctCharacterController.obj
 0001:00015810       ?clear@?$Array@VPxTriangle@physx@@VNamedAllocator@shdfnd@2@@shdfnd@physx@@QAEXXZ 10016810 f i CctCharacterController.obj
 0001:00015850       ?contains@?$HashSetBase@PAVPxShape@physx@@U?$Hash@PAVPxShape@physx@@@shdfnd@2@VAllocator@42@$0A@@internal@shdfnd@physx@@QBE_NABQAVPxShape@4@@Z 10016850 f i CctCharacterController.obj
 0001:00015890       ?copy@?$Array@IVNamedAllocator@shdfnd@physx@@@shdfnd@physx@@KAXPAI0PBI@Z 10016890 f i CctCharacterController.obj
 0001:00015900       ?copy@?$Array@PBXVNamedAllocator@shdfnd@physx@@@shdfnd@physx@@KAXPAPBX0PBQBX@Z 10016900 f i CctCharacterController.obj
 0001:00015970       ?copy@?$Array@UPxExtendedCapsule@physx@@VNamedAllocator@shdfnd@2@@shdfnd@physx@@KAXPAUPxExtendedCapsule@3@0PBU43@@Z 10016970 f i CctCharacterController.obj
 0001:000159f0       ?copy@?$Array@VPxExtendedBox@physx@@VNamedAllocator@shdfnd@2@@shdfnd@physx@@KAXPAVPxExtendedBox@3@0PBV43@@Z 100169f0 f i CctCharacterController.obj
 0001:00015a60       ?cross@PxVec3@physx@@QBE?AV12@ABV12@@Z 10016a60 f i CctCharacterController.obj
 0001:00015b20       ?deallocate@?$Array@IVNamedAllocator@shdfnd@physx@@@shdfnd@physx@@IAEXPAX@Z 10016b20 f i CctCharacterController.obj
 0001:00015b40       ?deallocate@?$Array@PBXVNamedAllocator@shdfnd@physx@@@shdfnd@physx@@IAEXPAX@Z 10016b40 f i CctCharacterController.obj
 0001:00015b60       ?deallocate@?$Array@UPxExtendedCapsule@physx@@VNamedAllocator@shdfnd@2@@shdfnd@physx@@IAEXPAX@Z 10016b60 f i CctCharacterController.obj
 0001:00015b80       ?deallocate@?$Array@VPxExtendedBox@physx@@VNamedAllocator@shdfnd@2@@shdfnd@physx@@IAEXPAX@Z 10016b80 f i CctCharacterController.obj
 0001:00015ba0       ?deallocate@?$Array@VPxTriangle@physx@@VNamedAllocator@shdfnd@2@@shdfnd@physx@@IAEXPAX@Z 10016ba0 f i CctCharacterController.obj
 0001:00015bc0       ?decomposeVector@shdfnd@physx@@YAXAAVPxVec3@2@0ABV32@1@Z 10016bc0 f i CctCharacterController.obj
 0001:00015c30       ?destroy@?$Array@IVNamedAllocator@shdfnd@physx@@@shdfnd@physx@@KAXPAI0@Z 10016c30 f i CctCharacterController.obj
 0001:00015c50       ?destroy@?$Array@PBXVNamedAllocator@shdfnd@physx@@@shdfnd@physx@@KAXPAPBX0@Z 10016c50 f i CctCharacterController.obj
 0001:00015c70       ?destroy@?$Array@UPxExtendedCapsule@physx@@VNamedAllocator@shdfnd@2@@shdfnd@physx@@KAXPAUPxExtendedCapsule@3@0@Z 10016c70 f i CctCharacterController.obj
 0001:00015c90       ?destroy@?$Array@VPxExtendedBox@physx@@VNamedAllocator@shdfnd@2@@shdfnd@physx@@KAXPAVPxExtendedBox@3@0@Z 10016c90 f i CctCharacterController.obj
 0001:00015cc0       ?destroy@?$Array@VPxTriangle@physx@@VNamedAllocator@shdfnd@2@@shdfnd@physx@@KAXPAVPxTriangle@3@0@Z 10016cc0 f i CctCharacterController.obj
 0001:00015cf0       ?distance@physx@@YANABUPxExtendedVec3@1@0@Z 10016cf0 f i CctCharacterController.obj
 0001:00015d90       ?dot@PxVec3@physx@@QBEMABV12@@Z 10016d90 f i CctCharacterController.obj
 0001:00015df0       ?encodeUserObject@Cct@physx@@YAIIW4UserObjectType@12@@Z 10016df0 f i CctCharacterController.obj
 0001:00015ea0       ?end@?$Array@IVNamedAllocator@shdfnd@physx@@@shdfnd@physx@@QAEPAIXZ 10016ea0 f i CctCharacterController.obj
 0001:00015ec0       ?end@?$Array@IVNamedAllocator@shdfnd@physx@@@shdfnd@physx@@QBEPBIXZ 10016ec0 f i CctCharacterController.obj
 0001:00015ee0       ?finalizeQuery@?$PxHitCallback@UPxRaycastHit@physx@@@physx@@UAEXXZ 10016ee0 f i CctCharacterController.obj
 0001:00015ef0       ?find@?$HashBase@PAVPxShape@physx@@PAV12@U?$Hash@PAVPxShape@physx@@@shdfnd@2@UGetKey@?$HashSetBase@PAVPxShape@physx@@U?$Hash@PAVPxShape@physx@@@shdfnd@2@VAllocator@42@$0A@@internal@42@VAllocator@42@$0A@@internal@shdfnd@physx@@QBEPBQAVPxShape@4@ABQAV54@@Z 10016ef0 f i CctCharacterController.obj
 0001:00015fc0       ?forceSize_Unsafe@?$Array@IVNamedAllocator@shdfnd@physx@@@shdfnd@physx@@QAEXI@Z 10016fc0 f i CctCharacterController.obj
 0001:00016030       ?forceSize_Unsafe@?$Array@VPxTriangle@physx@@VNamedAllocator@shdfnd@2@@shdfnd@physx@@QAEXI@Z 10017030 f i CctCharacterController.obj
 0001:000160a0       ?getAnyHit@?$PxHitBuffer@UPxRaycastHit@physx@@@physx@@QBEABUPxRaycastHit@2@I@Z 100170a0 f i CctCharacterController.obj
 0001:00016160       ?getBasisVector0@PxQuat@physx@@QBE?AVPxVec3@2@XZ 10017160 f i CctCharacterController.obj
 0001:00016250       ?getCenter@PxBounds3@physx@@QBE?AVPxVec3@2@XZ 10017250 f i CctCharacterController.obj
 0001:00016300       ?getConcreteType@PxBase@physx@@QBEGXZ 10017300 f i CctCharacterController.obj
 0001:00016320       ?getDimensions@PxBounds3@physx@@QBE?AVPxVec3@2@XZ 10017320 f i CctCharacterController.obj
 0001:000163b0       ?getExtents@PxBounds3@physx@@QBE?AVPxVec3@2@XZ 100173b0 f i CctCharacterController.obj
 0001:00016450       ?getGlobalPose@PxShapeExt@physx@@SA?AVPxTransform@2@ABVPxShape@2@ABVPxRigidActor@2@@Z 10017450 f i CctCharacterController.obj
 0001:000164a0       ?getNbTouches@?$PxHitBuffer@UPxRaycastHit@physx@@@physx@@QBEIXZ 100174a0 f i CctCharacterController.obj
 0001:000164c0       ?getNormalized@PxVec3@physx@@QBE?AV12@XZ 100174c0 f i CctCharacterController.obj
 0001:00016570       ?getShapeGlobalPose@physx@@YA?AVPxTransform@1@ABVPxShape@1@ABVPxRigidActor@1@@Z 10017570 f i CctCharacterController.obj
 0001:000165a0       ?getTouches@?$PxHitBuffer@UPxRaycastHit@physx@@@physx@@QBEPBUPxRaycastHit@2@XZ 100175a0 f i CctCharacterController.obj
 0001:000165c0       ?getType@SweptVolume@Cct@physx@@QBE?AW4Enum@SweptVolumeType@23@XZ 100175c0 f i CctCharacterController.obj
 0001:000165e0       ?grow@?$Array@IVNamedAllocator@shdfnd@physx@@@shdfnd@physx@@IAEXI@Z 100175e0 f i CctCharacterController.obj
 0001:00016660       ?growAndPushBack@?$Array@PBXVNamedAllocator@shdfnd@physx@@@shdfnd@physx@@IAEAAPBXABQBX@Z 10017660 f i CctCharacterController.obj
 0001:000167f0       ?growAndPushBack@?$Array@UPxExtendedCapsule@physx@@VNamedAllocator@shdfnd@2@@shdfnd@physx@@IAEAAUPxExtendedCapsule@3@ABU43@@Z 100177f0 f i CctCharacterController.obj
 0001:00016980       ?growAndPushBack@?$Array@VPxExtendedBox@physx@@VNamedAllocator@shdfnd@2@@shdfnd@physx@@IAEAAVPxExtendedBox@3@ABV43@@Z 10017980 f i CctCharacterController.obj
 0001:00016b00       ?hash@?$HashBase@PAVPxShape@physx@@PAV12@U?$Hash@PAVPxShape@physx@@@shdfnd@2@UGetKey@?$HashSetBase@PAVPxShape@physx@@U?$Hash@PAVPxShape@physx@@@shdfnd@2@VAllocator@42@$0A@@internal@42@VAllocator@42@$0A@@internal@shdfnd@physx@@ABEIABQAVPxShape@4@@Z 10017b00 f i CctCharacterController.obj
 0001:00016b30       ?hash@?$HashBase@PAVPxShape@physx@@PAV12@U?$Hash@PAVPxShape@physx@@@shdfnd@2@UGetKey@?$HashSetBase@PAVPxShape@physx@@U?$Hash@PAVPxShape@physx@@@shdfnd@2@VAllocator@42@$0A@@internal@42@VAllocator@42@$0A@@internal@shdfnd@physx@@ABEIABQAVPxShape@4@I@Z 10017b30 f i CctCharacterController.obj
 0001:00016b60       ?hash@shdfnd@physx@@YAII@Z 10017b60 f i CctCharacterController.obj
 0001:00016be0       ?hash@shdfnd@physx@@YAIPBX@Z 10017be0 f i CctCharacterController.obj
 0001:00016c00       ?intersectOBBAABB@Gu@physx@@YA_NABVBox@12@ABVPxBounds3@2@@Z 10017c00 f i CctCharacterController.obj
 0001:00016c70       ?isAlmostZero@shdfnd@physx@@YA_NABVPxVec3@2@@Z 10017c70 f i CctCharacterController.obj
 0001:00016d20       ?isFinite@PxBounds3@physx@@QBE_NXZ 10017d20 f i CctCharacterController.obj
 0001:00016d80       ?isFinite@PxQuat@physx@@QBE_NXZ 10017d80 f i CctCharacterController.obj
 0001:00016e40       ?isFinite@PxTransform@physx@@QBE_NXZ 10017e40 f i CctCharacterController.obj
 0001:00016ea0       ?isFinite@PxVec3@physx@@QBE_NXZ 10017ea0 f i CctCharacterController.obj
 0001:00016f40       ?isFinite@intrinsics@physx@@YA_NM@Z 10017f40 f i CctCharacterController.obj
 0001:00016f90       ?isInUserMemory@?$Array@IVNamedAllocator@shdfnd@physx@@@shdfnd@physx@@QBEIXZ 10017f90 f i CctCharacterController.obj
 0001:00016fb0       ?isInUserMemory@?$Array@PBXVNamedAllocator@shdfnd@physx@@@shdfnd@physx@@QBEIXZ 10017fb0 f i CctCharacterController.obj
 0001:00016fd0       ?isInUserMemory@?$Array@UPxExtendedCapsule@physx@@VNamedAllocator@shdfnd@2@@shdfnd@physx@@QBEIXZ 10017fd0 f i CctCharacterController.obj
 0001:00016ff0       ?isInUserMemory@?$Array@VPxExtendedBox@physx@@VNamedAllocator@shdfnd@2@@shdfnd@physx@@QBEIXZ 10017ff0 f i CctCharacterController.obj
 0001:00017010       ?isInUserMemory@?$Array@VPxTriangle@physx@@VNamedAllocator@shdfnd@2@@shdfnd@physx@@QBEIXZ 10018010 f i CctCharacterController.obj
 0001:00017030       ?isInside@PxExtendedBounds3@physx@@QBE_NABU12@@Z 10018030 f i CctCharacterController.obj
 0001:000170f0       ?isSane@PxQuat@physx@@QBE_NXZ 100180f0 f i CctCharacterController.obj
 0001:00017180       ?isSane@PxTransform@physx@@QBE_NXZ 10018180 f i CctCharacterController.obj
 0001:000171d0       ?isValid@PxBounds3@physx@@QBE_NXZ 100181d0 f i CctCharacterController.obj
 0001:000172f0       ?isZero@PxVec3@physx@@QBE_NXZ 100182f0 f i CctCharacterController.obj
 0001:00017370       ?magnitude@PxQuat@physx@@QBEMXZ 10018370 f i CctCharacterController.obj
 0001:000173a0       ?magnitude@PxVec3@physx@@QBEMXZ 100183a0 f i CctCharacterController.obj
 0001:000173d0       ?magnitudeSquared@PxQuat@physx@@QBEMXZ 100183d0 f i CctCharacterController.obj
 0001:00017450       ?magnitudeSquared@PxVec3@physx@@QBEMXZ 10018450 f i CctCharacterController.obj
 0001:000174b0       ?maximum@PxExtendedVec3@physx@@QAEXABU12@@Z 100184b0 f i CctCharacterController.obj
 0001:00017540       ?minimum@PxExtendedVec3@physx@@QAEXABU12@@Z 10018540 f i CctCharacterController.obj
 0001:000175d0       ?normal@PxTriangle@physx@@QBEXAAVPxVec3@2@@Z 100185d0 f i CctCharacterController.obj
 0001:00017660       ?normalize@PxVec3@physx@@QAEMXZ 10018660 f i CctCharacterController.obj
 0001:000176b0       ?postFilter@ControllerFilter@@UAE?AW4Enum@PxQueryHitType@physx@@ABUPxFilterData@4@ABUPxQueryHit@4@@Z 100186b0 f i CctCharacterController.obj
 0001:00017770       ?preFilter@ControllerFilter@@UAE?AW4Enum@PxQueryHitType@physx@@ABUPxFilterData@4@PBVPxShape@4@PBVPxRigidActor@4@AAV?$PxFlags@W4Enum@PxHitFlag@physx@@G@4@@Z 10018770 f i CctCharacterController.obj
 0001:00017850       ?processTouches@?$PxHitBuffer@UPxRaycastHit@physx@@@physx@@MAE_NPBUPxRaycastHit@2@I@Z 10018850 f i CctCharacterController.obj
 0001:00017880       ?pushBack@?$Array@PBXVNamedAllocator@shdfnd@physx@@@shdfnd@physx@@QAEAAPBXABQBX@Z 10018880 f i CctCharacterController.obj
 0001:00017930       ?pushBack@?$Array@UPxExtendedCapsule@physx@@VNamedAllocator@shdfnd@2@@shdfnd@physx@@QAEAAUPxExtendedCapsule@3@ABU43@@Z 10018930 f i CctCharacterController.obj
 0001:000179f0       ?pushBack@?$Array@VPxExtendedBox@physx@@VNamedAllocator@shdfnd@2@@shdfnd@physx@@QAEAAVPxExtendedBox@3@ABV43@@Z 100189f0 f i CctCharacterController.obj
 0001:00017aa0       ?recipSqrt@intrinsics@physx@@YAMM@Z 10018aa0 f i CctCharacterController.obj
 0001:00017af0       ?recreate@?$Array@IVNamedAllocator@shdfnd@physx@@@shdfnd@physx@@IAEXI@Z 10018af0 f i CctCharacterController.obj
 0001:00017c00       ?reserve@?$Array@IVNamedAllocator@shdfnd@physx@@@shdfnd@physx@@QAEXI@Z 10018c00 f i CctCharacterController.obj
 0001:00017c30       ?resetStats@SweepTest@Cct@physx@@QAEXXZ 10018c30 f i CctCharacterController.obj
 0001:00017c80       ?resizeUninitialized@?$Array@IVNamedAllocator@shdfnd@physx@@@shdfnd@physx@@QAEXI@Z 10018c80 f i CctCharacterController.obj
 0001:00017cb0       ?rotate@PxQuat@physx@@QBE?BVPxVec3@2@ABV32@@Z 10018cb0 f i CctCharacterController.obj
 0001:00017ea0       ?rotateInv@PxQuat@physx@@QBE?BVPxVec3@2@ABV32@@Z 10018ea0 f i CctCharacterController.obj
 0001:00018090       ?selectMax@intrinsics@physx@@YAMMM@Z 10019090 f i CctCharacterController.obj
 0001:000180d0       ?selectMin@intrinsics@physx@@YAMMM@Z 100190d0 f i CctCharacterController.obj
 0001:00018110       ?set@PxExtendedBounds3@physx@@QAEXNNNNNN@Z 10019110 f i CctCharacterController.obj
 0001:000181a0       ?set@PxExtendedVec3@physx@@QAEXNNN@Z 100191a0 f i CctCharacterController.obj
 0001:000181e0       ?setEmpty@PxExtendedBounds3@physx@@QAEXXZ 100191e0 f i CctCharacterController.obj
 0001:00018270       ?setWorldPos@SweptContact@Cct@physx@@QAEXABVPxVec3@3@ABUPxExtendedVec3@3@@Z 10019270 f i CctCharacterController.obj
 0001:000182e0       ?size@?$Array@IVNamedAllocator@shdfnd@physx@@@shdfnd@physx@@QBEIXZ 100192e0 f i CctCharacterController.obj
 0001:00018300       ?size@?$Array@PBXVNamedAllocator@shdfnd@physx@@@shdfnd@physx@@QBEIXZ 10019300 f i CctCharacterController.obj
 0001:00018320       ?size@?$Array@UInternalBoxObstacle@ObstacleContext@Cct@physx@@VNamedAllocator@shdfnd@4@@shdfnd@physx@@QBEIXZ 10019320 f i CctCharacterController.obj
 0001:00018340       ?size@?$Array@UInternalCapsuleObstacle@ObstacleContext@Cct@physx@@VNamedAllocator@shdfnd@4@@shdfnd@physx@@QBEIXZ 10019340 f i CctCharacterController.obj
 0001:00018360       ?size@?$Array@UPxExtendedCapsule@physx@@VNamedAllocator@shdfnd@2@@shdfnd@physx@@QBEIXZ 10019360 f i CctCharacterController.obj
 0001:00018380       ?size@?$Array@VPxExtendedBox@physx@@VNamedAllocator@shdfnd@2@@shdfnd@physx@@QBEIXZ 10019380 f i CctCharacterController.obj
 0001:000183a0       ?size@?$Array@VPxTriangle@physx@@VNamedAllocator@shdfnd@2@@shdfnd@physx@@QBEIXZ 100193a0 f i CctCharacterController.obj
 0001:000183c0       ?sqrt@intrinsics@physx@@YAMM@Z 100193c0 f i CctCharacterController.obj
 0001:000183e0       ?testSlope@physx@@YA_NABVPxVec3@1@0M@Z 100193e0 f i CctCharacterController.obj
 0001:00018440       ?toVec3@physx@@YA?AVPxVec3@1@ABUPxExtendedVec3@1@@Z 10019440 f i CctCharacterController.obj
 0001:00018490       ?transform@PxTransform@physx@@QBE?AV12@ABV12@@Z 10019490 f i CctCharacterController.obj
 0001:000185a0       ?transform@PxTransform@physx@@QBE?AVPxVec3@2@ABV32@@Z 100195a0 f i CctCharacterController.obj
 0001:00018640       ?transformInv@PxTransform@physx@@QBE?AVPxVec3@2@ABV32@@Z 10019640 f i CctCharacterController.obj
 0001:000186d0       _fabsf                     100196d0 f i CctCharacterController.obj
 0001:00018700       _sqrtf                     10019700 f i CctCharacterController.obj
 0001:00018780       ?getSceneTimestamp@Cct@physx@@YAIPBUInternalCBData_FindTouchedGeom@12@@Z 10019780 f   CctCharacterControllerCallbacks.obj
 0001:000187f0       ?findTouchedGeometry@Cct@physx@@YAXPBUInternalCBData_FindTouchedGeom@12@ABUPxExtendedBounds3@2@AAV?$Array@VPxTriangle@physx@@VNamedAllocator@shdfnd@2@@shdfnd@2@AAV?$Array@IVNamedAllocator@shdfnd@physx@@@62@3ABVCCTFilter@12@ABUCCTParams@12@AAG@Z 100197f0 f   CctCharacterControllerCallbacks.obj
 0001:00018c80       ?shapeHitCallback@Cct@physx@@YAIPBUInternalCBData_OnHit@12@ABUSweptContact@12@ABVPxVec3@2@M@Z 10019c80 f   CctCharacterControllerCallbacks.obj
 0001:00018d40       ?userHitCallback@Cct@physx@@YAIPBUInternalCBData_OnHit@12@ABUSweptContact@12@ABVPxVec3@2@M@Z 10019d40 f   CctCharacterControllerCallbacks.obj
 0001:0001ca40       ??$PX_UNUSED@PBUPxOverlapHit@physx@@@@YAXABQBUPxOverlapHit@physx@@@Z 1001da40 f i CctCharacterControllerCallbacks.obj
 0001:0001ca50       ??$reserve@VPxTriangle@physx@@VNamedAllocator@shdfnd@2@@Cct@physx@@YAPAVPxTriangle@1@AAV?$Array@VPxTriangle@physx@@VNamedAllocator@shdfnd@2@@shdfnd@1@I@Z 1001da50 f i CctCharacterControllerCallbacks.obj
 0001:0001caa0       ??0?$PxFlags@W4Enum@PxMeshGeometryFlag@physx@@E@physx@@QAE@E@Z 1001daa0 f i CctCharacterControllerCallbacks.obj
 0001:0001cac0       ??0?$PxFlags@W4Enum@PxMeshGeometryFlag@physx@@E@physx@@QAE@XZ 1001dac0 f i CctCharacterControllerCallbacks.obj
 0001:0001cae0       ??0?$PxHitBuffer@UPxOverlapHit@physx@@@physx@@QAE@PAUPxOverlapHit@1@I@Z 1001dae0 f i CctCharacterControllerCallbacks.obj
 0001:0001cb20       ??0?$PxHitCallback@UPxOverlapHit@physx@@@physx@@QAE@PAUPxOverlapHit@1@I@Z 1001db20 f i CctCharacterControllerCallbacks.obj
 0001:0001cb80       ??0?$PxPadding@$02@physx@@QAE@XZ 1001db80 f i CctCharacterControllerCallbacks.obj
 0001:0001cbd0       ??0PxControllerHit@physx@@QAE@XZ 1001dbd0 f i CctCharacterControllerCallbacks.obj
 0001:0001cc10       ??0PxControllerObstacleHit@physx@@QAE@XZ 1001dc10 f i CctCharacterControllerCallbacks.obj
 0001:0001cc30       ??0PxControllerShapeHit@physx@@QAE@XZ 1001dc30 f i CctCharacterControllerCallbacks.obj
 0001:0001cc50       ??0PxControllersHit@physx@@QAE@XZ 1001dc50 f i CctCharacterControllerCallbacks.obj
 0001:0001cc70       ??0PxConvexMeshGeometry@physx@@QAE@XZ 1001dc70 f i CctCharacterControllerCallbacks.obj
 0001:0001ccc0       ??0PxExtendedSphere@physx@@QAE@XZ 1001dcc0 f i CctCharacterControllerCallbacks.obj
 0001:0001cce0       ??0PxHeightFieldGeometry@physx@@QAE@XZ 1001dce0 f i CctCharacterControllerCallbacks.obj
 0001:0001cd70       ??0PxMat33@physx@@QAE@ABVPxVec3@1@00@Z 1001dd70 f i CctCharacterControllerCallbacks.obj
 0001:0001cdc0       ??0PxMat44@physx@@QAE@ABVPxMat33@1@ABVPxVec3@1@@Z 1001ddc0 f i CctCharacterControllerCallbacks.obj
 0001:0001ce60       ??0PxMeshScale@physx@@QAE@M@Z 1001de60 f i CctCharacterControllerCallbacks.obj
 0001:0001cea0       ??0PxMeshScale@physx@@QAE@XZ 1001dea0 f i CctCharacterControllerCallbacks.obj
 0001:0001cee0       ??0PxOverlapHit@physx@@QAE@XZ 1001dee0 f i CctCharacterControllerCallbacks.obj
 0001:0001cf00       ??0PxPlane@physx@@QAE@ABVPxVec3@1@M@Z 1001df00 f i CctCharacterControllerCallbacks.obj
 0001:0001cf40       ??0PxPlane@physx@@QAE@MMMM@Z 1001df40 f i CctCharacterControllerCallbacks.obj
 0001:0001cfa0       ??0PxQueryFilterData@physx@@QAE@$$QAU01@@Z 1001dfa0 f i CctCharacterControllerCallbacks.obj
 0001:0001d000       ??0PxQueryFilterData@physx@@QAE@V?$PxFlags@W4Enum@PxQueryFlag@physx@@G@1@@Z 1001e000 f i CctCharacterControllerCallbacks.obj
 0001:0001d040       ??0PxTransform@physx@@QAE@ABVPxVec3@1@@Z 1001e040 f i CctCharacterControllerCallbacks.obj
 0001:0001d080       ??0PxTriangle@physx@@QAE@ABV01@@Z 1001e080 f i CctCharacterControllerCallbacks.obj
 0001:0001d120       ??0PxTriangle@physx@@QAE@ABVPxVec3@1@00@Z 1001e120 f i CctCharacterControllerCallbacks.obj
 0001:0001d1a0       ??0PxTriangle@physx@@QAE@XZ 1001e1a0 f i CctCharacterControllerCallbacks.obj
 0001:0001d1d0       ??0PxTriangleMeshGeometry@physx@@QAE@XZ 1001e1d0 f i CctCharacterControllerCallbacks.obj
 0001:0001d230       ??0PxVec4@physx@@QAE@ABVPxVec3@1@M@Z 1001e230 f i CctCharacterControllerCallbacks.obj
 0001:0001d280       ??0PxVec4@physx@@QAE@MMMM@Z 1001e280 f i CctCharacterControllerCallbacks.obj
 0001:0001d2e0       ??0TessParams@@QAE@XZ      1001e2e0 f i CctCharacterControllerCallbacks.obj
 0001:0001d310       ??1?$PxHitBuffer@UPxOverlapHit@physx@@@physx@@UAE@XZ 1001e310 f i CctCharacterControllerCallbacks.obj
 0001:0001d340       ??1?$PxHitCallback@UPxOverlapHit@physx@@@physx@@UAE@XZ 1001e340 f i CctCharacterControllerCallbacks.obj
 0001:0001d360       ??1PxExtendedSphere@physx@@QAE@XZ 1001e360 f i CctCharacterControllerCallbacks.obj
 0001:0001d370       ??APxVec3@physx@@QBEABMH@Z 1001e370 f i CctCharacterControllerCallbacks.obj
 0001:0001d3e0       ??DPxMat33@physx@@QBE?AV01@ABV01@@Z 1001e3e0 f i CctCharacterControllerCallbacks.obj
 0001:0001d450       ??DPxVec4@physx@@QBE?AV01@M@Z 1001e450 f i CctCharacterControllerCallbacks.obj
 0001:0001d4d0       ??HPxVec4@physx@@QBE?AV01@ABV01@@Z 1001e4d0 f i CctCharacterControllerCallbacks.obj
 0001:0001d560       ??_G?$PxHitBuffer@UPxOverlapHit@physx@@@physx@@UAEPAXI@Z 1001e560 f i CctCharacterControllerCallbacks.obj
 0001:0001d560       ??_E?$PxHitBuffer@UPxOverlapHit@physx@@@physx@@UAEPAXI@Z 1001e560 f i CctCharacterControllerCallbacks.obj
 0001:0001d5a0       ??_G?$PxHitCallback@UPxOverlapHit@physx@@@physx@@UAEPAXI@Z 1001e5a0 f i CctCharacterControllerCallbacks.obj
 0001:0001d5a0       ??_E?$PxHitCallback@UPxOverlapHit@physx@@@physx@@UAEPAXI@Z 1001e5a0 f i CctCharacterControllerCallbacks.obj
 0001:0001d5e0       ?PxPlaneEquationFromTransform@physx@@YA?AVPxPlane@1@ABVPxTransform@1@@Z 1001e5e0 f i CctCharacterControllerCallbacks.obj
 0001:0001d640       ?allocate@?$Array@VPxTriangle@physx@@VNamedAllocator@shdfnd@2@@shdfnd@physx@@IAEPAVPxTriangle@3@I@Z 1001e640 f i CctCharacterControllerCallbacks.obj
 0001:0001d6c0       ?begin@?$Array@VPxTriangle@physx@@VNamedAllocator@shdfnd@2@@shdfnd@physx@@QAEPAVPxTriangle@3@XZ 1001e6c0 f i CctCharacterControllerCallbacks.obj
 0001:0001d6e0       ?capacityIncrement@?$Array@IVNamedAllocator@shdfnd@physx@@@shdfnd@physx@@IBEIXZ 1001e6e0 f i CctCharacterControllerCallbacks.obj
 0001:0001d720       ?capacityIncrement@?$Array@VPxTriangle@physx@@VNamedAllocator@shdfnd@2@@shdfnd@physx@@IBEIXZ 1001e720 f i CctCharacterControllerCallbacks.obj
 0001:0001d760       ?centerExtents@PxBounds3@physx@@SA?AV12@ABVPxVec3@2@0@Z 1001e760 f i CctCharacterControllerCallbacks.obj
 0001:0001d7b0       ?computeBasis@shdfnd@physx@@YAXABVPxVec3@2@AAV32@1@Z 1001e7b0 f i CctCharacterControllerCallbacks.obj
 0001:0001d8b0       ?copy@?$Array@VPxTriangle@physx@@VNamedAllocator@shdfnd@2@@shdfnd@physx@@KAXPAVPxTriangle@3@0PBV43@@Z 1001e8b0 f i CctCharacterControllerCallbacks.obj
 0001:0001d920       ?decodeIndex@Cct@physx@@YAII@Z 1001e920 f i CctCharacterControllerCallbacks.obj
 0001:0001d930       ?decodeType@Cct@physx@@YA?AW4UserObjectType@12@I@Z 1001e930 f i CctCharacterControllerCallbacks.obj
 0001:0001d940       ?distance@PxPlane@physx@@QBEMABVPxVec3@2@@Z 1001e940 f i CctCharacterControllerCallbacks.obj
 0001:0001d980       ?finalizeQuery@?$PxHitCallback@UPxOverlapHit@physx@@@physx@@UAEXXZ 1001e980 f i CctCharacterControllerCallbacks.obj
 0001:0001d990       ?getAnyHit@?$PxHitBuffer@UPxOverlapHit@physx@@@physx@@QBEABUPxOverlapHit@2@I@Z 1001e990 f i CctCharacterControllerCallbacks.obj
 0001:0001da50       ?getNbAnyHits@?$PxHitBuffer@UPxOverlapHit@physx@@@physx@@QBEIXZ 1001ea50 f i CctCharacterControllerCallbacks.obj
 0001:0001da80       ?getNbTouches@?$PxHitBuffer@UPxOverlapHit@physx@@@physx@@QBEIXZ 1001ea80 f i CctCharacterControllerCallbacks.obj
 0001:0001daa0       ?getPosition@PxMat44@physx@@QBE?AVPxVec3@2@XZ 1001eaa0 f i CctCharacterControllerCallbacks.obj
 0001:0001dad0       ?getResults@PxMeshOverlapUtil@physx@@QBEPBIXZ 1001ead0 f i CctCharacterControllerCallbacks.obj
 0001:0001daf0       ?getTouches@?$PxHitBuffer@UPxOverlapHit@physx@@@physx@@QBEPBUPxOverlapHit@2@XZ 1001eaf0 f i CctCharacterControllerCallbacks.obj
 0001:0001db10       ?getTranspose@PxMat33@physx@@QBE?AV12@XZ 1001eb10 f i CctCharacterControllerCallbacks.obj
 0001:0001dc00       ?getXYZ@PxVec4@physx@@QBE?AVPxVec3@2@XZ 1001ec00 f i CctCharacterControllerCallbacks.obj
 0001:0001dc60       ?grow@?$Array@VPxTriangle@physx@@VNamedAllocator@shdfnd@2@@shdfnd@physx@@IAEXI@Z 1001ec60 f i CctCharacterControllerCallbacks.obj
 0001:0001dce0       ?growAndPushBack@?$Array@IVNamedAllocator@shdfnd@physx@@@shdfnd@physx@@IAEAAIABI@Z 1001ece0 f i CctCharacterControllerCallbacks.obj
 0001:0001de70       ?growAndPushBack@?$Array@VPxTriangle@physx@@VNamedAllocator@shdfnd@2@@shdfnd@physx@@IAEAAVPxTriangle@3@ABV43@@Z 1001ee70 f i CctCharacterControllerCallbacks.obj
 0001:0001dff0       ?processTouches@?$PxHitBuffer@UPxOverlapHit@physx@@@physx@@MAE_NPBUPxOverlapHit@2@I@Z 1001eff0 f i CctCharacterControllerCallbacks.obj
 0001:0001e020       ?project@PxPlane@physx@@QBE?AVPxVec3@2@ABV32@@Z 1001f020 f i CctCharacterControllerCallbacks.obj
 0001:0001e070       ?pushBack@?$Array@IVNamedAllocator@shdfnd@physx@@@shdfnd@physx@@QAEAAIABI@Z 1001f070 f i CctCharacterControllerCallbacks.obj
 0001:0001e120       ?pushBack@?$Array@VPxTriangle@physx@@VNamedAllocator@shdfnd@2@@shdfnd@physx@@QAEAAVPxTriangle@3@ABV43@@Z 1001f120 f i CctCharacterControllerCallbacks.obj
 0001:0001e1d0       ?recreate@?$Array@VPxTriangle@physx@@VNamedAllocator@shdfnd@2@@shdfnd@physx@@IAEXI@Z 1001f1d0 f i CctCharacterControllerCallbacks.obj
 0001:0001e2d0       ?reserve@?$Array@VPxTriangle@physx@@VNamedAllocator@shdfnd@2@@shdfnd@physx@@QAEXI@Z 1001f2d0 f i CctCharacterControllerCallbacks.obj
 0001:0001e300       ?resizeUninitialized@?$Array@VPxTriangle@physx@@VNamedAllocator@shdfnd@2@@shdfnd@physx@@QAEXI@Z 1001f300 f i CctCharacterControllerCallbacks.obj
 0001:0001e330       ?rotate@PxMat44@physx@@QBE?BVPxVec3@2@ABV32@@Z 1001f330 f i CctCharacterControllerCallbacks.obj
 0001:0001e390       ?rotate@PxMat44@physx@@QBE?BVPxVec4@2@ABV32@@Z 1001f390 f i CctCharacterControllerCallbacks.obj
 0001:0001e430       ?rotate@PxTransform@physx@@QBE?AVPxVec3@2@ABV32@@Z 1001f430 f i CctCharacterControllerCallbacks.obj
 0001:0001e4b0       ?toMat33@PxMeshScale@physx@@QBE?AVPxMat33@2@XZ 1001f4b0 f i CctCharacterControllerCallbacks.obj
 0001:0001e570       ?transform@PxMat33@physx@@QBE?AVPxVec3@2@ABV32@@Z 1001f570 f i CctCharacterControllerCallbacks.obj
 0001:0001e610       ?transform@PxTransform@physx@@QBE?AVPxPlane@2@ABV32@@Z 1001f610 f i CctCharacterControllerCallbacks.obj
 0001:0001e6d0       _PxCreateControllerManager 1001f6d0 f   CctCharacterControllerManager.obj
 0001:0001e740       ??0CharacterControllerManager@Cct@physx@@QAE@AAVPxScene@2@_N@Z 1001f740 f   CctCharacterControllerManager.obj
 0001:0001e8b0       ??1CharacterControllerManager@Cct@physx@@UAE@XZ 1001f8b0 f   CctCharacterControllerManager.obj
 0001:0001e960       ?release@CharacterControllerManager@Cct@physx@@UAEXXZ 1001f960 f   CctCharacterControllerManager.obj
 0001:0001ea00       ?getScene@CharacterControllerManager@Cct@physx@@UBEAAVPxScene@3@XZ 1001fa00 f   CctCharacterControllerManager.obj
 0001:0001ea20       ?getNbControllers@CharacterControllerManager@Cct@physx@@UBEIXZ 1001fa20 f   CctCharacterControllerManager.obj
 0001:0001ea40       ?getController@CharacterControllerManager@Cct@physx@@UAEPAVPxController@3@I@Z 1001fa40 f   CctCharacterControllerManager.obj
 0001:0001eaf0       ?createController@CharacterControllerManager@Cct@physx@@UAEPAVPxController@3@ABVPxControllerDesc@3@@Z 1001faf0 f   CctCharacterControllerManager.obj
 0001:0001ed50       ?purgeControllers@CharacterControllerManager@Cct@physx@@UAEXXZ 1001fd50 f   CctCharacterControllerManager.obj
 0001:0001eda0       ?getRenderBuffer@CharacterControllerManager@Cct@physx@@UAEAAVPxRenderBuffer@3@XZ 1001fda0 f   CctCharacterControllerManager.obj
 0001:0001ee10       ?setDebugRenderingFlags@CharacterControllerManager@Cct@physx@@UAEXV?$PxFlags@W4Enum@PxControllerDebugRenderFlag@physx@@I@3@@Z 1001fe10 f   CctCharacterControllerManager.obj
 0001:0001ee80       ?getNbObstacleContexts@CharacterControllerManager@Cct@physx@@UBEIXZ 1001fe80 f   CctCharacterControllerManager.obj
 0001:0001eea0       ?getObstacleContext@CharacterControllerManager@Cct@physx@@UAEPAVPxObstacleContext@3@I@Z 1001fea0 f   CctCharacterControllerManager.obj
 0001:0001ef40       ?createObstacleContext@CharacterControllerManager@Cct@physx@@UAEPAVPxObstacleContext@3@XZ 1001ff40 f   CctCharacterControllerManager.obj
 0001:0001efb0       ?computeInteractions@CharacterControllerManager@Cct@physx@@UAEXMPAVPxControllerFilterCallback@3@@Z 1001ffb0 f   CctCharacterControllerManager.obj
 0001:0001f200       ?setTessellation@CharacterControllerManager@Cct@physx@@UAEX_NM@Z 10020200 f   CctCharacterControllerManager.obj
 0001:0001f230       ?setOverlapRecoveryModule@CharacterControllerManager@Cct@physx@@UAEX_N@Z 10020230 f   CctCharacterControllerManager.obj
 0001:0001f250       ?setPreciseSweeps@CharacterControllerManager@Cct@physx@@UAEX_N@Z 10020250 f   CctCharacterControllerManager.obj
 0001:0001f270       ?setPreventVerticalSlidingAgainstCeiling@CharacterControllerManager@Cct@physx@@UAEX_N@Z 10020270 f   CctCharacterControllerManager.obj
 0001:0001f290       ?shiftOrigin@CharacterControllerManager@Cct@physx@@UAEXABVPxVec3@3@@Z 10020290 f   CctCharacterControllerManager.obj
 0001:0001f3d0       ?onObstacleRemoved@CharacterControllerManager@Cct@physx@@QBEXI@Z 100203d0 f   CctCharacterControllerManager.obj
 0001:0001f420       ?onObstacleUpdated@CharacterControllerManager@Cct@physx@@QBEXIPBVPxObstacleContext@3@@Z 10020420 f   CctCharacterControllerManager.obj
 0001:0001f4f0       ?onObstacleAdded@CharacterControllerManager@Cct@physx@@QBEXIPBVPxObstacleContext@3@@Z 100204f0 f   CctCharacterControllerManager.obj
 0001:0001f5c0       ?releaseController@CharacterControllerManager@Cct@physx@@QAEXAAVPxController@3@@Z 100205c0 f   CctCharacterControllerManager.obj
 0001:0001f780       ?getControllers@CharacterControllerManager@Cct@physx@@QAEPAPAVController@23@XZ 10020780 f   CctCharacterControllerManager.obj
 0001:0001f7a0       ?releaseObstacleContext@CharacterControllerManager@Cct@physx@@QAEXAAVObstacleContext@23@@Z 100207a0 f   CctCharacterControllerManager.obj
 0001:0001f850       ?resetObstaclesBuffers@CharacterControllerManager@Cct@physx@@QAEXXZ 10020850 f   CctCharacterControllerManager.obj
 0001:00021f00       ??$?2V?$ReflectionAllocator@VBoxController@Cct@physx@@@shdfnd@physx@@@UserAllocated@shdfnd@physx@@SAPAXIV?$ReflectionAllocator@VBoxController@Cct@physx@@@12@PBDH@Z 10022f00 f i CctCharacterControllerManager.obj
 0001:00021f20       ??$?2V?$ReflectionAllocator@VCapsuleController@Cct@physx@@@shdfnd@physx@@@UserAllocated@shdfnd@physx@@SAPAXIV?$ReflectionAllocator@VCapsuleController@Cct@physx@@@12@PBDH@Z 10022f20 f i CctCharacterControllerManager.obj
 0001:00021f40       ??$?2V?$ReflectionAllocator@VCharacterControllerManager@Cct@physx@@@shdfnd@physx@@@UserAllocated@shdfnd@physx@@SAPAXIV?$ReflectionAllocator@VCharacterControllerManager@Cct@physx@@@12@PBDH@Z 10022f40 f i CctCharacterControllerManager.obj
 0001:00021f60       ??$?2V?$ReflectionAllocator@VObstacleContext@Cct@physx@@@shdfnd@physx@@@UserAllocated@shdfnd@physx@@SAPAXIV?$ReflectionAllocator@VObstacleContext@Cct@physx@@@12@PBDH@Z 10022f60 f i CctCharacterControllerManager.obj
 0001:00021f80       ??$?2V?$ReflectionAllocator@VRenderBuffer@Cm@physx@@@shdfnd@physx@@@UserAllocated@shdfnd@physx@@SAPAXIV?$ReflectionAllocator@VRenderBuffer@Cm@physx@@@12@PBDH@Z 10022f80 f i CctCharacterControllerManager.obj
 0001:00021fa0       ??$append@UPxDebugLine@physx@@@RenderBuffer@Cm@physx@@AAEXAAV?$Array@UPxDebugLine@physx@@VNamedAllocator@shdfnd@2@@shdfnd@2@PBUPxDebugLine@2@I@Z 10022fa0 f i CctCharacterControllerManager.obj
 0001:00022010       ??$append@UPxDebugPoint@physx@@@RenderBuffer@Cm@physx@@AAEXAAV?$Array@UPxDebugPoint@physx@@VNamedAllocator@shdfnd@2@@shdfnd@2@PBUPxDebugPoint@2@I@Z 10023010 f i CctCharacterControllerManager.obj
 0001:00022080       ??$append@UPxDebugText@physx@@@RenderBuffer@Cm@physx@@AAEXAAV?$Array@UPxDebugText@physx@@VNamedAllocator@shdfnd@2@@shdfnd@2@PBUPxDebugText@2@I@Z 10023080 f i CctCharacterControllerManager.obj
 0001:000220f0       ??$append@UPxDebugTriangle@physx@@@RenderBuffer@Cm@physx@@AAEXAAV?$Array@UPxDebugTriangle@physx@@VNamedAllocator@shdfnd@2@@shdfnd@2@PBUPxDebugTriangle@2@I@Z 100230f0 f i CctCharacterControllerManager.obj
 0001:00022160       ??$resetOrClear@V?$Array@PBXVNamedAllocator@shdfnd@physx@@@shdfnd@physx@@@@YAXAAV?$Array@PBXVNamedAllocator@shdfnd@physx@@@shdfnd@physx@@@Z 10023160 f i CctCharacterControllerManager.obj
 0001:000221c0       ??$resetOrClear@V?$Array@UPxExtendedCapsule@physx@@VNamedAllocator@shdfnd@2@@shdfnd@physx@@@@YAXAAV?$Array@UPxExtendedCapsule@physx@@VNamedAllocator@shdfnd@2@@shdfnd@physx@@@Z 100231c0 f i CctCharacterControllerManager.obj
 0001:00022220       ??$resetOrClear@V?$Array@VPxExtendedBox@physx@@VNamedAllocator@shdfnd@2@@shdfnd@physx@@@@YAXAAV?$Array@VPxExtendedBox@physx@@VNamedAllocator@shdfnd@2@@shdfnd@physx@@@Z 10023220 f i CctCharacterControllerManager.obj
 0001:00022280       ??$swap@PAVController@Cct@physx@@@shdfnd@physx@@YAXAAPAVController@Cct@1@0@Z 10023280 f i CctCharacterControllerManager.obj
 0001:000222b0       ??0?$Array@DVNamedAllocator@shdfnd@physx@@@shdfnd@physx@@QAE@ABVNamedAllocator@12@@Z 100232b0 f i CctCharacterControllerManager.obj
 0001:00022300       ??0?$Array@PAVController@Cct@physx@@VNamedAllocator@shdfnd@3@@shdfnd@physx@@QAE@ABVNamedAllocator@12@@Z 10023300 f i CctCharacterControllerManager.obj
 0001:00022350       ??0?$Array@PAVObstacleContext@Cct@physx@@VNamedAllocator@shdfnd@3@@shdfnd@physx@@QAE@ABVNamedAllocator@12@@Z 10023350 f i CctCharacterControllerManager.obj
 0001:000223a0       ??0?$Array@PBXVNamedAllocator@shdfnd@physx@@@shdfnd@physx@@QAE@ABVNamedAllocator@12@@Z 100233a0 f i CctCharacterControllerManager.obj
 0001:000223f0       ??0?$Array@UPxDebugLine@physx@@VNamedAllocator@shdfnd@2@@shdfnd@physx@@QAE@ABVNamedAllocator@12@@Z 100233f0 f i CctCharacterControllerManager.obj
 0001:00022440       ??0?$Array@UPxDebugPoint@physx@@VNamedAllocator@shdfnd@2@@shdfnd@physx@@QAE@ABVNamedAllocator@12@@Z 10023440 f i CctCharacterControllerManager.obj
 0001:00022490       ??0?$Array@UPxDebugText@physx@@VNamedAllocator@shdfnd@2@@shdfnd@physx@@QAE@ABVNamedAllocator@12@@Z 10023490 f i CctCharacterControllerManager.obj
 0001:000224e0       ??0?$Array@UPxDebugTriangle@physx@@VNamedAllocator@shdfnd@2@@shdfnd@physx@@QAE@ABVNamedAllocator@12@@Z 100234e0 f i CctCharacterControllerManager.obj
 0001:00022530       ??0?$Array@UPxExtendedCapsule@physx@@VNamedAllocator@shdfnd@2@@shdfnd@physx@@QAE@ABVNamedAllocator@12@@Z 10023530 f i CctCharacterControllerManager.obj
 0001:00022580       ??0?$Array@VPxExtendedBox@physx@@VNamedAllocator@shdfnd@2@@shdfnd@physx@@QAE@ABVNamedAllocator@12@@Z 10023580 f i CctCharacterControllerManager.obj
 0001:000225d0       ??0?$HashBase@PAVPxShape@physx@@PAV12@U?$Hash@PAVPxShape@physx@@@shdfnd@2@UGetKey@?$HashSetBase@PAVPxShape@physx@@U?$Hash@PAVPxShape@physx@@@shdfnd@2@VAllocator@42@$0A@@internal@42@VAllocator@42@$0A@@internal@shdfnd@physx@@QAE@IM@Z 100235d0 f i CctCharacterControllerManager.obj
 0001:00022620       ??0?$HashSet@PAVPxShape@physx@@U?$Hash@PAVPxShape@physx@@@shdfnd@2@VAllocator@42@@shdfnd@physx@@QAE@IM@Z 10023620 f i CctCharacterControllerManager.obj
 0001:00022650       ??0?$HashSetBase@PAVPxShape@physx@@U?$Hash@PAVPxShape@physx@@@shdfnd@2@VAllocator@42@$0A@@internal@shdfnd@physx@@QAE@IM@Z 10023650 f i CctCharacterControllerManager.obj
 0001:00022680       ??0?$PxFlags@W4Enum@PxControllerDebugRenderFlag@physx@@I@physx@@QAE@I@Z 10023680 f i CctCharacterControllerManager.obj
 0001:000226a0       ??0?$ReflectionAllocator@VBoxController@Cct@physx@@@shdfnd@physx@@QAE@PBD@Z 100236a0 f i CctCharacterControllerManager.obj
 0001:000226c0       ??0?$ReflectionAllocator@VCapsuleController@Cct@physx@@@shdfnd@physx@@QAE@PBD@Z 100236c0 f i CctCharacterControllerManager.obj
 0001:000226e0       ??0?$ReflectionAllocator@VCharacterControllerManager@Cct@physx@@@shdfnd@physx@@QAE@PBD@Z 100236e0 f i CctCharacterControllerManager.obj
 0001:00022700       ??0?$ReflectionAllocator@VObstacleContext@Cct@physx@@@shdfnd@physx@@QAE@PBD@Z 10023700 f i CctCharacterControllerManager.obj
 0001:00022720       ??0?$ReflectionAllocator@VRenderBuffer@Cm@physx@@@shdfnd@physx@@QAE@PBD@Z 10023720 f i CctCharacterControllerManager.obj
 0001:00022740       ??0Axes@Gu@physx@@QAE@W4AxisOrder@12@@Z 10023740 f i CctCharacterControllerManager.obj
 0001:00022790       ??0PxDebugLine@physx@@QAE@ABU01@@Z 10023790 f i CctCharacterControllerManager.obj
 0001:000227f0       ??0PxDebugPoint@physx@@QAE@ABU01@@Z 100237f0 f i CctCharacterControllerManager.obj
 0001:00022830       ??0PxDebugText@physx@@QAE@ABU01@@Z 10023830 f i CctCharacterControllerManager.obj
 0001:00022880       ??0PxDebugTriangle@physx@@QAE@ABU01@@Z 10023880 f i CctCharacterControllerManager.obj
 0001:00022900       ??0PxRenderBuffer@physx@@QAE@XZ 10023900 f i CctCharacterControllerManager.obj
 0001:00022920       ??0RenderBuffer@Cm@physx@@QAE@XZ 10023920 f i CctCharacterControllerManager.obj
 0001:00022a40       ??1?$Array@DVNamedAllocator@shdfnd@physx@@@shdfnd@physx@@QAE@XZ 10023a40 f i CctCharacterControllerManager.obj
 0001:00022ab0       ??1?$Array@PAVController@Cct@physx@@VNamedAllocator@shdfnd@3@@shdfnd@physx@@QAE@XZ 10023ab0 f i CctCharacterControllerManager.obj
 0001:00022b20       ??1?$Array@PAVObstacleContext@Cct@physx@@VNamedAllocator@shdfnd@3@@shdfnd@physx@@QAE@XZ 10023b20 f i CctCharacterControllerManager.obj
 0001:00022b90       ??1?$Array@PBXVNamedAllocator@shdfnd@physx@@@shdfnd@physx@@QAE@XZ 10023b90 f i CctCharacterControllerManager.obj
 0001:00022c00       ??1?$Array@UPxDebugLine@physx@@VNamedAllocator@shdfnd@2@@shdfnd@physx@@QAE@XZ 10023c00 f i CctCharacterControllerManager.obj
 0001:00022c70       ??1?$Array@UPxDebugPoint@physx@@VNamedAllocator@shdfnd@2@@shdfnd@physx@@QAE@XZ 10023c70 f i CctCharacterControllerManager.obj
 0001:00022ce0       ??1?$Array@UPxDebugText@physx@@VNamedAllocator@shdfnd@2@@shdfnd@physx@@QAE@XZ 10023ce0 f i CctCharacterControllerManager.obj
 0001:00022d50       ??1?$Array@UPxDebugTriangle@physx@@VNamedAllocator@shdfnd@2@@shdfnd@physx@@QAE@XZ 10023d50 f i CctCharacterControllerManager.obj
 0001:00022dc0       ??1?$Array@UPxExtendedCapsule@physx@@VNamedAllocator@shdfnd@2@@shdfnd@physx@@QAE@XZ 10023dc0 f i CctCharacterControllerManager.obj
 0001:00022e30       ??1?$Array@VPxExtendedBox@physx@@VNamedAllocator@shdfnd@2@@shdfnd@physx@@QAE@XZ 10023e30 f i CctCharacterControllerManager.obj
 0001:00022ea0       ??1?$HashBase@PAVPxShape@physx@@PAV12@U?$Hash@PAVPxShape@physx@@@shdfnd@2@UGetKey@?$HashSetBase@PAVPxShape@physx@@U?$Hash@PAVPxShape@physx@@@shdfnd@2@VAllocator@42@$0A@@internal@42@VAllocator@42@$0A@@internal@shdfnd@physx@@QAE@XZ 10023ea0 f i CctCharacterControllerManager.obj
 0001:00022ee0       ??1?$HashSet@PAVPxShape@physx@@U?$Hash@PAVPxShape@physx@@@shdfnd@2@VAllocator@42@@shdfnd@physx@@QAE@XZ 10023ee0 f i CctCharacterControllerManager.obj
 0001:00022f00       ??1?$HashSetBase@PAVPxShape@physx@@U?$Hash@PAVPxShape@physx@@@shdfnd@2@VAllocator@42@$0A@@internal@shdfnd@physx@@QAE@XZ 10023f00 f i CctCharacterControllerManager.obj
 0001:00022f20       ??1Axes@Gu@physx@@QAE@XZ   10023f20 f i CctCharacterControllerManager.obj
 0001:00022f30       ??1PxRenderBuffer@physx@@UAE@XZ 10023f30 f i CctCharacterControllerManager.obj
 0001:00022f50       ??1RenderBuffer@Cm@physx@@UAE@XZ 10023f50 f i CctCharacterControllerManager.obj
 0001:00022fb0       ??4?$PxFlags@W4Enum@PxControllerDebugRenderFlag@physx@@I@physx@@QAEAAV01@ABV01@@Z 10023fb0 f i CctCharacterControllerManager.obj
 0001:00022fd0       ??4PxBounds3@physx@@QAEAAV01@$$QAV01@@Z 10023fd0 f i CctCharacterControllerManager.obj
 0001:00023010       ??A?$Array@PAVController@Cct@physx@@VNamedAllocator@shdfnd@3@@shdfnd@physx@@QAEAAPAVController@Cct@2@I@Z 10024010 f i CctCharacterControllerManager.obj
 0001:00023080       ??A?$Array@PAVController@Cct@physx@@VNamedAllocator@shdfnd@3@@shdfnd@physx@@QBEABQAVController@Cct@2@I@Z 10024080 f i CctCharacterControllerManager.obj
 0001:000230f0       ??A?$Array@PAVObstacleContext@Cct@physx@@VNamedAllocator@shdfnd@3@@shdfnd@physx@@QAEAAPAVObstacleContext@Cct@2@I@Z 100240f0 f i CctCharacterControllerManager.obj
 0001:00023160       ??A?$Array@UPxDebugLine@physx@@VNamedAllocator@shdfnd@2@@shdfnd@physx@@QAEAAUPxDebugLine@2@I@Z 10024160 f i CctCharacterControllerManager.obj
 0001:000231d0       ??A?$Array@UPxDebugPoint@physx@@VNamedAllocator@shdfnd@2@@shdfnd@physx@@QAEAAUPxDebugPoint@2@I@Z 100241d0 f i CctCharacterControllerManager.obj
 0001:00023240       ??A?$Array@UPxDebugText@physx@@VNamedAllocator@shdfnd@2@@shdfnd@physx@@QAEAAUPxDebugText@2@I@Z 10024240 f i CctCharacterControllerManager.obj
 0001:000232b0       ??A?$Array@UPxDebugTriangle@physx@@VNamedAllocator@shdfnd@2@@shdfnd@physx@@QAEAAUPxDebugTriangle@2@I@Z 100242b0 f i CctCharacterControllerManager.obj
 0001:00023320       ??APxMat33@physx@@QBEABVPxVec3@1@H@Z 10024320 f i CctCharacterControllerManager.obj
 0001:00023340       ??APxMat33@physx@@QBEABVPxVec3@1@I@Z 10024340 f i CctCharacterControllerManager.obj
 0001:00023360       ??APxVec3@physx@@QBEABMI@Z 10024360 f i CctCharacterControllerManager.obj
 0001:000233d0       ??B?$PxFlags@W4Enum@PxControllerDebugRenderFlag@physx@@I@physx@@QBE_NXZ 100243d0 f i CctCharacterControllerManager.obj
 0001:00023400       ??_ECharacterControllerManager@Cct@physx@@UAEPAXI@Z 10024400 f i CctCharacterControllerManager.obj
 0001:00023400       ??_GCharacterControllerManager@Cct@physx@@UAEPAXI@Z 10024400 f i CctCharacterControllerManager.obj
 0001:00023460       ??_GPxRenderBuffer@physx@@UAEPAXI@Z 10024460 f i CctCharacterControllerManager.obj
 0001:00023460       ??_EPxRenderBuffer@physx@@UAEPAXI@Z 10024460 f i CctCharacterControllerManager.obj
 0001:000234a0       ??_GRenderBuffer@Cm@physx@@UAEPAXI@Z 100244a0 f i CctCharacterControllerManager.obj
 0001:000234a0       ??_ERenderBuffer@Cm@physx@@UAEPAXI@Z 100244a0 f i CctCharacterControllerManager.obj
 0001:00023500       ?PxMemCopy@physx@@YAPAXPIAXPIBXI@Z 10024500 f i CctCharacterControllerManager.obj
 0001:00023520       ?PxMemSet@physx@@YAPAXPIAXHI@Z 10024520 f i CctCharacterControllerManager.obj
 0001:00023540       ?allocate@?$Array@PAVController@Cct@physx@@VNamedAllocator@shdfnd@3@@shdfnd@physx@@IAEPAPAVController@Cct@3@I@Z 10024540 f i CctCharacterControllerManager.obj
 0001:000235c0       ?allocate@?$Array@PAVObstacleContext@Cct@physx@@VNamedAllocator@shdfnd@3@@shdfnd@physx@@IAEPAPAVObstacleContext@Cct@3@I@Z 100245c0 f i CctCharacterControllerManager.obj
 0001:00023640       ?allocate@?$Array@UPxDebugLine@physx@@VNamedAllocator@shdfnd@2@@shdfnd@physx@@IAEPAUPxDebugLine@3@I@Z 10024640 f i CctCharacterControllerManager.obj
 0001:000236c0       ?allocate@?$Array@UPxDebugPoint@physx@@VNamedAllocator@shdfnd@2@@shdfnd@physx@@IAEPAUPxDebugPoint@3@I@Z 100246c0 f i CctCharacterControllerManager.obj
 0001:00023740       ?allocate@?$Array@UPxDebugText@physx@@VNamedAllocator@shdfnd@2@@shdfnd@physx@@IAEPAUPxDebugText@3@I@Z 10024740 f i CctCharacterControllerManager.obj
 0001:000237c0       ?allocate@?$Array@UPxDebugTriangle@physx@@VNamedAllocator@shdfnd@2@@shdfnd@physx@@IAEPAUPxDebugTriangle@3@I@Z 100247c0 f i CctCharacterControllerManager.obj
 0001:00023840       ?allocate@?$ReflectionAllocator@VBoxController@Cct@physx@@@shdfnd@physx@@QAEPAXIPBDH@Z 10024840 f i CctCharacterControllerManager.obj
 0001:000238a0       ?allocate@?$ReflectionAllocator@VCapsuleController@Cct@physx@@@shdfnd@physx@@QAEPAXIPBDH@Z 100248a0 f i CctCharacterControllerManager.obj
 0001:00023900       ?allocate@?$ReflectionAllocator@VCharacterControllerManager@Cct@physx@@@shdfnd@physx@@QAEPAXIPBDH@Z 10024900 f i CctCharacterControllerManager.obj
 0001:00023960       ?allocate@?$ReflectionAllocator@VObstacleContext@Cct@physx@@@shdfnd@physx@@QAEPAXIPBDH@Z 10024960 f i CctCharacterControllerManager.obj
 0001:000239c0       ?allocate@?$ReflectionAllocator@VRenderBuffer@Cm@physx@@@shdfnd@physx@@QAEPAXIPBDH@Z 100249c0 f i CctCharacterControllerManager.obj
 0001:00023a20       ?append@RenderBuffer@Cm@physx@@UAEXABVPxRenderBuffer@3@@Z 10024a20 f i CctCharacterControllerManager.obj
 0001:00023b10       ?begin@?$Array@PAVController@Cct@physx@@VNamedAllocator@shdfnd@3@@shdfnd@physx@@QAEPAPAVController@Cct@3@XZ 10024b10 f i CctCharacterControllerManager.obj
 0001:00023b30       ?begin@?$Array@UPxDebugLine@physx@@VNamedAllocator@shdfnd@2@@shdfnd@physx@@QBEPBUPxDebugLine@3@XZ 10024b30 f i CctCharacterControllerManager.obj
 0001:00023b50       ?begin@?$Array@UPxDebugPoint@physx@@VNamedAllocator@shdfnd@2@@shdfnd@physx@@QBEPBUPxDebugPoint@3@XZ 10024b50 f i CctCharacterControllerManager.obj
 0001:00023b70       ?begin@?$Array@UPxDebugText@physx@@VNamedAllocator@shdfnd@2@@shdfnd@physx@@QBEPBUPxDebugText@3@XZ 10024b70 f i CctCharacterControllerManager.obj
 0001:00023b90       ?begin@?$Array@UPxDebugTriangle@physx@@VNamedAllocator@shdfnd@2@@shdfnd@physx@@QBEPBUPxDebugTriangle@3@XZ 10024b90 f i CctCharacterControllerManager.obj
 0001:00023bb0       ?capacity@?$Array@DVNamedAllocator@shdfnd@physx@@@shdfnd@physx@@QBEIXZ 10024bb0 f i CctCharacterControllerManager.obj
[...]
 0003:00001088       ?_OptionsStorage@?1??__local_stdio_scanf_options@@9@4_KA 100eb088     LIBCMTD:default_local_stdio_options.obj
 0003:00001094       ___scrt_debugger_hook_flag 100eb094     LIBCMTD:utility_desktop.obj
 0003:00001098       ___isa_available           100eb098     LIBCMTD:_cpu_disp_.obj
 0003:0000109c       ___favor                   100eb09c     LIBCMTD:_cpu_disp_.obj
 0003:0000146c       ___pPurecall               100eb46c     libvcruntimed:purevirt_data.obj
 0003:00001470       ?pArgList@UnDecorator@@0PAVReplicator@@A 100eb470     libvcruntimed:undname.obj
 0003:00001474       ?pZNameList@UnDecorator@@0PAVReplicator@@A 100eb474     libvcruntimed:undname.obj
 0003:00001478       ?pTemplateArgList@UnDecorator@@0PAVReplicator@@A 100eb478     libvcruntimed:undname.obj
 0003:0000147c       ?gName@UnDecorator@@0PBDB  100eb47c     libvcruntimed:undname.obj
 0003:00001480       ?name@UnDecorator@@0PBDB   100eb480     libvcruntimed:undname.obj
 0003:00001484       ?outputString@UnDecorator@@0PADA 100eb484     libvcruntimed:undname.obj
 0003:00001488       ?maxStringLength@UnDecorator@@0HA 100eb488     libvcruntimed:undname.obj
 0003:0000148c       ?disableFlags@UnDecorator@@0KA 100eb48c     libvcruntimed:undname.obj
 0003:00001490       ?fExplicitTemplateParams@UnDecorator@@0_NA 100eb490     libvcruntimed:undname.obj
 0003:00001491       ?fGetTemplateArgumentList@UnDecorator@@0_NA 100eb491     libvcruntimed:undname.obj
 0003:00001494       ?m_pGetParameter@UnDecorator@@0P6APADJ@ZA 100eb494     libvcruntimed:undname.obj
 0003:00001518       ?nodes@?1??make@DNameStatusNode@@SAPAV2@W4DNameStatus@@@Z@4PAV2@A 100eb518     libvcruntimed:undname.obj
 0003:00001554       ??_B?1??make@DNameStatusNode@@SAPAV1@W4DNameStatus@@@Z@51 100eb554     libvcruntimed:undname.obj
 0003:00001608       __pfnDumpClient            100eb608     libucrtd:debug_heap.obj
 0003:000019d4       __environ_table            100eb9d4     libucrtd:environment_initialization.obj
 0003:000019d8       __wenviron_table           100eb9d8     libucrtd:environment_initialization.obj
 0003:000019e0       ___dcrt_initial_wide_environment 100eb9e0     libucrtd:environment_initialization.obj
 0003:000019e4       ___dcrt_initial_narrow_environment 100eb9e4     libucrtd:environment_initialization.obj
 0003:000019e8       ___acrt_atexit_table       100eb9e8     libucrtd:onexit.obj
 0003:000019f8       ___acrt_at_quick_exit_table 100eb9f8     libucrtd:onexit.obj
 0003:00001a08       ___fastflag                100eba08     libucrtd:fp_flags.obj
 0003:00001a10       __pReportHookListW         100eba10     libucrtd:dbgrptt.obj
 0003:00001a14       __pfnReportHook            100eba14     libucrtd:dbgrptt.obj
 0003:00001a18       __pReportHookList          100eba18     libucrtd:dbgrptt.obj
 0003:00001bbc       ___acrt_locale_changed_data 100ebbbc     libucrtd:wsetlocale.obj
 0003:00001bc0       ___acrt_current_locale_data 100ebbc0     libucrtd:nlsdata.obj
 0003:00001bc4       ___acrt_heap               100ebbc4     libucrtd:heap_handle.obj
 0003:00001ccc       ___mbcodepage              100ebccc     libucrtd:mbctype.obj
 0003:00001cd0       ___ismbcodepage            100ebcd0     libucrtd:mbctype.obj
 0003:00001cd4       ___mbulinfo                100ebcd4     libucrtd:mbctype.obj
 0003:00001ce8       ___mblocalename            100ebce8     libucrtd:mbctype.obj
 0003:00001cf0       ___argc                    100ebcf0     libucrtd:argv_data.obj
 0003:00001cf4       ___argv                    100ebcf4     libucrtd:argv_data.obj
 0003:00001cf8       ___wargv                   100ebcf8     libucrtd:argv_data.obj
 0003:00001cfc       __acmdln                   100ebcfc     libucrtd:argv_data.obj
 0003:00001d00       __wcmdln                   100ebd00     libucrtd:argv_data.obj
 0003:00001d04       __pgmptr                   100ebd04     libucrtd:argv_data.obj
 0003:00001d08       __wpgmptr                  100ebd08     libucrtd:argv_data.obj
 0003:00001d10       ___pioinfo                 100ebd10     libucrtd:ioinit.obj
 0003:00001f78       __nhandle                  100ebf78     libucrtd:ioinit.obj
 0003:00001f7c       ___acrt_stdout_buffer      100ebf7c     libucrtd:_sftbuf.obj
 0003:00001f80       ___acrt_stderr_buffer      100ebf80     libucrtd:_sftbuf.obj
 0003:00001f84       __nstream                  100ebf84     libucrtd:_file.obj
 0003:00001f88       ___piob                    100ebf88     libucrtd:_file.obj
 0003:00001f90       __cflush                   100ebf90     libucrtd:_file.obj
 0003:00002703       ___acrt_lconv_static_null  100ec703     libucrtd:localeconv.obj
 0003:00002704       ___acrt_lconv_static_W_null 100ec704     libucrtd:localeconv.obj
 0003:00002710       ?g_OutOfMemoryExceptionCallback@@3P6GPAXXZA 100ec710     libvcruntimed:frame.obj
 0003:00002714       ___scrt_ucrt_dll_is_in_use 100ec714     <common>
 0003:00002720       ___dyn_tls_init_callback   100ec720     <common>
 0003:0000272c       __pmatherr                 100ec72c     <common>
 0003:00002738       ___use_sse2_mathfcns       100ec738     <common>
 0004:00000000       __imp__GetModuleFileNameW@12 100ed000     kernel32:KERNEL32.dll
 0004:00000004       __imp__CreateFileW@28      100ed004     kernel32:KERNEL32.dll
 0004:00000008       __imp__DecodePointer@4     100ed008     kernel32:KERNEL32.dll
 0004:0000000c       __imp__EncodePointer@4     100ed00c     kernel32:KERNEL32.dll
 0004:00000010       __imp__SetFilePointerEx@20 100ed010     kernel32:KERNEL32.dll
 0004:00000014       __imp__GetConsoleMode@8    100ed014     kernel32:KERNEL32.dll
 0004:00000018       __imp__GetConsoleCP@0      100ed018     kernel32:KERNEL32.dll
 0004:0000001c       __imp__FlushFileBuffers@4  100ed01c     kernel32:KERNEL32.dll
 0004:00000020       __imp__SetStdHandle@8      100ed020     kernel32:KERNEL32.dll
 0004:00000024       __imp__GetStringTypeW@16   100ed024     kernel32:KERNEL32.dll
 0004:00000028       __imp__SetEnvironmentVariableW@8 100ed028     kernel32:KERNEL32.dll
 0004:0000002c       __imp__SetEnvironmentVariableA@8 100ed02c     kernel32:KERNEL32.dll
 0004:00000030       __imp__FreeEnvironmentStringsW@4 100ed030     kernel32:KERNEL32.dll
 0004:00000034       __imp__GetEnvironmentStringsW@0 100ed034     kernel32:KERNEL32.dll
 0004:00000038       __imp__GetCommandLineW@0   100ed038     kernel32:KERNEL32.dll
 0004:0000003c       __imp__GetCommandLineA@0   100ed03c     kernel32:KERNEL32.dll
 0004:00000040       __imp__GetCPInfo@8         100ed040     kernel32:KERNEL32.dll
 0004:00000044       __imp__GetOEMCP@0          100ed044     kernel32:KERNEL32.dll
 0004:00000048       __imp__IsValidCodePage@4   100ed048     kernel32:KERNEL32.dll
 0004:0000004c       __imp__FindNextFileW@8     100ed04c     kernel32:KERNEL32.dll
 0004:00000050       __imp__FindNextFileA@8     100ed050     kernel32:KERNEL32.dll
 0004:00000054       __imp__FindFirstFileExW@24 100ed054     kernel32:KERNEL32.dll
 0004:00000058       __imp__FindFirstFileExA@24 100ed058     kernel32:KERNEL32.dll
 0004:0000005c       __imp__FindClose@4         100ed05c     kernel32:KERNEL32.dll
 0004:00000060       __imp__EnumSystemLocalesW@8 100ed060     kernel32:KERNEL32.dll
 0004:00000064       __imp__GetUserDefaultLCID@0 100ed064     kernel32:KERNEL32.dll
 0004:00000068       __imp__IsValidLocale@8     100ed068     kernel32:KERNEL32.dll
 0004:0000006c       __imp__GetLocaleInfoW@16   100ed06c     kernel32:KERNEL32.dll
 0004:00000070       __imp__LCMapStringW@24     100ed070     kernel32:KERNEL32.dll
 0004:00000074       __imp__CompareStringW@24   100ed074     kernel32:KERNEL32.dll
 0004:00000078       __imp__GetTimeFormatW@24   100ed078     kernel32:KERNEL32.dll
 0004:0000007c       __imp__GetDateFormatW@24   100ed07c     kernel32:KERNEL32.dll
 0004:00000080       __imp__GetACP@0            100ed080     kernel32:KERNEL32.dll
 0004:00000084       __imp__HeapQueryInformation@20 100ed084     kernel32:KERNEL32.dll
 0004:00000088       __imp__HeapSize@12         100ed088     kernel32:KERNEL32.dll
 0004:0000008c       __imp__GetCurrentThread@0  100ed08c     kernel32:KERNEL32.dll
 0004:00000090       __imp__HeapReAlloc@16      100ed090     kernel32:KERNEL32.dll
 0004:00000094       __imp__SetConsoleCtrlHandler@8 100ed094     kernel32:KERNEL32.dll
 0004:00000098       __imp__CreateThread@24     100ed098     kernel32:KERNEL32.dll
 0004:0000009c       __imp__WaitForSingleObjectEx@12 100ed09c     kernel32:KERNEL32.dll
 0004:000000a0       __imp__CloseHandle@4       100ed0a0     kernel32:KERNEL32.dll
 0004:000000a4       __imp__WriteConsoleW@20    100ed0a4     kernel32:KERNEL32.dll
 0004:000000a8       __imp__InitializeSListHead@4 100ed0a8     kernel32:KERNEL32.dll
 0004:000000ac       __imp__QueryPerformanceCounter@4 100ed0ac     kernel32:KERNEL32.dll
 0004:000000b0       __imp__GetCurrentProcessId@0 100ed0b0     kernel32:KERNEL32.dll
 0004:000000b4       __imp__GetCurrentThreadId@0 100ed0b4     kernel32:KERNEL32.dll
 0004:000000b8       __imp__GetSystemTimeAsFileTime@4 100ed0b8     kernel32:KERNEL32.dll
 0004:000000bc       __imp__IsDebuggerPresent@0 100ed0bc     kernel32:KERNEL32.dll
 0004:000000c0       __imp__UnhandledExceptionFilter@4 100ed0c0     kernel32:KERNEL32.dll
 0004:000000c4       __imp__SetUnhandledExceptionFilter@4 100ed0c4     kernel32:KERNEL32.dll
 0004:000000c8       __imp__GetStartupInfoW@4   100ed0c8     kernel32:KERNEL32.dll
 0004:000000cc       __imp__IsProcessorFeaturePresent@4 100ed0cc     kernel32:KERNEL32.dll
 0004:000000d0       __imp__GetModuleHandleW@4  100ed0d0     kernel32:KERNEL32.dll
 0004:000000d4       __imp__RaiseException@16   100ed0d4     kernel32:KERNEL32.dll
 0004:000000d8       __imp__MultiByteToWideChar@24 100ed0d8     kernel32:KERNEL32.dll
 0004:000000dc       __imp__WideCharToMultiByte@32 100ed0dc     kernel32:KERNEL32.dll
 0004:000000e0       __imp__GetLastError@0      100ed0e0     kernel32:KERNEL32.dll
 0004:000000e4       __imp__HeapAlloc@12        100ed0e4     kernel32:KERNEL32.dll
 0004:000000e8       __imp__HeapFree@12         100ed0e8     kernel32:KERNEL32.dll
 0004:000000ec       __imp__GetProcessHeap@0    100ed0ec     kernel32:KERNEL32.dll
 0004:000000f0       __imp__VirtualQuery@12     100ed0f0     kernel32:KERNEL32.dll
 0004:000000f4       __imp__FreeLibrary@4       100ed0f4     kernel32:KERNEL32.dll
 0004:000000f8       __imp__GetProcAddress@8    100ed0f8     kernel32:KERNEL32.dll
 0004:000000fc       __imp__GetCurrentProcess@0 100ed0fc     kernel32:KERNEL32.dll
 0004:00000100       __imp__TerminateProcess@8  100ed100     kernel32:KERNEL32.dll
 0004:00000104       __imp__InterlockedPushEntrySList@8 100ed104     kernel32:KERNEL32.dll
 0004:00000108       __imp__InterlockedFlushSList@4 100ed108     kernel32:KERNEL32.dll
 0004:0000010c       __imp__OutputDebugStringW@4 100ed10c     kernel32:KERNEL32.dll
 0004:00000110       __imp__LoadLibraryExW@12   100ed110     kernel32:KERNEL32.dll
 0004:00000114       __imp__RtlUnwind@16        100ed114     kernel32:KERNEL32.dll
 0004:00000118       __imp__SetLastError@4      100ed118     kernel32:KERNEL32.dll
 0004:0000011c       __imp__EnterCriticalSection@4 100ed11c     kernel32:KERNEL32.dll
 0004:00000120       __imp__LeaveCriticalSection@4 100ed120     kernel32:KERNEL32.dll
 0004:00000124       __imp__DeleteCriticalSection@4 100ed124     kernel32:KERNEL32.dll
 0004:00000128       __imp__InitializeCriticalSectionAndSpinCount@8 100ed128     kernel32:KERNEL32.dll
 0004:0000012c       __imp__TlsAlloc@0          100ed12c     kernel32:KERNEL32.dll
 0004:00000130       __imp__TlsGetValue@4       100ed130     kernel32:KERNEL32.dll
 0004:00000134       __imp__TlsSetValue@8       100ed134     kernel32:KERNEL32.dll
 0004:00000138       __imp__TlsFree@4           100ed138     kernel32:KERNEL32.dll
 0004:0000013c       __imp__GetModuleFileNameA@12 100ed13c     kernel32:KERNEL32.dll
 0004:00000140       __imp__GetModuleHandleExW@12 100ed140     kernel32:KERNEL32.dll
 0004:00000144       __imp__HeapValidate@12     100ed144     kernel32:KERNEL32.dll
 0004:00000148       __imp__GetSystemInfo@4     100ed148     kernel32:KERNEL32.dll
 0004:0000014c       __imp__ExitProcess@4       100ed14c     kernel32:KERNEL32.dll
 0004:00000150       __imp__GetStdHandle@4      100ed150     kernel32:KERNEL32.dll
 0004:00000154       __imp__GetFileType@4       100ed154     kernel32:KERNEL32.dll
 0004:00000158       __imp__WriteFile@20        100ed158     kernel32:KERNEL32.dll
 0004:0000015c       __imp__OutputDebugStringA@4 100ed15c     kernel32:KERNEL32.dll
 0004:00000160       \177KERNEL32_NULL_THUNK_DATA 100ed160     kernel32:KERNEL32.dll
 0004:000001d0       __imp_?GetRaycastFuncTable@Gu@physx@@YAAAY06P6AIABVPxGeometry@2@ABVPxTransform@2@ABVPxVec3@2@2MV?$PxFlags@W4Enum@PxHitFlag@physx@@G@2@IPIAUPxRaycastHit@2@_NP6A_NAAU72@PAX@Z7@ZXZ 100ed1d0     PhysX3CommonDEBUG_x86:PhysX3CommonDEBUG_x86.dll
 0004:000001d4       __imp_?getSize@MutexImpl@shdfnd@physx@@SAABIXZ 100ed1d4     PhysX3CommonDEBUG_x86:PhysX3CommonDEBUG_x86.dll
 0004:000001d8       __imp_??1MutexImpl@shdfnd@physx@@QAE@XZ 100ed1d8     PhysX3CommonDEBUG_x86:PhysX3CommonDEBUG_x86.dll
 0004:000001dc       __imp_??0MutexImpl@shdfnd@physx@@QAE@XZ 100ed1dc     PhysX3CommonDEBUG_x86:PhysX3CommonDEBUG_x86.dll
 0004:000001e0       __imp_?distanceSegmentSegmentSquaredOLD@Gu@physx@@YAMABVPxVec3@2@000PAM1@Z 100ed1e0     PhysX3CommonDEBUG_x86:PhysX3CommonDEBUG_x86.dll
 0004:000001e4       __imp_?CompleteBoxPruning@Gu@physx@@YA_NPBVPxBounds3@2@IAAV?$Array@IVNamedAllocator@shdfnd@physx@@@shdfnd@2@ABVAxes@12@@Z 100ed1e4     PhysX3CommonDEBUG_x86:PhysX3CommonDEBUG_x86.dll
 0004:000001e8       __imp_?error@Foundation@shdfnd@physx@@QAAXW4Enum@PxErrorCode@3@PBDH1ZZ 100ed1e8     PhysX3CommonDEBUG_x86:PhysX3CommonDEBUG_x86.dll
 0004:000001ec       __imp_?decRefCount@Foundation@shdfnd@physx@@SAXXZ 100ed1ec     PhysX3CommonDEBUG_x86:PhysX3CommonDEBUG_x86.dll
 0004:000001f0       __imp_?incRefCount@Foundation@shdfnd@physx@@SAXXZ 100ed1f0     PhysX3CommonDEBUG_x86:PhysX3CommonDEBUG_x86.dll
 0004:000001f4       __imp_?getInstance@Foundation@shdfnd@physx@@SAAAV123@XZ 100ed1f4     PhysX3CommonDEBUG_x86:PhysX3CommonDEBUG_x86.dll
 0004:000001f8       __imp_?allocate@Allocator@shdfnd@physx@@QAEPAXIPBDH@Z 100ed1f8     PhysX3CommonDEBUG_x86:PhysX3CommonDEBUG_x86.dll
 0004:000001fc       __imp_?getAllocator@shdfnd@physx@@YAAAVPxAllocatorCallback@2@XZ 100ed1fc     PhysX3CommonDEBUG_x86:PhysX3CommonDEBUG_x86.dll
 0004:00000200       __imp_?intersectTriangleBox@Gu@physx@@YAHABVPxVec3@2@0000@Z 100ed200     PhysX3CommonDEBUG_x86:PhysX3CommonDEBUG_x86.dll
 0004:00000204       __imp_??6RenderOutput@Cm@physx@@QAEAAV012@VPxVec3@2@@Z 100ed204     PhysX3CommonDEBUG_x86:PhysX3CommonDEBUG_x86.dll
 0004:00000208       __imp_??6RenderOutput@Cm@physx@@QAEAAV012@W4Primitive@012@@Z 100ed208     PhysX3CommonDEBUG_x86:PhysX3CommonDEBUG_x86.dll
 0004:0000020c       __imp_?getTriangle@PxMeshQuery@physx@@SAXABVPxHeightFieldGeometry@2@ABVPxTransform@2@IAAVPxTriangle@2@PAI3@Z 100ed20c     PhysX3CommonDEBUG_x86:PhysX3CommonDEBUG_x86.dll
 0004:00000210       __imp_?getTriangle@PxMeshQuery@physx@@SAXABVPxTriangleMeshGeometry@2@ABVPxTransform@2@IAAVPxTriangle@2@PAI3@Z 100ed210     PhysX3CommonDEBUG_x86:PhysX3CommonDEBUG_x86.dll
 0004:00000214       __imp_?sweep@PxMeshQuery@physx@@SA_NABVPxVec3@2@MABVPxGeometry@2@ABVPxTransform@2@IPBVPxTriangle@2@AAUPxSweepHit@2@V?$PxFlags@W4Enum@PxHitFlag@physx@@G@2@PBIM_N@Z 100ed214     PhysX3CommonDEBUG_x86:PhysX3CommonDEBUG_x86.dll
 0004:00000218       __imp_?distanceSegmentBoxSquared@Gu@physx@@YAMABVPxVec3@2@000ABVPxMat33@2@PAMPAV32@@Z 100ed218     PhysX3CommonDEBUG_x86:PhysX3CommonDEBUG_x86.dll
 0004:0000021c       __imp_?intersectOBBOBB@Gu@physx@@YA_NABVPxVec3@2@0ABVPxMat33@2@001_N@Z 100ed21c     PhysX3CommonDEBUG_x86:PhysX3CommonDEBUG_x86.dll
 0004:00000220       __imp_??1Box@Gu@physx@@QAE@XZ 100ed220     PhysX3CommonDEBUG_x86:PhysX3CommonDEBUG_x86.dll
 0004:00000224       __imp_??0Box@Gu@physx@@QAE@ABVPxVec3@2@0ABVPxMat33@2@@Z 100ed224     PhysX3CommonDEBUG_x86:PhysX3CommonDEBUG_x86.dll
 0004:00000228       __imp_??6Cm@physx@@YAAAVRenderOutput@01@AAV201@ABUDebugBox@01@@Z 100ed228     PhysX3CommonDEBUG_x86:PhysX3CommonDEBUG_x86.dll
 0004:0000022c       __imp_?outputCapsule@RenderOutput@Cm@physx@@QAEAAV123@MMABVMatrix34@23@@Z 100ed22c     PhysX3CommonDEBUG_x86:PhysX3CommonDEBUG_x86.dll
 0004:00000230       __imp_??6RenderOutput@Cm@physx@@QAEAAV012@ABVPxTransform@2@@Z 100ed230     PhysX3CommonDEBUG_x86:PhysX3CommonDEBUG_x86.dll
 0004:00000234       __imp_??6RenderOutput@Cm@physx@@QAEAAV012@I@Z 100ed234     PhysX3CommonDEBUG_x86:PhysX3CommonDEBUG_x86.dll
 0004:00000238       __imp_??0RenderOutput@Cm@physx@@QAE@AAVRenderBuffer@12@@Z 100ed238     PhysX3CommonDEBUG_x86:PhysX3CommonDEBUG_x86.dll
 0004:0000023c       __imp_?deallocate@NamedAllocator@shdfnd@physx@@QAEXPAX@Z 100ed23c     PhysX3CommonDEBUG_x86:PhysX3CommonDEBUG_x86.dll
 0004:00000240       __imp_?allocate@NamedAllocator@shdfnd@physx@@QAEPAXIPBDH@Z 100ed240     PhysX3CommonDEBUG_x86:PhysX3CommonDEBUG_x86.dll
 0004:00000244       __imp_??1NamedAllocator@shdfnd@physx@@QAE@XZ 100ed244     PhysX3CommonDEBUG_x86:PhysX3CommonDEBUG_x86.dll
 0004:00000248       __imp_??0NamedAllocator@shdfnd@physx@@QAE@ABV012@@Z 100ed248     PhysX3CommonDEBUG_x86:PhysX3CommonDEBUG_x86.dll
 0004:0000024c       __imp_??0NamedAllocator@shdfnd@physx@@QAE@PBD@Z 100ed24c     PhysX3CommonDEBUG_x86:PhysX3CommonDEBUG_x86.dll
 0004:00000250       __imp_?computePenetration@PxGeometryQuery@physx@@SA_NAAVPxVec3@2@AAMABVPxGeometry@2@ABVPxTransform@2@23@Z 100ed250     PhysX3CommonDEBUG_x86:PhysX3CommonDEBUG_x86.dll
 0004:00000254       __imp_?sweep@PxGeometryQuery@physx@@SA_NABVPxVec3@2@MABVPxGeometry@2@ABVPxTransform@2@12AAUPxSweepHit@2@V?$PxFlags@W4Enum@PxHitFlag@physx@@G@2@M@Z 100ed254     PhysX3CommonDEBUG_x86:PhysX3CommonDEBUG_x86.dll
 0004:00000258       __imp_?PxTransformFromSegment@physx@@YA?AVPxTransform@1@ABVPxVec3@1@0PAM@Z 100ed258     PhysX3CommonDEBUG_x86:PhysX3CommonDEBUG_x86.dll
 0004:0000025c       __imp_?unlock@MutexImpl@shdfnd@physx@@QAEXXZ 100ed25c     PhysX3CommonDEBUG_x86:PhysX3CommonDEBUG_x86.dll
 0004:00000260       __imp_?lock@MutexImpl@shdfnd@physx@@QAEXXZ 100ed260     PhysX3CommonDEBUG_x86:PhysX3CommonDEBUG_x86.dll
 0004:00000264       __imp_?deallocate@Allocator@shdfnd@physx@@QAEXPAX@Z 100ed264     PhysX3CommonDEBUG_x86:PhysX3CommonDEBUG_x86.dll
 0004:00000268       __imp_??0Allocator@shdfnd@physx@@QAE@PBD@Z 100ed268     PhysX3CommonDEBUG_x86:PhysX3CommonDEBUG_x86.dll
 0004:0000026c       __imp__PxGetFoundation     100ed26c     PhysX3CommonDEBUG_x86:PhysX3CommonDEBUG_x86.dll
 0004:00000270       __imp_?PxGetAssertHandler@physx@@YAAAVPxAssertHandler@1@XZ 100ed270     PhysX3CommonDEBUG_x86:PhysX3CommonDEBUG_x86.dll
 0004:00000274       __imp_?findOverlapTriangleMesh@PxMeshQuery@physx@@SAIABVPxGeometry@2@ABVPxTransform@2@ABVPxTriangleMeshGeometry@2@1PAIIIAA_N@Z 100ed274     PhysX3CommonDEBUG_x86:PhysX3CommonDEBUG_x86.dll
 0004:00000278       __imp_?findOverlapHeightField@PxMeshQuery@physx@@SAIABVPxGeometry@2@ABVPxTransform@2@ABVPxHeightFieldGeometry@2@1PAIIIAA_N@Z 100ed278     PhysX3CommonDEBUG_x86:PhysX3CommonDEBUG_x86.dll
 0004:0000027c       __imp_?PxDiagonalize@physx@@YA?AVPxVec3@1@ABVPxMat33@1@AAVPxQuat@1@@Z 100ed27c     PhysX3CommonDEBUG_x86:PhysX3CommonDEBUG_x86.dll
 0004:00000280       \177PhysX3CommonDEBUG_x86_NULL_THUNK_DATA 100ed280     PhysX3CommonDEBUG_x86:PhysX3CommonDEBUG_x86.dll
 0004:000002cc       __IMPORT_DESCRIPTOR_PhysX3CommonDEBUG_x86 100ed2cc     PhysX3CommonDEBUG_x86:PhysX3CommonDEBUG_x86.dll
 0004:000002e0       __IMPORT_DESCRIPTOR_KERNEL32 100ed2e0     kernel32:KERNEL32.dll
 0004:000002f4       __NULL_IMPORT_DESCRIPTOR   100ed2f4     PhysX3CommonDEBUG_x86:PhysX3CommonDEBUG_x86.dll
 0006:00000000       ___guard_check_icall_fptr  100f0000     LIBCMTD:guard_support.obj
